Component: ARM Compiler 5.06 update 7 (build 960) Tool: armlink [4d3601]

==============================================================================

Section Cross References

    startup_stm32f407xx.o(STACK) refers (Special) to heapauxi.o(.text) for __use_two_region_memory
    startup_stm32f407xx.o(HEAP) refers (Special) to heapauxi.o(.text) for __use_two_region_memory
    startup_stm32f407xx.o(RESET) refers (Special) to heapauxi.o(.text) for __use_two_region_memory
    startup_stm32f407xx.o(RESET) refers to startup_stm32f407xx.o(STACK) for __initial_sp
    startup_stm32f407xx.o(RESET) refers to startup_stm32f407xx.o(.text) for Reset_Handler
    startup_stm32f407xx.o(RESET) refers to stm32f4xx_it.o(i.NMI_Handler) for NMI_Handler
    startup_stm32f407xx.o(RESET) refers to stm32f4xx_it.o(i.HardFault_Handler) for HardFault_Handler
    startup_stm32f407xx.o(RESET) refers to stm32f4xx_it.o(i.MemManage_Handler) for MemManage_Handler
    startup_stm32f407xx.o(RESET) refers to stm32f4xx_it.o(i.BusFault_Handler) for BusFault_Handler
    startup_stm32f407xx.o(RESET) refers to stm32f4xx_it.o(i.UsageFault_Handler) for UsageFault_Handler
    startup_stm32f407xx.o(RESET) refers to stm32f4xx_it.o(i.SVC_Handler) for SVC_Handler
    startup_stm32f407xx.o(RESET) refers to stm32f4xx_it.o(i.DebugMon_Handler) for DebugMon_Handler
    startup_stm32f407xx.o(RESET) refers to stm32f4xx_it.o(i.PendSV_Handler) for PendSV_Handler
    startup_stm32f407xx.o(RESET) refers to stm32f4xx_it.o(i.SysTick_Handler) for SysTick_Handler
    startup_stm32f407xx.o(RESET) refers to stm32f4xx_it.o(i.EXTI2_IRQHandler) for EXTI2_IRQHandler
    startup_stm32f407xx.o(RESET) refers to stm32f4xx_it.o(i.EXTI3_IRQHandler) for EXTI3_IRQHandler
    startup_stm32f407xx.o(RESET) refers to stm32f4xx_it.o(i.EXTI4_IRQHandler) for EXTI4_IRQHandler
    startup_stm32f407xx.o(RESET) refers to stm32f4xx_it.o(i.CAN1_RX0_IRQHandler) for CAN1_RX0_IRQHandler
    startup_stm32f407xx.o(RESET) refers to stm32f4xx_it.o(i.EXTI9_5_IRQHandler) for EXTI9_5_IRQHandler
    startup_stm32f407xx.o(RESET) refers to stm32f4xx_it.o(i.TIM2_IRQHandler) for TIM2_IRQHandler
    startup_stm32f407xx.o(RESET) refers to stm32f4xx_it.o(i.SDIO_IRQHandler) for SDIO_IRQHandler
    startup_stm32f407xx.o(RESET) refers to stm32f4xx_it.o(i.DMA2_Stream0_IRQHandler) for DMA2_Stream0_IRQHandler
    startup_stm32f407xx.o(RESET) refers to stm32f4xx_it.o(i.DMA2_Stream3_IRQHandler) for DMA2_Stream3_IRQHandler
    startup_stm32f407xx.o(RESET) refers to stm32f4xx_it.o(i.DMA2_Stream6_IRQHandler) for DMA2_Stream6_IRQHandler
    startup_stm32f407xx.o(.text) refers (Special) to heapauxi.o(.text) for __use_two_region_memory
    startup_stm32f407xx.o(.text) refers to system_stm32f4xx.o(i.SystemInit) for SystemInit
    startup_stm32f407xx.o(.text) refers to __main.o(!!!main) for __main
    startup_stm32f407xx.o(.text) refers to startup_stm32f407xx.o(HEAP) for Heap_Mem
    startup_stm32f407xx.o(.text) refers to startup_stm32f407xx.o(STACK) for Stack_Mem
    main.o(i.CAN_Txsetup) refers to stm32f4xx_hal_can.o(i.HAL_CAN_Start) for HAL_CAN_Start
    main.o(i.CAN_Txsetup) refers to can.o(.bss) for hcan1
    main.o(i.CAN_Txsetup) refers to main.o(.bss) for .bss
    main.o(i.CAN_Txsetup) refers to main.o(.data) for .data
    main.o(i.CAN_filterConfig) refers to stm32f4xx_hal_can.o(i.HAL_CAN_ConfigFilter) for HAL_CAN_ConfigFilter
    main.o(i.CAN_filterConfig) refers to stm32f4xx_hal_can.o(i.HAL_CAN_ActivateNotification) for HAL_CAN_ActivateNotification
    main.o(i.CAN_filterConfig) refers to can.o(.bss) for hcan1
    main.o(i.HAL_CAN_RxFifo0MsgPendingCallback) refers to stm32f4xx_hal_can.o(i.HAL_CAN_GetRxMessage) for HAL_CAN_GetRxMessage
    main.o(i.HAL_CAN_RxFifo0MsgPendingCallback) refers to stm32f4xx_hal_gpio.o(i.HAL_GPIO_WritePin) for HAL_GPIO_WritePin
    main.o(i.HAL_CAN_RxFifo0MsgPendingCallback) refers to main.o(.data) for .data
    main.o(i.HAL_CAN_RxFifo0MsgPendingCallback) refers to main.o(.bss) for .bss
    main.o(i.HAL_TIM_PeriodElapsedCallback) refers to _printf_pad.o(.text) for _printf_pre_padding
    main.o(i.HAL_TIM_PeriodElapsedCallback) refers to _printf_percent.o(.ARM.Collect$$_printf_percent$$00000000) for _printf_percent
    main.o(i.HAL_TIM_PeriodElapsedCallback) refers to _printf_d.o(.ARM.Collect$$_printf_percent$$00000009) for _printf_d
    main.o(i.HAL_TIM_PeriodElapsedCallback) refers to _printf_dec.o(.text) for _printf_int_dec
    main.o(i.HAL_TIM_PeriodElapsedCallback) refers to stm32f4xx_hal_can.o(i.HAL_CAN_AddTxMessage) for HAL_CAN_AddTxMessage
    main.o(i.HAL_TIM_PeriodElapsedCallback) refers to stm32f4xx_hal_gpio.o(i.HAL_GPIO_WritePin) for HAL_GPIO_WritePin
    main.o(i.HAL_TIM_PeriodElapsedCallback) refers to main.o(i.torque_to_can) for torque_to_can
    main.o(i.HAL_TIM_PeriodElapsedCallback) refers to stm32f4xx_hal_iwdg.o(i.HAL_IWDG_Refresh) for HAL_IWDG_Refresh
[...]
    _signal_finish                            - Undefined Weak Reference
    _signal_init                              - Undefined Weak Reference
    _terminate_alloc                          - Undefined Weak Reference
    _terminate_user_alloc                     - Undefined Weak Reference
    _terminateio                              - Undefined Weak Reference
    __Vectors_Size                           0x00000188   Number         0  startup_stm32f407xx.o ABSOLUTE
    __Vectors                                0x08000000   Data           4  startup_stm32f407xx.o(RESET)
    __Vectors_End                            0x08000188   Data           0  startup_stm32f407xx.o(RESET)
    __main                                   0x08000189   Thumb Code     8  __main.o(!!!main)
    __scatterload                            0x08000191   Thumb Code     0  __scatter.o(!!!scatter)
    __scatterload_rt2                        0x08000191   Thumb Code    44  __scatter.o(!!!scatter)
    __scatterload_rt2_thumb_only             0x08000191   Thumb Code     0  __scatter.o(!!!scatter)
    __scatterload_null                       0x0800019f   Thumb Code     0  __scatter.o(!!!scatter)
    __scatterload_copy                       0x080001c5   Thumb Code    26  __scatter_copy.o(!!handler_copy)
    __scatterload_zeroinit                   0x080001e1   Thumb Code    28  __scatter_zi.o(!!handler_zi)
    _printf_d                                0x080001fd   Thumb Code     0  _printf_d.o(.ARM.Collect$$_printf_percent$$00000009)
    _printf_percent                          0x080001fd   Thumb Code     0  _printf_percent.o(.ARM.Collect$$_printf_percent$$00000000)
    _printf_percent_end                      0x08000203   Thumb Code     0  _printf_percent_end.o(.ARM.Collect$$_printf_percent$$00000017)
    __rt_lib_init                            0x08000207   Thumb Code     0  libinit.o(.ARM.Collect$$libinit$$00000000)
    __rt_lib_init_fp_1                       0x08000209   Thumb Code     0  libinit2.o(.ARM.Collect$$libinit$$00000001)
    __rt_lib_init_alloca_1                   0x0800020d   Thumb Code     0  libinit2.o(.ARM.Collect$$libinit$$0000002E)
    __rt_lib_init_argv_1                     0x0800020d   Thumb Code     0  libinit2.o(.ARM.Collect$$libinit$$0000002C)
    __rt_lib_init_atexit_1                   0x0800020d   Thumb Code     0  libinit2.o(.ARM.Collect$$libinit$$0000001B)
    __rt_lib_init_clock_1                    0x0800020d   Thumb Code     0  libinit2.o(.ARM.Collect$$libinit$$00000021)
    __rt_lib_init_cpp_1                      0x0800020d   Thumb Code     0  libinit2.o(.ARM.Collect$$libinit$$00000032)
    __rt_lib_init_exceptions_1               0x0800020d   Thumb Code     0  libinit2.o(.ARM.Collect$$libinit$$00000030)
    __rt_lib_init_fp_trap_1                  0x0800020d   Thumb Code     0  libinit2.o(.ARM.Collect$$libinit$$0000001F)
    __rt_lib_init_getenv_1                   0x0800020d   Thumb Code     0  libinit2.o(.ARM.Collect$$libinit$$00000023)
    __rt_lib_init_heap_1                     0x0800020d   Thumb Code     0  libinit2.o(.ARM.Collect$$libinit$$0000000A)
    __rt_lib_init_lc_collate_1               0x0800020d   Thumb Code     0  libinit2.o(.ARM.Collect$$libinit$$00000011)
    __rt_lib_init_lc_ctype_1                 0x0800020d   Thumb Code     0  libinit2.o(.ARM.Collect$$libinit$$00000013)
    __rt_lib_init_lc_monetary_1              0x0800020d   Thumb Code     0  libinit2.o(.ARM.Collect$$libinit$$00000015)
    __rt_lib_init_lc_numeric_1               0x0800020d   Thumb Code     0  libinit2.o(.ARM.Collect$$libinit$$00000017)
    __rt_lib_init_lc_time_1                  0x0800020d   Thumb Code     0  libinit2.o(.ARM.Collect$$libinit$$00000019)
    __rt_lib_init_preinit_1                  0x0800020d   Thumb Code     0  libinit2.o(.ARM.Collect$$libinit$$00000004)
    __rt_lib_init_rand_1                     0x0800020d   Thumb Code     0  libinit2.o(.ARM.Collect$$libinit$$0000000E)
    __rt_lib_init_return                     0x0800020d   Thumb Code     0  libinit2.o(.ARM.Collect$$libinit$$00000033)
    __rt_lib_init_signal_1                   0x0800020d   Thumb Code     0  libinit2.o(.ARM.Collect$$libinit$$0000001D)
    __rt_lib_init_stdio_1                    0x0800020d   Thumb Code     0  libinit2.o(.ARM.Collect$$libinit$$00000025)
    __rt_lib_init_user_alloc_1               0x0800020d   Thumb Code     0  libinit2.o(.ARM.Collect$$libinit$$0000000C)
    __rt_lib_shutdown                        0x0800020f   Thumb Code     0  libshutdown.o(.ARM.Collect$$libshutdown$$00000000)
    __rt_lib_shutdown_cpp_1                  0x08000211   Thumb Code     0  libshutdown2.o(.ARM.Collect$$libshutdown$$00000004)
    __rt_lib_shutdown_fini_1                 0x08000211   Thumb Code     0  libshutdown2.o(.ARM.Collect$$libshutdown$$00000002)
    __rt_lib_shutdown_fp_trap_1              0x08000211   Thumb Code     0  libshutdown2.o(.ARM.Collect$$libshutdown$$00000009)
    __rt_lib_shutdown_heap_1                 0x08000211   Thumb Code     0  libshutdown2.o(.ARM.Collect$$libshutdown$$00000011)
    __rt_lib_shutdown_return                 0x08000211   Thumb Code     0  libshutdown2.o(.ARM.Collect$$libshutdown$$00000012)
    __rt_lib_shutdown_signal_1               0x08000211   Thumb Code     0  libshutdown2.o(.ARM.Collect$$libshutdown$$0000000C)
    __rt_lib_shutdown_stdio_1                0x08000211   Thumb Code     0  libshutdown2.o(.ARM.Collect$$libshutdown$$00000006)
    __rt_lib_shutdown_user_alloc_1           0x08000211   Thumb Code     0  libshutdown2.o(.ARM.Collect$$libshutdown$$0000000E)
    __rt_entry                               0x08000213   Thumb Code     0  __rtentry.o(.ARM.Collect$$rtentry$$00000000)
    __rt_entry_presh_1                       0x08000213   Thumb Code     0  __rtentry2.o(.ARM.Collect$$rtentry$$00000002)
    __rt_entry_sh                            0x08000213   Thumb Code     0  __rtentry4.o(.ARM.Collect$$rtentry$$00000004)
    __rt_entry_li                            0x08000219   Thumb Code     0  __rtentry2.o(.ARM.Collect$$rtentry$$0000000A)
    __rt_entry_postsh_1                      0x08000219   Thumb Code     0  __rtentry2.o(.ARM.Collect$$rtentry$$00000009)
    __rt_entry_main                          0x0800021d   Thumb Code     0  __rtentry2.o(.ARM.Collect$$rtentry$$0000000D)
    __rt_entry_postli_1                      0x0800021d   Thumb Code     0  __rtentry2.o(.ARM.Collect$$rtentry$$0000000C)
    __rt_exit                                0x08000225   Thumb Code     0  rtexit.o(.ARM.Collect$$rtexit$$00000000)
    __rt_exit_ls                             0x08000227   Thumb Code     0  rtexit2.o(.ARM.Collect$$rtexit$$00000003)
    __rt_exit_prels_1                        0x08000227   Thumb Code     0  rtexit2.o(.ARM.Collect$$rtexit$$00000002)
    __rt_exit_exit                           0x0800022b   Thumb Code     0  rtexit2.o(.ARM.Collect$$rtexit$$00000004)
    Reset_Handler                            0x08000231   Thumb Code     8  startup_stm32f407xx.o(.text)
    ADC_IRQHandler                           0x0800024b   Thumb Code     0  startup_stm32f407xx.o(.text)
    CAN1_RX1_IRQHandler                      0x0800024b   Thumb Code     0  startup_stm32f407xx.o(.text)
    CAN1_SCE_IRQHandler                      0x0800024b   Thumb Code     0  startup_stm32f407xx.o(.text)
    CAN1_TX_IRQHandler                       0x0800024b   Thumb Code     0  startup_stm32f407xx.o(.text)
    CAN2_RX0_IRQHandler                      0x0800024b   Thumb Code     0  startup_stm32f407xx.o(.text)
    CAN2_RX1_IRQHandler                      0x0800024b   Thumb Code     0  startup_stm32f407xx.o(.text)
    CAN2_SCE_IRQHandler                      0x0800024b   Thumb Code     0  startup_stm32f407xx.o(.text)
    CAN2_TX_IRQHandler                       0x0800024b   Thumb Code     0  startup_stm32f407xx.o(.text)
    DCMI_IRQHandler                          0x0800024b   Thumb Code     0  startup_stm32f407xx.o(.text)
    DMA1_Stream0_IRQHandler                  0x0800024b   Thumb Code     0  startup_stm32f407xx.o(.text)
    DMA1_Stream1_IRQHandler                  0x0800024b   Thumb Code     0  startup_stm32f407xx.o(.text)
    DMA1_Stream2_IRQHandler                  0x0800024b   Thumb Code     0  startup_stm32f407xx.o(.text)
    DMA1_Stream3_IRQHandler                  0x0800024b   Thumb Code     0  startup_stm32f407xx.o(.text)
    DMA1_Stream4_IRQHandler                  0x0800024b   Thumb Code     0  startup_stm32f407xx.o(.text)
    DMA1_Stream5_IRQHandler                  0x0800024b   Thumb Code     0  startup_stm32f407xx.o(.text)
    DMA1_Stream6_IRQHandler                  0x0800024b   Thumb Code     0  startup_stm32f407xx.o(.text)
    DMA1_Stream7_IRQHandler                  0x0800024b   Thumb Code     0  startup_stm32f407xx.o(.text)
    DMA2_Stream1_IRQHandler                  0x0800024b   Thumb Code     0  startup_stm32f407xx.o(.text)
    DMA2_Stream2_IRQHandler                  0x0800024b   Thumb Code     0  startup_stm32f407xx.o(.text)
    DMA2_Stream4_IRQHandler                  0x0800024b   Thumb Code     0  startup_stm32f407xx.o(.text)
    DMA2_Stream5_IRQHandler                  0x0800024b   Thumb Code     0  startup_stm32f407xx.o(.text)
    DMA2_Stream7_IRQHandler                  0x0800024b   Thumb Code     0  startup_stm32f407xx.o(.text)
    ETH_IRQHandler                           0x0800024b   Thumb Code     0  startup_stm32f407xx.o(.text)
    ETH_WKUP_IRQHandler                      0x0800024b   Thumb Code     0  startup_stm32f407xx.o(.text)
    EXTI0_IRQHandler                         0x0800024b   Thumb Code     0  startup_stm32f407xx.o(.text)
    EXTI15_10_IRQHandler                     0x0800024b   Thumb Code     0  startup_stm32f407xx.o(.text)
    EXTI1_IRQHandler                         0x0800024b   Thumb Code     0  startup_stm32f407xx.o(.text)
    FLASH_IRQHandler                         0x0800024b   Thumb Code     0  startup_stm32f407xx.o(.text)
    FMC_IRQHandler                           0x0800024b   Thumb Code     0  startup_stm32f407xx.o(.text)
    FPU_IRQHandler                           0x0800024b   Thumb Code     0  startup_stm32f407xx.o(.text)
    HASH_RNG_IRQHandler                      0x0800024b   Thumb Code     0  startup_stm32f407xx.o(.text)
    I2C1_ER_IRQHandler                       0x0800024b   Thumb Code     0  startup_stm32f407xx.o(.text)
    I2C1_EV_IRQHandler                       0x0800024b   Thumb Code     0  startup_stm32f407xx.o(.text)
    I2C2_ER_IRQHandler                       0x0800024b   Thumb Code     0  startup_stm32f407xx.o(.text)
    I2C2_EV_IRQHandler                       0x0800024b   Thumb Code     0  startup_stm32f407xx.o(.text)
    I2C3_ER_IRQHandler                       0x0800024b   Thumb Code     0  startup_stm32f407xx.o(.text)
    I2C3_EV_IRQHandler                       0x0800024b   Thumb Code     0  startup_stm32f407xx.o(.text)
    OTG_FS_IRQHandler                        0x0800024b   Thumb Code     0  startup_stm32f407xx.o(.text)
    OTG_FS_WKUP_IRQHandler                   0x0800024b   Thumb Code     0  startup_stm32f407xx.o(.text)
    OTG_HS_EP1_IN_IRQHandler                 0x0800024b   Thumb Code     0  startup_stm32f407xx.o(.text)
    OTG_HS_EP1_OUT_IRQHandler                0x0800024b   Thumb Code     0  startup_stm32f407xx.o(.text)
    OTG_HS_IRQHandler                        0x0800024b   Thumb Code     0  startup_stm32f407xx.o(.text)
    OTG_HS_WKUP_IRQHandler                   0x0800024b   Thumb Code     0  startup_stm32f407xx.o(.text)
    PVD_IRQHandler                           0x0800024b   Thumb Code     0  startup_stm32f407xx.o(.text)
    RCC_IRQHandler                           0x0800024b   Thumb Code     0  startup_stm32f407xx.o(.text)
    RTC_Alarm_IRQHandler                     0x0800024b   Thumb Code     0  startup_stm32f407xx.o(.text)
    RTC_WKUP_IRQHandler                      0x0800024b   Thumb Code     0  startup_stm32f407xx.o(.text)
    SPI1_IRQHandler                          0x0800024b   Thumb Code     0  startup_stm32f407xx.o(.text)
    SPI2_IRQHandler                          0x0800024b   Thumb Code     0  startup_stm32f407xx.o(.text)
    SPI3_IRQHandler                          0x0800024b   Thumb Code     0  startup_stm32f407xx.o(.text)
    TAMP_STAMP_IRQHandler                    0x0800024b   Thumb Code     0  startup_stm32f407xx.o(.text)
    TIM1_BRK_TIM9_IRQHandler                 0x0800024b   Thumb Code     0  startup_stm32f407xx.o(.text)
    TIM1_CC_IRQHandler                       0x0800024b   Thumb Code     0  startup_stm32f407xx.o(.text)
    TIM1_TRG_COM_TIM11_IRQHandler            0x0800024b   Thumb Code     0  startup_stm32f407xx.o(.text)
    TIM1_UP_TIM10_IRQHandler                 0x0800024b   Thumb Code     0  startup_stm32f407xx.o(.text)
    TIM3_IRQHandler                          0x0800024b   Thumb Code     0  startup_stm32f407xx.o(.text)
    TIM4_IRQHandler                          0x0800024b   Thumb Code     0  startup_stm32f407xx.o(.text)
    TIM5_IRQHandler                          0x0800024b   Thumb Code     0  startup_stm32f407xx.o(.text)
    TIM6_DAC_IRQHandler                      0x0800024b   Thumb Code     0  startup_stm32f407xx.o(.text)
    TIM7_IRQHandler                          0x0800024b   Thumb Code     0  startup_stm32f407xx.o(.text)
    TIM8_BRK_TIM12_IRQHandler                0x0800024b   Thumb Code     0  startup_stm32f407xx.o(.text)
    TIM8_CC_IRQHandler                       0x0800024b   Thumb Code     0  startup_stm32f407xx.o(.text)
    TIM8_TRG_COM_TIM14_IRQHandler            0x0800024b   Thumb Code     0  startup_stm32f407xx.o(.text)
    TIM8_UP_TIM13_IRQHandler                 0x0800024b   Thumb Code     0  startup_stm32f407xx.o(.text)
    UART4_IRQHandler                         0x0800024b   Thumb Code     0  startup_stm32f407xx.o(.text)
    UART5_IRQHandler                         0x0800024b   Thumb Code     0  startup_stm32f407xx.o(.text)
    USART1_IRQHandler                        0x0800024b   Thumb Code     0  startup_stm32f407xx.o(.text)
    USART2_IRQHandler                        0x0800024b   Thumb Code     0  startup_stm32f407xx.o(.text)
    USART3_IRQHandler                        0x0800024b   Thumb Code     0  startup_stm32f407xx.o(.text)
    USART6_IRQHandler                        0x0800024b   Thumb Code     0  startup_stm32f407xx.o(.text)
    WWDG_IRQHandler                          0x0800024b   Thumb Code     0  startup_stm32f407xx.o(.text)
    __user_initial_stackheap                 0x0800024d   Thumb Code     0  startup_stm32f407xx.o(.text)
    __aeabi_uldivmod                         0x08000271   Thumb Code     0  lludivv7m.o(.text)
    _ll_udiv                                 0x08000271   Thumb Code   238  lludivv7m.o(.text)
    __2sprintf                               0x08000361   Thumb Code    34  noretval__2sprintf.o(.text)
    _printf_pre_padding                      0x08000389   Thumb Code    44  _printf_pad.o(.text)
    _printf_post_padding                     0x080003b5   Thumb Code    34  _printf_pad.o(.text)
    _printf_int_dec                          0x080003d9   Thumb Code   104  _printf_dec.o(.text)
    __printf                                 0x08000451   Thumb Code   270  __printf_wp.o(.text)
    strlen                                   0x0800055f   Thumb Code    62  strlen.o(.text)
    __aeabi_memclr4                          0x0800059d   Thumb Code     0  rt_memclr_w.o(.text)
    __aeabi_memclr8                          0x0800059d   Thumb Code     0  rt_memclr_w.o(.text)
    __rt_memclr_w                            0x0800059d   Thumb Code    78  rt_memclr_w.o(.text)
    _memset_w                                0x080005a1   Thumb Code     0  rt_memclr_w.o(.text)
    __use_two_region_memory                  0x080005eb   Thumb Code     2  heapauxi.o(.text)
    __rt_heap_escrow$2region                 0x080005ed   Thumb Code     2  heapauxi.o(.text)
    __rt_heap_expand$2region                 0x080005ef   Thumb Code     2  heapauxi.o(.text)
    _printf_int_common                       0x080005f1   Thumb Code   178  _printf_intcommon.o(.text)
    _printf_char_common                      0x080006af   Thumb Code    32  _printf_char_common.o(.text)
    _sputc                                   0x080006d5   Thumb Code    10  _sputc.o(.text)
    __user_setup_stackheap                   0x080006df   Thumb Code    74  sys_stackheap_outer.o(.text)
    exit                                     0x08000729   Thumb Code    18  exit.o(.text)
    __user_libspace                          0x0800073d   Thumb Code     8  libspace.o(.text)
    __user_perproc_libspace                  0x0800073d   Thumb Code     0  libspace.o(.text)
    __user_perthread_libspace                0x0800073d   Thumb Code     0  libspace.o(.text)
    _sys_exit                                0x08000745   Thumb Code     8  sys_exit.o(.text)
    __I$use$semihosting                      0x08000751   Thumb Code     0  use_no_semi.o(.text)
    __use_no_semihosting_swi                 0x08000751   Thumb Code     2  use_no_semi.o(.text)
    __semihosting_library_function           0x08000753   Thumb Code     0  indicate_semi.o(.text)
    BSP_SD_AbortCallback                     0x08000909   Thumb Code     2  bsp_driver_sd.o(i.BSP_SD_AbortCallback)
    BSP_SD_GetCardInfo                       0x0800090d   Thumb Code     8  bsp_driver_sd.o(i.BSP_SD_GetCardInfo)
    BSP_SD_GetCardState                      0x08000919   Thumb Code    20  bsp_driver_sd.o(i.BSP_SD_GetCardState)
    BSP_SD_Init                              0x08000931   Thumb Code    42  bsp_driver_sd.o(i.BSP_SD_Init)
    BSP_SD_IsDetected                        0x08000961   Thumb Code    14  bsp_driver_sd.o(i.BSP_SD_IsDetected)
    BSP_SD_ReadBlocks                        0x08000971   Thumb Code    26  bsp_driver_sd.o(i.BSP_SD_ReadBlocks)
    BSP_SD_ReadCpltCallback                  0x08000991   Thumb Code     2  bsp_driver_sd.o(i.BSP_SD_ReadCpltCallback)
    BSP_SD_WriteBlocks                       0x08000995   Thumb Code    26  bsp_driver_sd.o(i.BSP_SD_WriteBlocks)
    BSP_SD_WriteCpltCallback                 0x080009b5   Thumb Code     2  bsp_driver_sd.o(i.BSP_SD_WriteCpltCallback)
    BusFault_Handler                         0x080009b7   Thumb Code     2  stm32f4xx_it.o(i.BusFault_Handler)
    CAN1_RX0_IRQHandler                      0x080009b9   Thumb Code     6  stm32f4xx_it.o(i.CAN1_RX0_IRQHandler)
    CAN_Txsetup                              0x080009c5   Thumb Code   156  main.o(i.CAN_Txsetup)
    CAN_filterConfig                         0x08000a6d   Thumb Code    64  main.o(i.CAN_filterConfig)
    DMA2_Stream0_IRQHandler                  0x08000ab1   Thumb Code     6  stm32f4xx_it.o(i.DMA2_Stream0_IRQHandler)
    DMA2_Stream3_IRQHandler                  0x08000abd   Thumb Code     6  stm32f4xx_it.o(i.DMA2_Stream3_IRQHandler)
    DMA2_Stream6_IRQHandler                  0x08000ac9   Thumb Code     6  stm32f4xx_it.o(i.DMA2_Stream6_IRQHandler)
    DebugMon_Handler                         0x08000b79   Thumb Code     2  stm32f4xx_it.o(i.DebugMon_Handler)
    EXTI2_IRQHandler                         0x08000b7b   Thumb Code     6  stm32f4xx_it.o(i.EXTI2_IRQHandler)
    EXTI3_IRQHandler                         0x08000b81   Thumb Code     6  stm32f4xx_it.o(i.EXTI3_IRQHandler)
    EXTI4_IRQHandler                         0x08000b87   Thumb Code     6  stm32f4xx_it.o(i.EXTI4_IRQHandler)
    EXTI9_5_IRQHandler                       0x08000b8d   Thumb Code     6  stm32f4xx_it.o(i.EXTI9_5_IRQHandler)
    Error_Handler                            0x08000b93   Thumb Code     4  main.o(i.Error_Handler)
    FATFS_LinkDriver                         0x08000b97   Thumb Code     6  ff_gen_drv.o(i.FATFS_LinkDriver)
    FATFS_LinkDriverEx                       0x08000b9d   Thumb Code    58  ff_gen_drv.o(i.FATFS_LinkDriverEx)
    HAL_ADC_ConfigChannel                    0x08000bdd   Thumb Code   316  stm32f4xx_hal_adc.o(i.HAL_ADC_ConfigChannel)
    HAL_ADC_ConvCpltCallback                 0x08000d29   Thumb Code     2  stm32f4xx_hal_adc.o(i.HAL_ADC_ConvCpltCallback)
    HAL_ADC_ConvHalfCpltCallback             0x08000d2b   Thumb Code     2  stm32f4xx_hal_adc.o(i.HAL_ADC_ConvHalfCpltCallback)
    HAL_ADC_ErrorCallback                    0x08000d2d   Thumb Code     2  stm32f4xx_hal_adc.o(i.HAL_ADC_ErrorCallback)
    HAL_ADC_Init                             0x08000d2f   Thumb Code    84  stm32f4xx_hal_adc.o(i.HAL_ADC_Init)
    HAL_ADC_MspInit                          0x08000d85   Thumb Code   132  adc.o(i.HAL_ADC_MspInit)
    HAL_ADC_Start_DMA                        0x08000e1d   Thumb Code   302  stm32f4xx_hal_adc.o(i.HAL_ADC_Start_DMA)
    HAL_CAN_ActivateNotification             0x08000f71   Thumb Code    36  stm32f4xx_hal_can.o(i.HAL_CAN_ActivateNotification)
    HAL_CAN_AddTxMessage                     0x08000f95   Thumb Code   220  stm32f4xx_hal_can.o(i.HAL_CAN_AddTxMessage)
    HAL_CAN_ConfigFilter                     0x08001071   Thumb Code   262  stm32f4xx_hal_can.o(i.HAL_CAN_ConfigFilter)
    HAL_CAN_ErrorCallback                    0x0800117d   Thumb Code     2  stm32f4xx_hal_can.o(i.HAL_CAN_ErrorCallback)
    HAL_CAN_GetRxMessage                     0x0800117f   Thumb Code   232  stm32f4xx_hal_can.o(i.HAL_CAN_GetRxMessage)
    HAL_CAN_IRQHandler                       0x08001267   Thumb Code   508  stm32f4xx_hal_can.o(i.HAL_CAN_IRQHandler)
    HAL_CAN_Init                             0x08001463   Thumb Code   282  stm32f4xx_hal_can.o(i.HAL_CAN_Init)
    HAL_CAN_MspInit                          0x0800157d   Thumb Code    90  can.o(i.HAL_CAN_MspInit)
    HAL_CAN_RxFifo0FullCallback              0x080015e5   Thumb Code     2  stm32f4xx_hal_can.o(i.HAL_CAN_RxFifo0FullCallback)
    HAL_CAN_RxFifo0MsgPendingCallback        0x080015e9   Thumb Code   212  main.o(i.HAL_CAN_RxFifo0MsgPendingCallback)
    HAL_CAN_RxFifo1FullCallback              0x080016c9   Thumb Code     2  stm32f4xx_hal_can.o(i.HAL_CAN_RxFifo1FullCallback)
    HAL_CAN_RxFifo1MsgPendingCallback        0x080016cb   Thumb Code     2  stm32f4xx_hal_can.o(i.HAL_CAN_RxFifo1MsgPendingCallback)
    HAL_CAN_SleepCallback                    0x080016cd   Thumb Code     2  stm32f4xx_hal_can.o(i.HAL_CAN_SleepCallback)
    HAL_CAN_Start                            0x080016d1   Thumb Code    88  stm32f4xx_hal_can.o(i.HAL_CAN_Start)
    HAL_CAN_TxMailbox0AbortCallback          0x08001729   Thumb Code     2  stm32f4xx_hal_can.o(i.HAL_CAN_TxMailbox0AbortCallback)
    HAL_CAN_TxMailbox0CompleteCallback       0x0800172b   Thumb Code     2  stm32f4xx_hal_can.o(i.HAL_CAN_TxMailbox0CompleteCallback)
    HAL_CAN_TxMailbox1AbortCallback          0x0800172d   Thumb Code     2  stm32f4xx_hal_can.o(i.HAL_CAN_TxMailbox1AbortCallback)
    HAL_CAN_TxMailbox1CompleteCallback       0x0800172f   Thumb Code     2  stm32f4xx_hal_can.o(i.HAL_CAN_TxMailbox1CompleteCallback)
    HAL_CAN_TxMailbox2AbortCallback          0x08001731   Thumb Code     2  stm32f4xx_hal_can.o(i.HAL_CAN_TxMailbox2AbortCallback)
    HAL_CAN_TxMailbox2CompleteCallback       0x08001733   Thumb Code     2  stm32f4xx_hal_can.o(i.HAL_CAN_TxMailbox2CompleteCallback)
    HAL_CAN_WakeUpFromRxMsgCallback          0x08001735   Thumb Code     2  stm32f4xx_hal_can.o(i.HAL_CAN_WakeUpFromRxMsgCallback)
    HAL_DMA_Abort_IT                         0x08001737   Thumb Code    36  stm32f4xx_hal_dma.o(i.HAL_DMA_Abort_IT)
    HAL_DMA_IRQHandler                       0x0800175d   Thumb Code   412  stm32f4xx_hal_dma.o(i.HAL_DMA_IRQHandler)
    HAL_DMA_Init                             0x080018fd   Thumb Code   206  stm32f4xx_hal_dma.o(i.HAL_DMA_Init)
    HAL_DMA_Start_IT                         0x080019d1   Thumb Code   110  stm32f4xx_hal_dma.o(i.HAL_DMA_Start_IT)
    HAL_Delay                                0x08001a41   Thumb Code    32  stm32f4xx_hal.o(i.HAL_Delay)
    HAL_GPIO_EXTI_Callback                   0x08001a65   Thumb Code   194  gpio.o(i.HAL_GPIO_EXTI_Callback)
    HAL_GPIO_EXTI_IRQHandler                 0x08001b59   Thumb Code    18  stm32f4xx_hal_gpio.o(i.HAL_GPIO_EXTI_IRQHandler)
    HAL_GPIO_Init                            0x08001b71   Thumb Code   450  stm32f4xx_hal_gpio.o(i.HAL_GPIO_Init)
    HAL_GPIO_ReadPin                         0x08001d61   Thumb Code    10  stm32f4xx_hal_gpio.o(i.HAL_GPIO_ReadPin)
    HAL_GPIO_TogglePin                       0x08001d6b   Thumb Code    16  stm32f4xx_hal_gpio.o(i.HAL_GPIO_TogglePin)
    HAL_GPIO_WritePin                        0x08001d7b   Thumb Code    10  stm32f4xx_hal_gpio.o(i.HAL_GPIO_WritePin)
    HAL_GetTick                              0x08001d85   Thumb Code     6  stm32f4xx_hal.o(i.HAL_GetTick)
    HAL_IWDG_Init                            0x08001d91   Thumb Code    90  stm32f4xx_hal_iwdg.o(i.HAL_IWDG_Init)
    HAL_IWDG_Refresh                         0x08001deb   Thumb Code    12  stm32f4xx_hal_iwdg.o(i.HAL_IWDG_Refresh)
    HAL_IncTick                              0x08001df9   Thumb Code    12  stm32f4xx_hal.o(i.HAL_IncTick)
    HAL_Init                                 0x08001e09   Thumb Code    48  stm32f4xx_hal.o(i.HAL_Init)
    HAL_InitTick                             0x08001e3d   Thumb Code    54  stm32f4xx_hal.o(i.HAL_InitTick)
    HAL_MspInit                              0x08001e7d   Thumb Code    48  stm32f4xx_hal_msp.o(i.HAL_MspInit)
    HAL_NVIC_EnableIRQ                       0x08001eb1   Thumb Code    26  stm32f4xx_hal_cortex.o(i.HAL_NVIC_EnableIRQ)
    HAL_NVIC_SetPriority                     0x08001ecd   Thumb Code    60  stm32f4xx_hal_cortex.o(i.HAL_NVIC_SetPriority)
    HAL_NVIC_SetPriorityGrouping             0x08001f0d   Thumb Code    26  stm32f4xx_hal_cortex.o(i.HAL_NVIC_SetPriorityGrouping)
    HAL_RCC_ClockConfig                      0x08001f31   Thumb Code   288  stm32f4xx_hal_rcc.o(i.HAL_RCC_ClockConfig)
    HAL_RCC_GetSysClockFreq                  0x08002065   Thumb Code    88  stm32f4xx_hal_rcc.o(i.HAL_RCC_GetSysClockFreq)
    HAL_RCC_OscConfig                        0x080020c5   Thumb Code   856  stm32f4xx_hal_rcc.o(i.HAL_RCC_OscConfig)
    HAL_SD_AbortCallback                     0x08002431   Thumb Code     8  bsp_driver_sd.o(i.HAL_SD_AbortCallback)
    HAL_SD_ConfigWideBusOperation            0x08002439   Thumb Code   276  stm32f4xx_hal_sd.o(i.HAL_SD_ConfigWideBusOperation)
    HAL_SD_ErrorCallback                     0x08002551   Thumb Code     2  stm32f4xx_hal_sd.o(i.HAL_SD_ErrorCallback)
    HAL_SD_GetCardCSD                        0x08002555   Thumb Code   402  stm32f4xx_hal_sd.o(i.HAL_SD_GetCardCSD)
    HAL_SD_GetCardInfo                       0x080026ed   Thumb Code    36  stm32f4xx_hal_sd.o(i.HAL_SD_GetCardInfo)
    HAL_SD_GetCardState                      0x08002711   Thumb Code    44  stm32f4xx_hal_sd.o(i.HAL_SD_GetCardState)
    HAL_SD_IRQHandler                        0x0800273d   Thumb Code   512  stm32f4xx_hal_sd.o(i.HAL_SD_IRQHandler)
    HAL_SD_Init                              0x08002945   Thumb Code    54  stm32f4xx_hal_sd.o(i.HAL_SD_Init)
    HAL_SD_InitCard                          0x0800297d   Thumb Code   108  stm32f4xx_hal_sd.o(i.HAL_SD_InitCard)
    HAL_SD_MspInit                           0x080029f1   Thumb Code   332  sdio.o(i.HAL_SD_MspInit)
    HAL_SD_ReadBlocks                        0x08002b55   Thumb Code   468  stm32f4xx_hal_sd.o(i.HAL_SD_ReadBlocks)
    HAL_SD_RxCpltCallback                    0x08002d2d   Thumb Code     8  bsp_driver_sd.o(i.HAL_SD_RxCpltCallback)
    HAL_SD_TxCpltCallback                    0x08002d35   Thumb Code     8  bsp_driver_sd.o(i.HAL_SD_TxCpltCallback)
    HAL_SD_WriteBlocks                       0x08002d3d   Thumb Code   422  stm32f4xx_hal_sd.o(i.HAL_SD_WriteBlocks)
    HAL_SYSTICK_Config                       0x08002ee9   Thumb Code    40  stm32f4xx_hal_cortex.o(i.HAL_SYSTICK_Config)
    HAL_TIMEx_BreakCallback                  0x08002f11   Thumb Code     2  stm32f4xx_hal_tim_ex.o(i.HAL_TIMEx_BreakCallback)
    HAL_TIMEx_CommutCallback                 0x08002f13   Thumb Code     2  stm32f4xx_hal_tim_ex.o(i.HAL_TIMEx_CommutCallback)
    HAL_TIMEx_ConfigBreakDeadTime            0x08002f15   Thumb Code    84  stm32f4xx_hal_tim_ex.o(i.HAL_TIMEx_ConfigBreakDeadTime)
    HAL_TIMEx_MasterConfigSynchronization    0x08002f69   Thumb Code   116  stm32f4xx_hal_tim_ex.o(i.HAL_TIMEx_MasterConfigSynchronization)
    HAL_TIM_Base_Init                        0x08002ff9   Thumb Code    90  stm32f4xx_hal_tim.o(i.HAL_TIM_Base_Init)
    HAL_TIM_Base_MspInit                     0x08003055   Thumb Code    42  tim.o(i.HAL_TIM_Base_MspInit)
    HAL_TIM_Base_Start_IT                    0x08003089   Thumb Code   100  stm32f4xx_hal_tim.o(i.HAL_TIM_Base_Start_IT)
    HAL_TIM_ConfigClockSource                0x08003109   Thumb Code   220  stm32f4xx_hal_tim.o(i.HAL_TIM_ConfigClockSource)
    HAL_TIM_IC_CaptureCallback               0x080031e5   Thumb Code     2  stm32f4xx_hal_tim.o(i.HAL_TIM_IC_CaptureCallback)
    HAL_TIM_IRQHandler                       0x080031e7   Thumb Code   358  stm32f4xx_hal_tim.o(i.HAL_TIM_IRQHandler)
    HAL_TIM_MspPostInit                      0x0800334d   Thumb Code    72  tim.o(i.HAL_TIM_MspPostInit)
    HAL_TIM_OC_DelayElapsedCallback          0x080033a1   Thumb Code     2  stm32f4xx_hal_tim.o(i.HAL_TIM_OC_DelayElapsedCallback)
    HAL_TIM_PWM_ConfigChannel                0x080033a3   Thumb Code   204  stm32f4xx_hal_tim.o(i.HAL_TIM_PWM_ConfigChannel)
    HAL_TIM_PWM_Init                         0x0800346f   Thumb Code    90  stm32f4xx_hal_tim.o(i.HAL_TIM_PWM_Init)
    HAL_TIM_PWM_MspInit                      0x080034c9   Thumb Code     2  stm32f4xx_hal_tim.o(i.HAL_TIM_PWM_MspInit)
    HAL_TIM_PWM_PulseFinishedCallback        0x080034cb   Thumb Code     2  stm32f4xx_hal_tim.o(i.HAL_TIM_PWM_PulseFinishedCallback)
    HAL_TIM_PWM_Start                        0x080034cd   Thumb Code   172  stm32f4xx_hal_tim.o(i.HAL_TIM_PWM_Start)
    HAL_TIM_PeriodElapsedCallback            0x08003595   Thumb Code   372  main.o(i.HAL_TIM_PeriodElapsedCallback)
    HAL_TIM_TriggerCallback                  0x08003765   Thumb Code     2  stm32f4xx_hal_tim.o(i.HAL_TIM_TriggerCallback)
    HardFault_Handler                        0x08003767   Thumb Code     2  stm32f4xx_it.o(i.HardFault_Handler)
    MX_ADC1_Init                             0x08003769   Thumb Code   152  adc.o(i.MX_ADC1_Init)
    MX_CAN1_Init                             0x0800380d   Thumb Code    60  can.o(i.MX_CAN1_Init)
    MX_DMA_Init                              0x08003851   Thumb Code    56  dma.o(i.MX_DMA_Init)
    MX_FATFS_Init                            0x0800388d   Thumb Code    18  fatfs.o(i.MX_FATFS_Init)
    MX_GPIO_Init                             0x080038a9   Thumb Code   298  gpio.o(i.MX_GPIO_Init)
    MX_IWDG_Init                             0x080039e9   Thumb Code    36  iwdg.o(i.MX_IWDG_Init)
    MX_SDIO_SD_Init                          0x08003a7d   Thumb Code    22  sdio.o(i.MX_SDIO_SD_Init)
    MX_TIM1_Init                             0x08003a9d   Thumb Code   192  tim.o(i.MX_TIM1_Init)
    MX_TIM2_Init                             0x08003b65   Thumb Code    98  tim.o(i.MX_TIM2_Init)
    MemManage_Handler                        0x08003bcd   Thumb Code     2  stm32f4xx_it.o(i.MemManage_Handler)
    NMI_Handler                              0x08003bcf   Thumb Code     2  stm32f4xx_it.o(i.NMI_Handler)
    PendSV_Handler                           0x08003bd1   Thumb Code     2  stm32f4xx_it.o(i.PendSV_Handler)
    SDIO_ConfigData                          0x08003bd3   Thumb Code    36  stm32f4xx_ll_sdmmc.o(i.SDIO_ConfigData)
    SDIO_GetPowerState                       0x08003bf7   Thumb Code     8  stm32f4xx_ll_sdmmc.o(i.SDIO_GetPowerState)
    SDIO_GetResponse                         0x08003bff   Thumb Code     6  stm32f4xx_ll_sdmmc.o(i.SDIO_GetResponse)
    SDIO_IRQHandler                          0x08003c05   Thumb Code     6  stm32f4xx_it.o(i.SDIO_IRQHandler)
    SDIO_Init                                0x08003c11   Thumb Code    36  stm32f4xx_ll_sdmmc.o(i.SDIO_Init)
    SDIO_PowerState_ON                       0x08003c35   Thumb Code    16  stm32f4xx_ll_sdmmc.o(i.SDIO_PowerState_ON)
    SDIO_ReadFIFO                            0x08003c45   Thumb Code     6  stm32f4xx_ll_sdmmc.o(i.SDIO_ReadFIFO)
    SDIO_SendCommand                         0x08003c4b   Thumb Code    32  stm32f4xx_ll_sdmmc.o(i.SDIO_SendCommand)
    SDIO_WriteFIFO                           0x08003c6b   Thumb Code    10  stm32f4xx_ll_sdmmc.o(i.SDIO_WriteFIFO)
    SDMMC_CmdAppCommand                      0x08003c75   Thumb Code    50  stm32f4xx_ll_sdmmc.o(i.SDMMC_CmdAppCommand)
    SDMMC_CmdAppOperCommand                  0x08003ca9   Thumb Code    48  stm32f4xx_ll_sdmmc.o(i.SDMMC_CmdAppOperCommand)
    SDMMC_CmdBlockLength                     0x08003cdd   Thumb Code    50  stm32f4xx_ll_sdmmc.o(i.SDMMC_CmdBlockLength)
    SDMMC_CmdBusWidth                        0x08003d0f   Thumb Code    50  stm32f4xx_ll_sdmmc.o(i.SDMMC_CmdBusWidth)
    SDMMC_CmdGoIdleState                     0x08003d41   Thumb Code    74  stm32f4xx_ll_sdmmc.o(i.SDMMC_CmdGoIdleState)
    SDMMC_CmdOperCond                        0x08003d91   Thumb Code   112  stm32f4xx_ll_sdmmc.o(i.SDMMC_CmdOperCond)
    SDMMC_CmdReadMultiBlock                  0x08003e05   Thumb Code    50  stm32f4xx_ll_sdmmc.o(i.SDMMC_CmdReadMultiBlock)
    SDMMC_CmdReadSingleBlock                 0x08003e37   Thumb Code    50  stm32f4xx_ll_sdmmc.o(i.SDMMC_CmdReadSingleBlock)
    SDMMC_CmdSelDesel                        0x08003e69   Thumb Code    50  stm32f4xx_ll_sdmmc.o(i.SDMMC_CmdSelDesel)
    SDMMC_CmdSendCID                         0x08003e9b   Thumb Code    44  stm32f4xx_ll_sdmmc.o(i.SDMMC_CmdSendCID)
    SDMMC_CmdSendCSD                         0x08003ec7   Thumb Code    44  stm32f4xx_ll_sdmmc.o(i.SDMMC_CmdSendCSD)
    SDMMC_CmdSendSCR                         0x08003ef3   Thumb Code    48  stm32f4xx_ll_sdmmc.o(i.SDMMC_CmdSendSCR)
    SDMMC_CmdSendStatus                      0x08003f23   Thumb Code    50  stm32f4xx_ll_sdmmc.o(i.SDMMC_CmdSendStatus)
    SDMMC_CmdSetRelAdd                       0x08003f55   Thumb Code    48  stm32f4xx_ll_sdmmc.o(i.SDMMC_CmdSetRelAdd)
    SDMMC_CmdStopTransfer                    0x08003f85   Thumb Code    46  stm32f4xx_ll_sdmmc.o(i.SDMMC_CmdStopTransfer)
    SDMMC_CmdWriteMultiBlock                 0x08003fb9   Thumb Code    50  stm32f4xx_ll_sdmmc.o(i.SDMMC_CmdWriteMultiBlock)
    SDMMC_CmdWriteSingleBlock                0x08003feb   Thumb Code    50  stm32f4xx_ll_sdmmc.o(i.SDMMC_CmdWriteSingleBlock)
    SD_initialize                            0x0800457d   Thumb Code    28  sd_diskio.o(i.SD_initialize)
    SD_ioctl                                 0x0800459d   Thumb Code    76  sd_diskio.o(i.SD_ioctl)
    SD_read                                  0x080045ed   Thumb Code    38  sd_diskio.o(i.SD_read)
    SD_status                                0x08004613   Thumb Code     4  sd_diskio.o(i.SD_status)
    SD_write                                 0x08004619   Thumb Code    38  sd_diskio.o(i.SD_write)
    SVC_Handler                              0x0800463f   Thumb Code     2  stm32f4xx_it.o(i.SVC_Handler)
    SysTick_Handler                          0x08004641   Thumb Code     4  stm32f4xx_it.o(i.SysTick_Handler)
    SystemClock_Config                       0x08004645   Thumb Code   146  main.o(i.SystemClock_Config)
    SystemInit                               0x080046e1   Thumb Code    12  system_stm32f4xx.o(i.SystemInit)
    TIM2_IRQHandler                          0x080046f1   Thumb Code     6  stm32f4xx_it.o(i.TIM2_IRQHandler)
    TIM_Base_SetConfig                       0x080046fd   Thumb Code   156  stm32f4xx_hal_tim.o(i.TIM_Base_SetConfig)
    TIM_CCxChannelCmd                        0x080047c5   Thumb Code    26  stm32f4xx_hal_tim.o(i.TIM_CCxChannelCmd)
    TIM_ETR_SetConfig                        0x080047df   Thumb Code    20  stm32f4xx_hal_tim.o(i.TIM_ETR_SetConfig)
    TIM_OC2_SetConfig                        0x08004865   Thumb Code    98  stm32f4xx_hal_tim.o(i.TIM_OC2_SetConfig)
    UsageFault_Handler                       0x080049cf   Thumb Code     2  stm32f4xx_it.o(i.UsageFault_Handler)
    _is_digit                                0x080049f1   Thumb Code    14  __printf_wp.o(i._is_digit)
    check_safety                             0x08004a71   Thumb Code   142  main.o(i.check_safety)
    disk_initialize                          0x08004fbd   Thumb Code    36  diskio.o(i.disk_initialize)
    disk_ioctl                               0x08004fe5   Thumb Code    24  diskio.o(i.disk_ioctl)
    disk_read                                0x08005001   Thumb Code    24  diskio.o(i.disk_read)
    disk_status                              0x0800501d   Thumb Code    18  diskio.o(i.disk_status)
    disk_write                               0x08005035   Thumb Code    24  diskio.o(i.disk_write)
    driving_mode                             0x08005051   Thumb Code   114  main.o(i.driving_mode)
    f_close                                  0x080050cd   Thumb Code    40  ff.o(i.f_close)
    f_mount                                  0x080050f5   Thumb Code    84  ff.o(i.f_mount)
    f_open                                   0x0800514d   Thumb Code   534  ff.o(i.f_open)
    f_sync                                   0x08005369   Thumb Code   142  ff.o(i.f_sync)
    f_write                                  0x080053f7   Thumb Code   434  ff.o(i.f_write)
    get_fattime                              0x08005993   Thumb Code     4  fatfs.o(i.get_fattime)
    main                                     0x08005a9d   Thumb Code   314  main.o(i.main)
    map                                      0x08005c09   Thumb Code    36  main.o(i.map)
    torque_command                           0x08005f35   Thumb Code   102  main.o(i.torque_command)
    torque_to_can                            0x08005fb1   Thumb Code    52  main.o(i.torque_to_can)
    __fpl_dcmp_Inf                           0x0800601d   Thumb Code    24  dcmpi.o(x$fpl$dcmpinf)
    __aeabi_ddiv                             0x08006035   Thumb Code     0  ddiv.o(x$fpl$ddiv)
    _ddiv                                    0x08006035   Thumb Code   552  ddiv.o(x$fpl$ddiv)
    __aeabi_d2uiz                            0x080062e5   Thumb Code     0  dfixu.o(x$fpl$dfixu)
    _dfixu                                   0x080062e5   Thumb Code    90  dfixu.o(x$fpl$dfixu)
    __aeabi_i2d                              0x0800633f   Thumb Code     0  dflt_clz.o(x$fpl$dflt)
    _dflt                                    0x0800633f   Thumb Code    46  dflt_clz.o(x$fpl$dflt)
    __aeabi_ui2d                             0x0800636d   Thumb Code     0  dflt_clz.o(x$fpl$dfltu)
    _dfltu                                   0x0800636d   Thumb Code    38  dflt_clz.o(x$fpl$dfltu)
    __aeabi_cdcmple                          0x08006395   Thumb Code     0  dleqf.o(x$fpl$dleqf)
    _dcmple                                  0x08006395   Thumb Code   120  dleqf.o(x$fpl$dleqf)
    __fpl_dcmple_InfNaN                      0x080063f7   Thumb Code     0  dleqf.o(x$fpl$dleqf)
    __aeabi_dmul                             0x0800640d   Thumb Code     0  dmul.o(x$fpl$dmul)
    _dmul                                    0x0800640d   Thumb Code   332  dmul.o(x$fpl$dmul)
    __fpl_dnaninf                            0x08006561   Thumb Code   156  dnaninf.o(x$fpl$dnaninf)
    __fpl_dretinf                            0x080065fd   Thumb Code    12  dretinf.o(x$fpl$dretinf)
    __aeabi_cdrcmple                         0x08006609   Thumb Code     0  drleqf.o(x$fpl$drleqf)
    _drcmple                                 0x08006609   Thumb Code   108  drleqf.o(x$fpl$drleqf)
    _fp_init                                 0x08006675   Thumb Code    10  fpinit.o(x$fpl$fpinit)
    __fplib_config_fpu_vfp                   0x0800667d   Thumb Code     0  fpinit.o(x$fpl$fpinit)
    __fplib_config_pureend_doubles           0x0800667d   Thumb Code     0  fpinit.o(x$fpl$fpinit)
    __I$use$fp                               0x0800667e   Number         0  usenofp.o(x$fpl$usenofp)
    AHBPrescTable                            0x08006686   Data          16  system_stm32f4xx.o(.constdata)
    SD_Driver                                0x08006698   Data          20  sd_diskio.o(.constdata)
    Region$$Table$$Base                      0x08006748   Number         0  anon$$obj.o(Region$$Table)
    Region$$Table$$Limit                     0x08006768   Number         0  anon$$obj.o(Region$$Table)
    cycle                                    0x20000000   Data           1  main.o(.data)
    pedals                                   0x20000001   Data           1  main.o(.data)
    rtd_io                                   0x20000002   Data           1  main.o(.data)
    error                                    0x20000003   Data           1  main.o(.data)
    inverter_error_L                         0x20000004   Data           1  main.o(.data)
    inverter_error_R                         0x20000005   Data           1  main.o(.data)
    inverter_connect_L                       0x20000006   Data           1  main.o(.data)
    inverter_connect_R                       0x20000007   Data           1  main.o(.data)
    rtd_start                                0x20000008   Data           1  main.o(.data)
    record                                   0x20000009   Data           1  main.o(.data)
    precharge_io                             0x2000000a   Data           1  main.o(.data)
    clear_fault_io                           0x2000000b   Data           1  main.o(.data)
    direction                                0x2000000c   Data           1  main.o(.data)
    errorNumber                              0x2000000d   Data           1  main.o(.data)
    res                                      0x2000000e   Data           1  main.o(.data)
    APPS                                     0x20000010   Data           2  main.o(.data)
    rpm_right                                0x20000012   Data           2  main.o(.data)
    rpm_left                                 0x20000014   Data           2  main.o(.data)
    torque_ub                                0x20000016   Data           2  main.o(.data)
    commanded_torque                         0x20000018   Data           2  main.o(.data)
    torque_right                             0x2000001a   Data           2  main.o(.data)
    torque_left                              0x2000001c   Data           2  main.o(.data)
    inverter_alive_counter_R                 0x2000001e   Data           2  main.o(.data)
    inverter_alive_counter_L                 0x20000020   Data           2  main.o(.data)
    record_cnt                               0x20000022   Data           2  main.o(.data)
    Received_ID                              0x20000024   Data           2  main.o(.data)
    DC_voltage                               0x20000026   Data           2  main.o(.data)
    DC_current                               0x20000028   Data           2  main.o(.data)
    start_record_time                        0x2000002a   Data           2  main.o(.data)
    record_time                              0x2000002c   Data           2  main.o(.data)
    duration                                 0x20000030   Data           4  main.o(.data)
    TxMailbox                                0x20000034   Data           4  main.o(.data)
    startTime                                0x20000038   Data           4  main.o(.data)
    written                                  0x2000003c   Data           4  main.o(.data)
    TxData_R                                 0x20000040   Data           8  main.o(.data)
    TxData_L                                 0x20000048   Data           8  main.o(.data)
    RxData_R                                 0x20000050   Data           8  main.o(.data)
    RxData_L                                 0x20000058   Data           8  main.o(.data)
    TxData_clear                             0x20000060   Data           8  main.o(.data)
    RxData                                   0x20000068   Data           8  main.o(.data)
    file_name                                0x20000070   Data          20  main.o(.data)
    uwTickFreq                               0x20000084   Data           1  stm32f4xx_hal.o(.data)
    uwTickPrio                               0x20000088   Data           4  stm32f4xx_hal.o(.data)
    uwTick                                   0x2000008c   Data           4  stm32f4xx_hal.o(.data)
    SystemCoreClock                          0x20000090   Data           4  system_stm32f4xx.o(.data)
    retSD                                    0x20000095   Data           1  fatfs.o(.data)
    SDPath                                   0x20000096   Data           4  fatfs.o(.data)
    adcArr                                   0x200000a4   Data          10  main.o(.bss)
    record_data                              0x2000012c   Data         300  main.o(.bss)
    hadc1                                    0x20000258   Data          72  adc.o(.bss)
    hdma_adc1                                0x200002a0   Data          96  adc.o(.bss)
    hcan1                                    0x20000300   Data          40  can.o(.bss)
    hiwdg                                    0x20000328   Data          12  iwdg.o(.bss)
    hsd                                      0x20000334   Data         132  sdio.o(.bss)
    hdma_sdio_rx                             0x200003b8   Data          96  sdio.o(.bss)
    hdma_sdio_tx                             0x20000418   Data          96  sdio.o(.bss)
    htim1                                    0x20000478   Data          72  tim.o(.bss)
    htim2                                    0x200004c0   Data          72  tim.o(.bss)
    SDFatFS                                  0x20000508   Data        4148  fatfs.o(.bss)
    SDFile                                   0x2000153c   Data        4144  fatfs.o(.bss)
    disk                                     0x2000258c   Data          12  ff_gen_drv.o(.bss)
    __libspace_start                         0x20002598   Data          96  libspace.o(.bss)
    __temporary_stack_top$libspace           0x200025f8   Data           0  libspace.o(.bss)



==============================================================================

Memory Map of the image

  Image Entry point : 0x08000189

  Load Region LR_IROM1 (Base: 0x08000000, Size: 0x0000680c, Max: 0x00100000, ABSOLUTE)

    Execution Region ER_IROM1 (Exec base: 0x08000000, Load base: 0x08000000, Size: 0x00006768, Max: 0x00100000, ABSOLUTE)

    Exec Addr    Load Addr    Size         Type   Attr      Idx    E Section Name        Object

    0x08000000   0x08000000   0x00000188   Data   RO            3    RESET               startup_stm32f407xx.o
    0x08000188   0x08000188   0x00000008   Code   RO         4640  * !!!main             c_w.l(__main.o)
    0x08000190   0x08000190   0x00000034   Code   RO         4851    !!!scatter          c_w.l(__scatter.o)
    0x080001c4   0x080001c4   0x0000001a   Code   RO         4853    !!handler_copy      c_w.l(__scatter_copy.o)
    0x080001de   0x080001de   0x00000002   PAD
    0x080001e0   0x080001e0   0x0000001c   Code   RO         4855    !!handler_zi        c_w.l(__scatter_zi.o)
    0x080001fc   0x080001fc   0x00000000   Code   RO         4633    .ARM.Collect$$_printf_percent$$00000000  c_w.l(_printf_percent.o)
    0x080001fc   0x080001fc   0x00000006   Code   RO         4632    .ARM.Collect$$_printf_percent$$00000009  c_w.l(_printf_d.o)
    0x08000202   0x08000202   0x00000004   Code   RO         4677    .ARM.Collect$$_printf_percent$$00000017  c_w.l(_printf_percent_end.o)
    0x08000206   0x08000206   0x00000002   Code   RO         4719    .ARM.Collect$$libinit$$00000000  c_w.l(libinit.o)
    0x08000208   0x08000208   0x00000004   Code   RO         4731    .ARM.Collect$$libinit$$00000001  c_w.l(libinit2.o)
    0x0800020c   0x0800020c   0x00000000   Code   RO         4734    .ARM.Collect$$libinit$$00000004  c_w.l(libinit2.o)
    0x0800020c   0x0800020c   0x00000000   Code   RO         4737    .ARM.Collect$$libinit$$0000000A  c_w.l(libinit2.o)
    0x0800020c   0x0800020c   0x00000000   Code   RO         4739    .ARM.Collect$$libinit$$0000000C  c_w.l(libinit2.o)
    0x0800020c   0x0800020c   0x00000000   Code   RO         4741    .ARM.Collect$$libinit$$0000000E  c_w.l(libinit2.o)
    0x0800020c   0x0800020c   0x00000000   Code   RO         4744    .ARM.Collect$$libinit$$00000011  c_w.l(libinit2.o)
    0x0800020c   0x0800020c   0x00000000   Code   RO         4746    .ARM.Collect$$libinit$$00000013  c_w.l(libinit2.o)
    0x0800020c   0x0800020c   0x00000000   Code   RO         4748    .ARM.Collect$$libinit$$00000015  c_w.l(libinit2.o)
    0x0800020c   0x0800020c   0x00000000   Code   RO         4750    .ARM.Collect$$libinit$$00000017  c_w.l(libinit2.o)
    0x0800020c   0x0800020c   0x00000000   Code   RO         4752    .ARM.Collect$$libinit$$00000019  c_w.l(libinit2.o)
    0x0800020c   0x0800020c   0x00000000   Code   RO         4754    .ARM.Collect$$libinit$$0000001B  c_w.l(libinit2.o)
    0x0800020c   0x0800020c   0x00000000   Code   RO         4756    .ARM.Collect$$libinit$$0000001D  c_w.l(libinit2.o)
    0x0800020c   0x0800020c   0x00000000   Code   RO         4758    .ARM.Collect$$libinit$$0000001F  c_w.l(libinit2.o)
    0x0800020c   0x0800020c   0x00000000   Code   RO         4760    .ARM.Collect$$libinit$$00000021  c_w.l(libinit2.o)
    0x0800020c   0x0800020c   0x00000000   Code   RO         4762    .ARM.Collect$$libinit$$00000023  c_w.l(libinit2.o)
    0x0800020c   0x0800020c   0x00000000   Code   RO         4764    .ARM.Collect$$libinit$$00000025  c_w.l(libinit2.o)
    0x0800020c   0x0800020c   0x00000000   Code   RO         4768    .ARM.Collect$$libinit$$0000002C  c_w.l(libinit2.o)
    0x0800020c   0x0800020c   0x00000000   Code   RO         4770    .ARM.Collect$$libinit$$0000002E  c_w.l(libinit2.o)
    0x0800020c   0x0800020c   0x00000000   Code   RO         4772    .ARM.Collect$$libinit$$00000030  c_w.l(libinit2.o)
    0x0800020c   0x0800020c   0x00000000   Code   RO         4774    .ARM.Collect$$libinit$$00000032  c_w.l(libinit2.o)
    0x0800020c   0x0800020c   0x00000002   Code   RO         4775    .ARM.Collect$$libinit$$00000033  c_w.l(libinit2.o)
    0x0800020e   0x0800020e   0x00000002   Code   RO         4806    .ARM.Collect$$libshutdown$$00000000  c_w.l(libshutdown.o)
    0x08000210   0x08000210   0x00000000   Code   RO         4832    .ARM.Collect$$libshutdown$$00000002  c_w.l(libshutdown2.o)
    0x08000210   0x08000210   0x00000000   Code   RO         4834    .ARM.Collect$$libshutdown$$00000004  c_w.l(libshutdown2.o)
    0x08000210   0x08000210   0x00000000   Code   RO         4836    .ARM.Collect$$libshutdown$$00000006  c_w.l(libshutdown2.o)
    0x08000210   0x08000210   0x00000000   Code   RO         4839    .ARM.Collect$$libshutdown$$00000009  c_w.l(libshutdown2.o)
    0x08000210   0x08000210   0x00000000   Code   RO         4842    .ARM.Collect$$libshutdown$$0000000C  c_w.l(libshutdown2.o)
    0x08000210   0x08000210   0x00000000   Code   RO         4844    .ARM.Collect$$libshutdown$$0000000E  c_w.l(libshutdown2.o)
    0x08000210   0x08000210   0x00000000   Code   RO         4847    .ARM.Collect$$libshutdown$$00000011  c_w.l(libshutdown2.o)
    0x08000210   0x08000210   0x00000002   Code   RO         4848    .ARM.Collect$$libshutdown$$00000012  c_w.l(libshutdown2.o)
    0x08000212   0x08000212   0x00000000   Code   RO         4666    .ARM.Collect$$rtentry$$00000000  c_w.l(__rtentry.o)
    0x08000212   0x08000212   0x00000000   Code   RO         4686    .ARM.Collect$$rtentry$$00000002  c_w.l(__rtentry2.o)
    0x08000212   0x08000212   0x00000006   Code   RO         4698    .ARM.Collect$$rtentry$$00000004  c_w.l(__rtentry4.o)
    0x08000218   0x08000218   0x00000000   Code   RO         4688    .ARM.Collect$$rtentry$$00000009  c_w.l(__rtentry2.o)
    0x08000218   0x08000218   0x00000004   Code   RO         4689    .ARM.Collect$$rtentry$$0000000A  c_w.l(__rtentry2.o)
    0x0800021c   0x0800021c   0x00000000   Code   RO         4691    .ARM.Collect$$rtentry$$0000000C  c_w.l(__rtentry2.o)
    0x0800021c   0x0800021c   0x00000008   Code   RO         4692    .ARM.Collect$$rtentry$$0000000D  c_w.l(__rtentry2.o)
    0x08000224   0x08000224   0x00000002   Code   RO         4723    .ARM.Collect$$rtexit$$00000000  c_w.l(rtexit.o)
    0x08000226   0x08000226   0x00000000   Code   RO         4779    .ARM.Collect$$rtexit$$00000002  c_w.l(rtexit2.o)
    0x08000226   0x08000226   0x00000004   Code   RO         4780    .ARM.Collect$$rtexit$$00000003  c_w.l(rtexit2.o)
    0x0800022a   0x0800022a   0x00000006   Code   RO         4781    .ARM.Collect$$rtexit$$00000004  c_w.l(rtexit2.o)
    0x08000230   0x08000230   0x00000040   Code   RO            4    .text               startup_stm32f407xx.o
    0x08000270   0x08000270   0x000000ee   Code   RO         4600    .text               c_w.l(lludivv7m.o)
    0x0800035e   0x0800035e   0x00000002   PAD
    0x08000360   0x08000360   0x00000028   Code   RO         4604    .text               c_w.l(noretval__2sprintf.o)
    0x08000388   0x08000388   0x0000004e   Code   RO         4608    .text               c_w.l(_printf_pad.o)
    0x080003d6   0x080003d6   0x00000002   PAD
    0x080003d8   0x080003d8   0x00000078   Code   RO         4610    .text               c_w.l(_printf_dec.o)
    0x08000450   0x08000450   0x0000010e   Code   RO         4620    .text               c_w.l(__printf_wp.o)
    0x0800055e   0x0800055e   0x0000003e   Code   RO         4634    .text               c_w.l(strlen.o)
    0x0800059c   0x0800059c   0x0000004e   Code   RO         4636    .text               c_w.l(rt_memclr_w.o)
    0x080005ea   0x080005ea   0x00000006   Code   RO         4638    .text               c_w.l(heapauxi.o)
    0x080005f0   0x080005f0   0x000000b2   Code   RO         4671    .text               c_w.l(_printf_intcommon.o)
    0x080006a2   0x080006a2   0x00000002   PAD
    0x080006a4   0x080006a4   0x00000030   Code   RO         4673    .text               c_w.l(_printf_char_common.o)
    0x080006d4   0x080006d4   0x0000000a   Code   RO         4675    .text               c_w.l(_sputc.o)
    0x080006de   0x080006de   0x0000004a   Code   RO         4706    .text               c_w.l(sys_stackheap_outer.o)
    0x08000728   0x08000728   0x00000012   Code   RO         4708    .text               c_w.l(exit.o)
    0x0800073a   0x0800073a   0x00000002   PAD
    0x0800073c   0x0800073c   0x00000008   Code   RO         4720    .text               c_w.l(libspace.o)
    0x08000744   0x08000744   0x0000000c   Code   RO         4776    .text               c_w.l(sys_exit.o)
    0x08000750   0x08000750   0x00000002   Code   RO         4795    .text               c_w.l(use_no_semi.o)
    0x08000752   0x08000752   0x00000000   Code   RO         4797    .text               c_w.l(indicate_semi.o)
    0x08000752   0x08000752   0x0000006e   Code   RO          741    i.ADC_DMAConvCplt   stm32f4xx_hal_adc.o
    0x080007c0   0x080007c0   0x00000016   Code   RO          742    i.ADC_DMAError      stm32f4xx_hal_adc.o
    0x080007d6   0x080007d6   0x0000000a   Code   RO          743    i.ADC_DMAHalfConvCplt  stm32f4xx_hal_adc.o
    0x080007e0   0x080007e0   0x00000128   Code   RO          744    i.ADC_Init          stm32f4xx_hal_adc.o
    0x08000908   0x08000908   0x00000002   Code   RO         3921    i.BSP_SD_AbortCallback  bsp_driver_sd.o
    0x0800090a   0x0800090a   0x00000002   PAD
    0x0800090c   0x0800090c   0x0000000c   Code   RO         3924    i.BSP_SD_GetCardInfo  bsp_driver_sd.o
    0x08000918   0x08000918   0x00000018   Code   RO         3925    i.BSP_SD_GetCardState  bsp_driver_sd.o
    0x08000930   0x08000930   0x00000030   Code   RO         3927    i.BSP_SD_Init       bsp_driver_sd.o
    0x08000960   0x08000960   0x0000000e   Code   RO         3928    i.BSP_SD_IsDetected  bsp_driver_sd.o
    0x0800096e   0x0800096e   0x00000002   PAD
    0x08000970   0x08000970   0x00000020   Code   RO         3929    i.BSP_SD_ReadBlocks  bsp_driver_sd.o
    0x08000990   0x08000990   0x00000002   Code   RO         3931    i.BSP_SD_ReadCpltCallback  bsp_driver_sd.o
    0x08000992   0x08000992   0x00000002   PAD
    0x08000994   0x08000994   0x00000020   Code   RO         3932    i.BSP_SD_WriteBlocks  bsp_driver_sd.o
    0x080009b4   0x080009b4   0x00000002   Code   RO         3934    i.BSP_SD_WriteCpltCallback  bsp_driver_sd.o
    0x080009b6   0x080009b6   0x00000002   Code   RO          581    i.BusFault_Handler  stm32f4xx_it.o
    0x080009b8   0x080009b8   0x0000000c   Code   RO          582    i.CAN1_RX0_IRQHandler  stm32f4xx_it.o
    0x080009c4   0x080009c4   0x000000a8   Code   RO           13    i.CAN_Txsetup       main.o
    0x08000a6c   0x08000a6c   0x00000044   Code   RO           14    i.CAN_filterConfig  main.o
    0x08000ab0   0x08000ab0   0x0000000c   Code   RO          583    i.DMA2_Stream0_IRQHandler  stm32f4xx_it.o
    0x08000abc   0x08000abc   0x0000000c   Code   RO          584    i.DMA2_Stream3_IRQHandler  stm32f4xx_it.o
    0x08000ac8   0x08000ac8   0x0000000c   Code   RO          585    i.DMA2_Stream6_IRQHandler  stm32f4xx_it.o
    0x08000ad4   0x08000ad4   0x00000028   Code   RO         1478    i.DMA_CalcBaseAndBitshift  stm32f4xx_hal_dma.o
    0x08000afc   0x08000afc   0x00000054   Code   RO         1479    i.DMA_CheckFifoParam  stm32f4xx_hal_dma.o
    0x08000b50   0x08000b50   0x00000028   Code   RO         1480    i.DMA_SetConfig     stm32f4xx_hal_dma.o
    0x08000b78   0x08000b78   0x00000002   Code   RO          586    i.DebugMon_Handler  stm32f4xx_it.o
    0x08000b7a   0x08000b7a   0x00000006   Code   RO          587    i.EXTI2_IRQHandler  stm32f4xx_it.o
    0x08000b80   0x08000b80   0x00000006   Code   RO          588    i.EXTI3_IRQHandler  stm32f4xx_it.o
    0x08000b86   0x08000b86   0x00000006   Code   RO          589    i.EXTI4_IRQHandler  stm32f4xx_it.o
    0x08000b8c   0x08000b8c   0x00000006   Code   RO          590    i.EXTI9_5_IRQHandler  stm32f4xx_it.o
    0x08000b92   0x08000b92   0x00000004   Code   RO           15    i.Error_Handler     main.o
    0x08000b96   0x08000b96   0x00000006   Code   RO         4527    i.FATFS_LinkDriver  ff_gen_drv.o
    0x08000b9c   0x08000b9c   0x00000040   Code   RO         4528    i.FATFS_LinkDriverEx  ff_gen_drv.o
    0x08000bdc   0x08000bdc   0x0000014c   Code   RO          746    i.HAL_ADC_ConfigChannel  stm32f4xx_hal_adc.o
    0x08000d28   0x08000d28   0x00000002   Code   RO          747    i.HAL_ADC_ConvCpltCallback  stm32f4xx_hal_adc.o
    0x08000d2a   0x08000d2a   0x00000002   Code   RO          748    i.HAL_ADC_ConvHalfCpltCallback  stm32f4xx_hal_adc.o
    0x08000d2c   0x08000d2c   0x00000002   Code   RO          750    i.HAL_ADC_ErrorCallback  stm32f4xx_hal_adc.o
    0x08000d2e   0x08000d2e   0x00000054   Code   RO          755    i.HAL_ADC_Init      stm32f4xx_hal_adc.o
    0x08000d82   0x08000d82   0x00000002   PAD
    0x08000d84   0x08000d84   0x00000098   Code   RO          348    i.HAL_ADC_MspInit   adc.o
    0x08000e1c   0x08000e1c   0x00000154   Code   RO          762    i.HAL_ADC_Start_DMA  stm32f4xx_hal_adc.o
    0x08000f70   0x08000f70   0x00000024   Code   RO         2152    i.HAL_CAN_ActivateNotification  stm32f4xx_hal_can.o
    0x08000f94   0x08000f94   0x000000dc   Code   RO         2153    i.HAL_CAN_AddTxMessage  stm32f4xx_hal_can.o
    0x08001070   0x08001070   0x0000010c   Code   RO         2154    i.HAL_CAN_ConfigFilter  stm32f4xx_hal_can.o
    0x0800117c   0x0800117c   0x00000002   Code   RO         2157    i.HAL_CAN_ErrorCallback  stm32f4xx_hal_can.o
    0x0800117e   0x0800117e   0x000000e8   Code   RO         2160    i.HAL_CAN_GetRxMessage  stm32f4xx_hal_can.o
    0x08001266   0x08001266   0x000001fc   Code   RO         2164    i.HAL_CAN_IRQHandler  stm32f4xx_hal_can.o
    0x08001462   0x08001462   0x0000011a   Code   RO         2165    i.HAL_CAN_Init      stm32f4xx_hal_can.o
    0x0800157c   0x0800157c   0x00000068   Code   RO          390    i.HAL_CAN_MspInit   can.o
    0x080015e4   0x080015e4   0x00000002   Code   RO         2172    i.HAL_CAN_RxFifo0FullCallback  stm32f4xx_hal_can.o
    0x080015e6   0x080015e6   0x00000002   PAD
    0x080015e8   0x080015e8   0x000000e0   Code   RO           16    i.HAL_CAN_RxFifo0MsgPendingCallback  main.o
    0x080016c8   0x080016c8   0x00000002   Code   RO         2174    i.HAL_CAN_RxFifo1FullCallback  stm32f4xx_hal_can.o
    0x080016ca   0x080016ca   0x00000002   Code   RO         2175    i.HAL_CAN_RxFifo1MsgPendingCallback  stm32f4xx_hal_can.o
    0x080016cc   0x080016cc   0x00000002   Code   RO         2176    i.HAL_CAN_SleepCallback  stm32f4xx_hal_can.o
    0x080016ce   0x080016ce   0x00000002   PAD
    0x080016d0   0x080016d0   0x00000058   Code   RO         2177    i.HAL_CAN_Start     stm32f4xx_hal_can.o
    0x08001728   0x08001728   0x00000002   Code   RO         2179    i.HAL_CAN_TxMailbox0AbortCallback  stm32f4xx_hal_can.o
    0x0800172a   0x0800172a   0x00000002   Code   RO         2180    i.HAL_CAN_TxMailbox0CompleteCallback  stm32f4xx_hal_can.o
    0x0800172c   0x0800172c   0x00000002   Code   RO         2181    i.HAL_CAN_TxMailbox1AbortCallback  stm32f4xx_hal_can.o
    0x0800172e   0x0800172e   0x00000002   Code   RO         2182    i.HAL_CAN_TxMailbox1CompleteCallback  stm32f4xx_hal_can.o
    0x08001730   0x08001730   0x00000002   Code   RO         2183    i.HAL_CAN_TxMailbox2AbortCallback  stm32f4xx_hal_can.o
    0x08001732   0x08001732   0x00000002   Code   RO         2184    i.HAL_CAN_TxMailbox2CompleteCallback  stm32f4xx_hal_can.o
    0x08001734   0x08001734   0x00000002   Code   RO         2186    i.HAL_CAN_WakeUpFromRxMsgCallback  stm32f4xx_hal_can.o
    0x08001736   0x08001736   0x00000024   Code   RO         1482    i.HAL_DMA_Abort_IT  stm32f4xx_hal_dma.o
    0x0800175a   0x0800175a   0x00000002   PAD
    0x0800175c   0x0800175c   0x000001a0   Code   RO         1486    i.HAL_DMA_IRQHandler  stm32f4xx_hal_dma.o
    0x080018fc   0x080018fc   0x000000d4   Code   RO         1487    i.HAL_DMA_Init      stm32f4xx_hal_dma.o
    0x080019d0   0x080019d0   0x0000006e   Code   RO         1491    i.HAL_DMA_Start_IT  stm32f4xx_hal_dma.o
    0x08001a3e   0x08001a3e   0x00000002   PAD
    0x08001a40   0x08001a40   0x00000024   Code   RO         1900    i.HAL_Delay         stm32f4xx_hal.o
    0x08001a64   0x08001a64   0x000000f4   Code   RO          316    i.HAL_GPIO_EXTI_Callback  gpio.o
    0x08001b58   0x08001b58   0x00000018   Code   RO         1373    i.HAL_GPIO_EXTI_IRQHandler  stm32f4xx_hal_gpio.o
    0x08001b70   0x08001b70   0x000001f0   Code   RO         1374    i.HAL_GPIO_Init     stm32f4xx_hal_gpio.o
    0x08001d60   0x08001d60   0x0000000a   Code   RO         1376    i.HAL_GPIO_ReadPin  stm32f4xx_hal_gpio.o
    0x08001d6a   0x08001d6a   0x00000010   Code   RO         1377    i.HAL_GPIO_TogglePin  stm32f4xx_hal_gpio.o
    0x08001d7a   0x08001d7a   0x0000000a   Code   RO         1378    i.HAL_GPIO_WritePin  stm32f4xx_hal_gpio.o
    0x08001d84   0x08001d84   0x0000000c   Code   RO         1906    i.HAL_GetTick       stm32f4xx_hal.o
    0x08001d90   0x08001d90   0x0000005a   Code   RO         2385    i.HAL_IWDG_Init     stm32f4xx_hal_iwdg.o
    0x08001dea   0x08001dea   0x0000000c   Code   RO         2386    i.HAL_IWDG_Refresh  stm32f4xx_hal_iwdg.o
    0x08001df6   0x08001df6   0x00000002   PAD
    0x08001df8   0x08001df8   0x00000010   Code   RO         1912    i.HAL_IncTick       stm32f4xx_hal.o
    0x08001e08   0x08001e08   0x00000034   Code   RO         1913    i.HAL_Init          stm32f4xx_hal.o
    0x08001e3c   0x08001e3c   0x00000040   Code   RO         1914    i.HAL_InitTick      stm32f4xx_hal.o
    0x08001e7c   0x08001e7c   0x00000034   Code   RO          717    i.HAL_MspInit       stm32f4xx_hal_msp.o
    0x08001eb0   0x08001eb0   0x0000001a   Code   RO         1763    i.HAL_NVIC_EnableIRQ  stm32f4xx_hal_cortex.o
    0x08001eca   0x08001eca   0x00000002   PAD
    0x08001ecc   0x08001ecc   0x00000040   Code   RO         1769    i.HAL_NVIC_SetPriority  stm32f4xx_hal_cortex.o
    0x08001f0c   0x08001f0c   0x00000024   Code   RO         1770    i.HAL_NVIC_SetPriorityGrouping  stm32f4xx_hal_cortex.o
    0x08001f30   0x08001f30   0x00000134   Code   RO         1020    i.HAL_RCC_ClockConfig  stm32f4xx_hal_rcc.o
    0x08002064   0x08002064   0x00000060   Code   RO         1029    i.HAL_RCC_GetSysClockFreq  stm32f4xx_hal_rcc.o
    0x080020c4   0x080020c4   0x0000036c   Code   RO         1032    i.HAL_RCC_OscConfig  stm32f4xx_hal_rcc.o
    0x08002430   0x08002430   0x00000008   Code   RO         3935    i.HAL_SD_AbortCallback  bsp_driver_sd.o
    0x08002438   0x08002438   0x00000118   Code   RO         2688    i.HAL_SD_ConfigWideBusOperation  stm32f4xx_hal_sd.o
    0x08002550   0x08002550   0x00000002   Code   RO         2691    i.HAL_SD_ErrorCallback  stm32f4xx_hal_sd.o
    0x08002552   0x08002552   0x00000002   PAD
    0x08002554   0x08002554   0x00000198   Code   RO         2693    i.HAL_SD_GetCardCSD  stm32f4xx_hal_sd.o
    0x080026ec   0x080026ec   0x00000024   Code   RO         2694    i.HAL_SD_GetCardInfo  stm32f4xx_hal_sd.o
    0x08002710   0x08002710   0x0000002c   Code   RO         2695    i.HAL_SD_GetCardState  stm32f4xx_hal_sd.o
    0x0800273c   0x0800273c   0x00000208   Code   RO         2699    i.HAL_SD_IRQHandler  stm32f4xx_hal_sd.o
    0x08002944   0x08002944   0x00000036   Code   RO         2700    i.HAL_SD_Init       stm32f4xx_hal_sd.o
    0x0800297a   0x0800297a   0x00000002   PAD
    0x0800297c   0x0800297c   0x00000074   Code   RO         2701    i.HAL_SD_InitCard   stm32f4xx_hal_sd.o
    0x080029f0   0x080029f0   0x00000164   Code   RO          486    i.HAL_SD_MspInit    sdio.o
    0x08002b54   0x08002b54   0x000001d8   Code   RO         2704    i.HAL_SD_ReadBlocks  stm32f4xx_hal_sd.o
    0x08002d2c   0x08002d2c   0x00000008   Code   RO         3936    i.HAL_SD_RxCpltCallback  bsp_driver_sd.o
    0x08002d34   0x08002d34   0x00000008   Code   RO         3937    i.HAL_SD_TxCpltCallback  bsp_driver_sd.o
    0x08002d3c   0x08002d3c   0x000001ac   Code   RO         2709    i.HAL_SD_WriteBlocks  stm32f4xx_hal_sd.o
    0x08002ee8   0x08002ee8   0x00000028   Code   RO         1774    i.HAL_SYSTICK_Config  stm32f4xx_hal_cortex.o
    0x08002f10   0x08002f10   0x00000002   Code   RO         3616    i.HAL_TIMEx_BreakCallback  stm32f4xx_hal_tim_ex.o
    0x08002f12   0x08002f12   0x00000002   Code   RO         3617    i.HAL_TIMEx_CommutCallback  stm32f4xx_hal_tim_ex.o
    0x08002f14   0x08002f14   0x00000054   Code   RO         3619    i.HAL_TIMEx_ConfigBreakDeadTime  stm32f4xx_hal_tim_ex.o
    0x08002f68   0x08002f68   0x00000090   Code   RO         3635    i.HAL_TIMEx_MasterConfigSynchronization  stm32f4xx_hal_tim_ex.o
    0x08002ff8   0x08002ff8   0x0000005a   Code   RO         2912    i.HAL_TIM_Base_Init  stm32f4xx_hal_tim.o
    0x08003052   0x08003052   0x00000002   PAD
    0x08003054   0x08003054   0x00000034   Code   RO          528    i.HAL_TIM_Base_MspInit  tim.o
    0x08003088   0x08003088   0x00000080   Code   RO         2917    i.HAL_TIM_Base_Start_IT  stm32f4xx_hal_tim.o
    0x08003108   0x08003108   0x000000dc   Code   RO         2921    i.HAL_TIM_ConfigClockSource  stm32f4xx_hal_tim.o
    0x080031e4   0x080031e4   0x00000002   Code   RO         2946    i.HAL_TIM_IC_CaptureCallback  stm32f4xx_hal_tim.o
    0x080031e6   0x080031e6   0x00000166   Code   RO         2960    i.HAL_TIM_IRQHandler  stm32f4xx_hal_tim.o
    0x0800334c   0x0800334c   0x00000054   Code   RO          529    i.HAL_TIM_MspPostInit  tim.o
    0x080033a0   0x080033a0   0x00000002   Code   RO         2963    i.HAL_TIM_OC_DelayElapsedCallback  stm32f4xx_hal_tim.o
    0x080033a2   0x080033a2   0x000000cc   Code   RO         2984    i.HAL_TIM_PWM_ConfigChannel  stm32f4xx_hal_tim.o
    0x0800346e   0x0800346e   0x0000005a   Code   RO         2987    i.HAL_TIM_PWM_Init  stm32f4xx_hal_tim.o
    0x080034c8   0x080034c8   0x00000002   Code   RO         2989    i.HAL_TIM_PWM_MspInit  stm32f4xx_hal_tim.o
    0x080034ca   0x080034ca   0x00000002   Code   RO         2990    i.HAL_TIM_PWM_PulseFinishedCallback  stm32f4xx_hal_tim.o
    0x080034cc   0x080034cc   0x000000c8   Code   RO         2992    i.HAL_TIM_PWM_Start  stm32f4xx_hal_tim.o
    0x08003594   0x08003594   0x000001d0   Code   RO           17    i.HAL_TIM_PeriodElapsedCallback  main.o
    0x08003764   0x08003764   0x00000002   Code   RO         3003    i.HAL_TIM_TriggerCallback  stm32f4xx_hal_tim.o
    0x08003766   0x08003766   0x00000002   Code   RO          591    i.HardFault_Handler  stm32f4xx_it.o
    0x08003768   0x08003768   0x000000a4   Code   RO          349    i.MX_ADC1_Init      adc.o
    0x0800380c   0x0800380c   0x00000044   Code   RO          391    i.MX_CAN1_Init      can.o
    0x08003850   0x08003850   0x0000003c   Code   RO          431    i.MX_DMA_Init       dma.o
    0x0800388c   0x0800388c   0x0000001c   Code   RO         4102    i.MX_FATFS_Init     fatfs.o
    0x080038a8   0x080038a8   0x00000140   Code   RO          317    i.MX_GPIO_Init      gpio.o
    0x080039e8   0x080039e8   0x0000002c   Code   RO          455    i.MX_IWDG_Init      iwdg.o
    0x08003a14   0x08003a14   0x00000066   Code   RO           18    i.MX_NVIC_Init      main.o
    0x08003a7a   0x08003a7a   0x00000002   PAD
    0x08003a7c   0x08003a7c   0x00000020   Code   RO          487    i.MX_SDIO_SD_Init   sdio.o
    0x08003a9c   0x08003a9c   0x000000c8   Code   RO          530    i.MX_TIM1_Init      tim.o
    0x08003b64   0x08003b64   0x00000068   Code   RO          531    i.MX_TIM2_Init      tim.o
    0x08003bcc   0x08003bcc   0x00000002   Code   RO          592    i.MemManage_Handler  stm32f4xx_it.o
    0x08003bce   0x08003bce   0x00000002   Code   RO          593    i.NMI_Handler       stm32f4xx_it.o
    0x08003bd0   0x08003bd0   0x00000002   Code   RO          594    i.PendSV_Handler    stm32f4xx_it.o
    0x08003bd2   0x08003bd2   0x00000024   Code   RO         2415    i.SDIO_ConfigData   stm32f4xx_ll_sdmmc.o
    0x08003bf6   0x08003bf6   0x00000008   Code   RO         2419    i.SDIO_GetPowerState  stm32f4xx_ll_sdmmc.o
    0x08003bfe   0x08003bfe   0x00000006   Code   RO         2420    i.SDIO_GetResponse  stm32f4xx_ll_sdmmc.o
    0x08003c04   0x08003c04   0x0000000c   Code   RO          595    i.SDIO_IRQHandler   stm32f4xx_it.o
    0x08003c10   0x08003c10   0x00000024   Code   RO         2421    i.SDIO_Init         stm32f4xx_ll_sdmmc.o
    0x08003c34   0x08003c34   0x00000010   Code   RO         2423    i.SDIO_PowerState_ON  stm32f4xx_ll_sdmmc.o
    0x08003c44   0x08003c44   0x00000006   Code   RO         2424    i.SDIO_ReadFIFO     stm32f4xx_ll_sdmmc.o
    0x08003c4a   0x08003c4a   0x00000020   Code   RO         2425    i.SDIO_SendCommand  stm32f4xx_ll_sdmmc.o
    0x08003c6a   0x08003c6a   0x0000000a   Code   RO         2427    i.SDIO_WriteFIFO    stm32f4xx_ll_sdmmc.o
    0x08003c74   0x08003c74   0x00000032   Code   RO         2428    i.SDMMC_CmdAppCommand  stm32f4xx_ll_sdmmc.o
    0x08003ca6   0x08003ca6   0x00000002   PAD
    0x08003ca8   0x08003ca8   0x00000034   Code   RO         2429    i.SDMMC_CmdAppOperCommand  stm32f4xx_ll_sdmmc.o
    0x08003cdc   0x08003cdc   0x00000032   Code   RO         2430    i.SDMMC_CmdBlockLength  stm32f4xx_ll_sdmmc.o
    0x08003d0e   0x08003d0e   0x00000032   Code   RO         2431    i.SDMMC_CmdBusWidth  stm32f4xx_ll_sdmmc.o
    0x08003d40   0x08003d40   0x00000050   Code   RO         2435    i.SDMMC_CmdGoIdleState  stm32f4xx_ll_sdmmc.o
    0x08003d90   0x08003d90   0x00000074   Code   RO         2437    i.SDMMC_CmdOperCond  stm32f4xx_ll_sdmmc.o
    0x08003e04   0x08003e04   0x00000032   Code   RO         2438    i.SDMMC_CmdReadMultiBlock  stm32f4xx_ll_sdmmc.o
    0x08003e36   0x08003e36   0x00000032   Code   RO         2439    i.SDMMC_CmdReadSingleBlock  stm32f4xx_ll_sdmmc.o
    0x08003e68   0x08003e68   0x00000032   Code   RO         2442    i.SDMMC_CmdSelDesel  stm32f4xx_ll_sdmmc.o
    0x08003e9a   0x08003e9a   0x0000002c   Code   RO         2443    i.SDMMC_CmdSendCID  stm32f4xx_ll_sdmmc.o
    0x08003ec6   0x08003ec6   0x0000002c   Code   RO         2444    i.SDMMC_CmdSendCSD  stm32f4xx_ll_sdmmc.o
    0x08003ef2   0x08003ef2   0x00000030   Code   RO         2446    i.SDMMC_CmdSendSCR  stm32f4xx_ll_sdmmc.o
    0x08003f22   0x08003f22   0x00000032   Code   RO         2447    i.SDMMC_CmdSendStatus  stm32f4xx_ll_sdmmc.o
    0x08003f54   0x08003f54   0x00000030   Code   RO         2448    i.SDMMC_CmdSetRelAdd  stm32f4xx_ll_sdmmc.o
    0x08003f84   0x08003f84   0x00000034   Code   RO         2450    i.SDMMC_CmdStopTransfer  stm32f4xx_ll_sdmmc.o
    0x08003fb8   0x08003fb8   0x00000032   Code   RO         2452    i.SDMMC_CmdWriteMultiBlock  stm32f4xx_ll_sdmmc.o
    0x08003fea   0x08003fea   0x00000032   Code   RO         2453    i.SDMMC_CmdWriteSingleBlock  stm32f4xx_ll_sdmmc.o
    0x0800401c   0x0800401c   0x00000120   Code   RO         2454    i.SDMMC_GetCmdResp1  stm32f4xx_ll_sdmmc.o
    0x0800413c   0x0800413c   0x00000050   Code   RO         2455    i.SDMMC_GetCmdResp2  stm32f4xx_ll_sdmmc.o
    0x0800418c   0x0800418c   0x00000044   Code   RO         2456    i.SDMMC_GetCmdResp3  stm32f4xx_ll_sdmmc.o
    0x080041d0   0x080041d0   0x00000088   Code   RO         2457    i.SDMMC_GetCmdResp6  stm32f4xx_ll_sdmmc.o
    0x08004258   0x08004258   0x00000020   Code   RO         4042    i.SD_CheckStatus    sd_diskio.o
    0x08004278   0x08004278   0x00000044   Code   RO         2714    i.SD_DMARxAbort     stm32f4xx_hal_sd.o
    0x080042bc   0x080042bc   0x00000044   Code   RO         2716    i.SD_DMATxAbort     stm32f4xx_hal_sd.o
    0x08004300   0x08004300   0x000000da   Code   RO         2717    i.SD_FindSCR        stm32f4xx_hal_sd.o
    0x080043da   0x080043da   0x000000ee   Code   RO         2718    i.SD_InitCard       stm32f4xx_hal_sd.o
    0x080044c8   0x080044c8   0x000000b4   Code   RO         2719    i.SD_PowerON        stm32f4xx_hal_sd.o
    0x0800457c   0x0800457c   0x00000020   Code   RO         4043    i.SD_initialize     sd_diskio.o
    0x0800459c   0x0800459c   0x00000050   Code   RO         4044    i.SD_ioctl          sd_diskio.o
    0x080045ec   0x080045ec   0x00000026   Code   RO         4045    i.SD_read           sd_diskio.o
    0x08004612   0x08004612   0x00000004   Code   RO         4046    i.SD_status         sd_diskio.o
    0x08004616   0x08004616   0x00000002   PAD
    0x08004618   0x08004618   0x00000026   Code   RO         4047    i.SD_write          sd_diskio.o
    0x0800463e   0x0800463e   0x00000002   Code   RO          596    i.SVC_Handler       stm32f4xx_it.o
    0x08004640   0x08004640   0x00000004   Code   RO          597    i.SysTick_Handler   stm32f4xx_it.o
    0x08004644   0x08004644   0x0000009c   Code   RO           19    i.SystemClock_Config  main.o
    0x080046e0   0x080046e0   0x00000010   Code   RO         3884    i.SystemInit        system_stm32f4xx.o
    0x080046f0   0x080046f0   0x0000000c   Code   RO          598    i.TIM2_IRQHandler   stm32f4xx_it.o
    0x080046fc   0x080046fc   0x000000c8   Code   RO         3005    i.TIM_Base_SetConfig  stm32f4xx_hal_tim.o
    0x080047c4   0x080047c4   0x0000001a   Code   RO         3006    i.TIM_CCxChannelCmd  stm32f4xx_hal_tim.o
    0x080047de   0x080047de   0x00000014   Code   RO         3016    i.TIM_ETR_SetConfig  stm32f4xx_hal_tim.o
    0x080047f2   0x080047f2   0x00000010   Code   RO         3017    i.TIM_ITRx_SetConfig  stm32f4xx_hal_tim.o
    0x08004802   0x08004802   0x00000002   PAD
    0x08004804   0x08004804   0x00000060   Code   RO         3018    i.TIM_OC1_SetConfig  stm32f4xx_hal_tim.o
    0x08004864   0x08004864   0x0000006c   Code   RO         3019    i.TIM_OC2_SetConfig  stm32f4xx_hal_tim.o
    0x080048d0   0x080048d0   0x00000068   Code   RO         3020    i.TIM_OC3_SetConfig  stm32f4xx_hal_tim.o
    0x08004938   0x08004938   0x00000050   Code   RO         3021    i.TIM_OC4_SetConfig  stm32f4xx_hal_tim.o
    0x08004988   0x08004988   0x00000022   Code   RO         3023    i.TIM_TI1_ConfigInputStage  stm32f4xx_hal_tim.o
    0x080049aa   0x080049aa   0x00000024   Code   RO         3025    i.TIM_TI2_ConfigInputStage  stm32f4xx_hal_tim.o
    0x080049ce   0x080049ce   0x00000002   Code   RO          599    i.UsageFault_Handler  stm32f4xx_it.o
    0x080049d0   0x080049d0   0x00000020   Code   RO         1776    i.__NVIC_SetPriority  stm32f4xx_hal_cortex.o
    0x080049f0   0x080049f0   0x0000000e   Code   RO         4622    i._is_digit         c_w.l(__printf_wp.o)
    0x080049fe   0x080049fe   0x00000002   PAD
    0x08004a00   0x08004a00   0x00000070   Code   RO         4195    i.check_fs          ff.o
    0x08004a70   0x08004a70   0x000000a0   Code   RO           20    i.check_safety      main.o
    0x08004b10   0x08004b10   0x0000005c   Code   RO         4196    i.chk_lock          ff.o
    0x08004b6c   0x08004b6c   0x00000020   Code   RO         4197    i.clear_lock        ff.o
    0x08004b8c   0x08004b8c   0x00000026   Code   RO         4198    i.clmt_clust        ff.o
    0x08004bb2   0x08004bb2   0x00000018   Code   RO         4199    i.clust2sect        ff.o
    0x08004bca   0x08004bca   0x000000a4   Code   RO         4200    i.create_chain      ff.o
    0x08004c6e   0x08004c6e   0x00000002   PAD
    0x08004c70   0x08004c70   0x000000bc   Code   RO         4201    i.create_name       ff.o
    0x08004d2c   0x08004d2c   0x00000034   Code   RO         4202    i.dec_lock          ff.o
    0x08004d60   0x08004d60   0x00000064   Code   RO         4203    i.dir_find          ff.o
    0x08004dc4   0x08004dc4   0x00000102   Code   RO         4204    i.dir_next          ff.o
    0x08004ec6   0x08004ec6   0x00000066   Code   RO         4206    i.dir_register      ff.o
    0x08004f2c   0x08004f2c   0x0000008e   Code   RO         4208    i.dir_sdi           ff.o
    0x08004fba   0x08004fba   0x00000002   PAD
    0x08004fbc   0x08004fbc   0x00000028   Code   RO         4140    i.disk_initialize   diskio.o
    0x08004fe4   0x08004fe4   0x0000001c   Code   RO         4141    i.disk_ioctl        diskio.o
    0x08005000   0x08005000   0x0000001c   Code   RO         4142    i.disk_read         diskio.o
    0x0800501c   0x0800501c   0x00000018   Code   RO         4143    i.disk_status       diskio.o
    0x08005034   0x08005034   0x0000001c   Code   RO         4144    i.disk_write        diskio.o
    0x08005050   0x08005050   0x0000007c   Code   RO           21    i.driving_mode      main.o
    0x080050cc   0x080050cc   0x00000028   Code   RO         4209    i.f_close           ff.o
    0x080050f4   0x080050f4   0x00000058   Code   RO         4216    i.f_mount           ff.o
    0x0800514c   0x0800514c   0x0000021c   Code   RO         4217    i.f_open            ff.o
    0x08005368   0x08005368   0x0000008e   Code   RO         4226    i.f_sync            ff.o
    0x080053f6   0x080053f6   0x000001b2   Code   RO         4229    i.f_write           ff.o
    0x080055a8   0x080055a8   0x00000288   Code   RO         4230    i.find_volume       ff.o
    0x08005830   0x08005830   0x0000007a   Code   RO         4231    i.follow_path       ff.o
    0x080058aa   0x080058aa   0x000000e8   Code   RO         4232    i.get_fat           ff.o
    0x08005992   0x08005992   0x00000004   Code   RO         4103    i.get_fattime       fatfs.o
    0x08005996   0x08005996   0x0000003c   Code   RO         4234    i.get_ldnumber      ff.o
    0x080059d2   0x080059d2   0x00000002   PAD
    0x080059d4   0x080059d4   0x00000080   Code   RO         4235    i.inc_lock          ff.o
    0x08005a54   0x08005a54   0x00000026   Code   RO         4236    i.ld_clust          ff.o
    0x08005a7a   0x08005a7a   0x00000016   Code   RO         4237    i.ld_dword          ff.o
    0x08005a90   0x08005a90   0x0000000a   Code   RO         4238    i.ld_word           ff.o
    0x08005a9a   0x08005a9a   0x00000002   PAD
    0x08005a9c   0x08005a9c   0x0000016c   Code   RO           22    i.main              main.o
    0x08005c08   0x08005c08   0x00000024   Code   RO           23    i.map               main.o
    0x08005c2c   0x08005c2c   0x00000012   Code   RO         4239    i.mem_cpy           ff.o
    0x08005c3e   0x08005c3e   0x00000002   PAD
    0x08005c40   0x08005c40   0x0000000e   Code   RO         4240    i.mem_set           ff.o
    0x08005c4e   0x08005c4e   0x00000032   Code   RO         4241    i.move_window       ff.o
    0x08005c80   0x08005c80   0x00000124   Code   RO         4242    i.put_fat           ff.o
    0x08005da4   0x08005da4   0x00000074   Code   RO         4245    i.remove_chain      ff.o
    0x08005e18   0x08005e18   0x00000028   Code   RO         4246    i.st_clust          ff.o
    0x08005e40   0x08005e40   0x00000010   Code   RO         4247    i.st_dword          ff.o
    0x08005e50   0x08005e50   0x00000008   Code   RO         4248    i.st_word           ff.o
    0x08005e58   0x08005e58   0x00000088   Code   RO         4249    i.sync_fs           ff.o
    0x08005ee0   0x08005ee0   0x00000052   Code   RO         4250    i.sync_window       ff.o
    0x08005f32   0x08005f32   0x00000002   PAD
    0x08005f34   0x08005f34   0x0000007c   Code   RO           26    i.torque_command    main.o
    0x08005fb0   0x08005fb0   0x00000038   Code   RO           27    i.torque_to_can     main.o
    0x08005fe8   0x08005fe8   0x00000034   Code   RO         4251    i.validate          ff.o
    0x0800601c   0x0800601c   0x00000018   Code   RO         4704    x$fpl$dcmpinf       fz_wm.l(dcmpi.o)
    0x08006034   0x08006034   0x000002b0   Code   RO         4649    x$fpl$ddiv          fz_wm.l(ddiv.o)
    0x080062e4   0x080062e4   0x0000005a   Code   RO         4652    x$fpl$dfixu         fz_wm.l(dfixu.o)
    0x0800633e   0x0800633e   0x0000002e   Code   RO         4657    x$fpl$dflt          fz_wm.l(dflt_clz.o)
    0x0800636c   0x0800636c   0x00000026   Code   RO         4656    x$fpl$dfltu         fz_wm.l(dflt_clz.o)
    0x08006392   0x08006392   0x00000002   PAD
    0x08006394   0x08006394   0x00000078   Code   RO         4678    x$fpl$dleqf         fz_wm.l(dleqf.o)
    0x0800640c   0x0800640c   0x00000154   Code   RO         4662    x$fpl$dmul          fz_wm.l(dmul.o)
    0x08006560   0x08006560   0x0000009c   Code   RO         4680    x$fpl$dnaninf       fz_wm.l(dnaninf.o)
    0x080065fc   0x080065fc   0x0000000c   Code   RO         4682    x$fpl$dretinf       fz_wm.l(dretinf.o)
    0x08006608   0x08006608   0x0000006c   Code   RO         4664    x$fpl$drleqf        fz_wm.l(drleqf.o)
    0x08006674   0x08006674   0x0000000a   Code   RO         4791    x$fpl$fpinit        fz_wm.l(fpinit.o)
    0x0800667e   0x0800667e   0x00000000   Code   RO         4684    x$fpl$usenofp       fz_wm.l(usenofp.o)
    0x0800667e   0x0800667e   0x00000008   Data   RO         1493    .constdata          stm32f4xx_hal_dma.o
    0x08006686   0x08006686   0x00000010   Data   RO         3885    .constdata          system_stm32f4xx.o
    0x08006696   0x08006696   0x00000002   PAD
    0x08006698   0x08006698   0x00000014   Data   RO         4048    .constdata          sd_diskio.o
    0x080066ac   0x080066ac   0x0000009c   Data   RO         4253    .constdata          ff.o
    0x08006748   0x08006748   0x00000020   Data   RO         4849    Region$$Table       anon$$obj.o


    Execution Region RW_IRAM2 (Exec base: 0x10000000, Load base: 0x0800680c, Size: 0x00000000, Max: 0x00010000, ABSOLUTE)

    **** No section assigned to this execution region ****


    Execution Region RW_IRAM1 (Exec base: 0x20000000, Load base: 0x08006768, Size: 0x00002bf8, Max: 0x00020000, ABSOLUTE)

    Exec Addr    Load Addr    Size         Type   Attr      Idx    E Section Name        Object

    0x20000000   0x08006768   0x00000084   Data   RW           32    .data               main.o
    0x20000084   0x080067ec   0x0000000c   Data   RW         1920    .data               stm32f4xx_hal.o
    0x20000090   0x080067f8   0x00000004   Data   RW         3887    .data               system_stm32f4xx.o
    0x20000094   0x080067fc   0x00000001   Data   RW         4049    .data               sd_diskio.o
    0x20000095   0x080067fd   0x00000005   Data   RW         4106    .data               fatfs.o
    0x2000009a   0x08006802   0x00000002   PAD
    0x2000009c   0x08006804   0x00000008   Data   RW         4254    .data               ff.o
    0x200000a4        -       0x000001b4   Zero   RW           28    .bss                main.o
    0x20000258        -       0x000000a8   Zero   RW          350    .bss                adc.o
    0x20000300        -       0x00000028   Zero   RW          392    .bss                can.o
    0x20000328        -       0x0000000c   Zero   RW          456    .bss                iwdg.o
    0x20000334        -       0x00000144   Zero   RW          488    .bss                sdio.o
    0x20000478        -       0x00000090   Zero   RW          532    .bss                tim.o
    0x20000508        -       0x00001034   Zero   RW         4104    .bss                fatfs.o
    0x2000153c        -       0x00001030   Zero   RW         4105    .bss                fatfs.o
    0x2000256c        -       0x00000020   Zero   RW         4252    .bss                ff.o
    0x2000258c        -       0x0000000c   Zero   RW         4531    .bss                ff_gen_drv.o
    0x20002598        -       0x00000060   Zero   RW         4721    .bss                c_w.l(libspace.o)
    0x200025f8        -       0x00000200   Zero   RW            2    HEAP                startup_stm32f407xx.o
    0x200027f8        -       0x00000400   Zero   RW            1    STACK               startup_stm32f407xx.o


==============================================================================

Image component sizes


      Code (inc. data)   RO Data    RW Data    ZI Data      Debug   Object Name

       316         32          0          0        168       1975   adc.o
       192         26          0          0          0       7523   bsp_driver_sd.o
       172         22          0          0         40       1817   can.o
       148         22          0          0          0       3929   diskio.o
        60          4          0          0          0        850   dma.o
        32         10          0          5       8292       1648   fatfs.o
      4632         80        156          8         32      39277   ff.o
        70          6          0          0         12       1731   ff_gen_drv.o
       564         72          0          0          0       2514   gpio.o
        44          8          0          0         12        791   iwdg.o
      2050        240          0        132        436     747664   main.o
       224         14         20          1          0       4792   sd_diskio.o
       388         34          0          0        324       2007   sdio.o
        64         26        392          0       1536        876   startup_stm32f407xx.o
       180         28          0         12          0       9677   stm32f4xx_hal.o
      1200         66          0          0          0       7809   stm32f4xx_hal_adc.o
      1658          6          0          0          0      14927   stm32f4xx_hal_can.o
       198         14          0          0          0      34143   stm32f4xx_hal_cortex.o
       938         16          8          0          0       6726   stm32f4xx_hal_dma.o
       556         52          0          0          0       4315   stm32f4xx_hal_gpio.o
       102          0          0          0          0       1983   stm32f4xx_hal_iwdg.o
        52          4          0          0          0        934   stm32f4xx_hal_msp.o
      1280         48          0          0          0       4178   stm32f4xx_hal_rcc.o
      3132         42          0          0          0      16335   stm32f4xx_hal_sd.o
      2020        136          0          0          0      17666   stm32f4xx_hal_tim.o
       232         28          0          0          0       3437   stm32f4xx_hal_tim_ex.o
       116         36          0          0          0       9508   stm32f4xx_it.o
      1656         46          0          0          0      24007   stm32f4xx_ll_sdmmc.o
        16          4         16          4          0       1223   system_stm32f4xx.o
       440         36          0          0        144       3353   tim.o

    ----------------------------------------------------------------------
     22778       1158        626        164      10996     977615   Object Totals
         0          0         32          0          0          0   (incl. Generated)
        46          0          2          2          0          0   (incl. Padding)

    ----------------------------------------------------------------------

      Code (inc. data)   RO Data    RW Data    ZI Data      Debug   Library Member Name

         8          0          0          0          0         68   __main.o
       284          0          0          0          0        156   __printf_wp.o
         0          0          0          0          0          0   __rtentry.o
        12          0          0          0          0          0   __rtentry2.o
         6          0          0          0          0          0   __rtentry4.o
        52          8          0          0          0          0   __scatter.o
        26          0          0          0          0          0   __scatter_copy.o
        28          0          0          0          0          0   __scatter_zi.o
        48          6          0          0          0         96   _printf_char_common.o
         6          0          0          0          0          0   _printf_d.o
       120         16          0          0          0         92   _printf_dec.o
       178          0          0          0          0         88   _printf_intcommon.o
        78          0          0          0          0        108   _printf_pad.o
         0          0          0          0          0          0   _printf_percent.o
         4          0          0          0          0          0   _printf_percent_end.o
        10          0          0          0          0         68   _sputc.o
        18          0          0          0          0         80   exit.o
         6          0          0          0          0        152   heapauxi.o
         0          0          0          0          0          0   indicate_semi.o
         2          0          0          0          0          0   libinit.o
         6          0          0          0          0          0   libinit2.o
         2          0          0          0          0          0   libshutdown.o
         2          0          0          0          0          0   libshutdown2.o
         8          4          0          0         96         68   libspace.o
       238          0          0          0          0        100   lludivv7m.o
        40          6          0          0          0         84   noretval__2sprintf.o
        78          0          0          0          0         80   rt_memclr_w.o
         2          0          0          0          0          0   rtexit.o
        10          0          0          0          0          0   rtexit2.o
        62          0          0          0          0         76   strlen.o
        12          4          0          0          0         68   sys_exit.o
        74          0          0          0          0         80   sys_stackheap_outer.o
         2          0          0          0          0         68   use_no_semi.o
        24          0          0          0          0        116   dcmpi.o
       688        140          0          0          0        256   ddiv.o
        90          4          0          0          0        140   dfixu.o
        84          0          0          0          0        232   dflt_clz.o
       120          4          0          0          0        140   dleqf.o
       340         12          0          0          0        152   dmul.o
       156          4          0          0          0        140   dnaninf.o
        12          0          0          0          0        116   dretinf.o
       108          0          0          0          0        128   drleqf.o
        10          0          0          0          0        116   fpinit.o
         0          0          0          0          0          0   usenofp.o

    ----------------------------------------------------------------------
      3068        208          0          0         96       3068   Library Totals
        14          0          0          0          0          0   (incl. Padding)

    ----------------------------------------------------------------------

      Code (inc. data)   RO Data    RW Data    ZI Data      Debug   Library Name

      1422         44          0          0         96       1532   c_w.l
      1632        164          0          0          0       1536   fz_wm.l

    ----------------------------------------------------------------------
      3068        208          0          0         96       3068   Library Totals

    ----------------------------------------------------------------------

==============================================================================


      Code (inc. data)   RO Data    RW Data    ZI Data      Debug   

     25846       1366        626        164      11092     956055   Grand Totals
     25846       1366        626        164      11092     956055   ELF Image Totals
     25846       1366        626        164          0          0   ROM Totals

==============================================================================

    Total RO  Size (Code + RO Data)                26472 (  25.85kB)
    Total RW  Size (RW Data + ZI Data)             11256 (  10.99kB)
    Total ROM Size (Code + RO Data + RW Data)      26636 (  26.01kB)

==============================================================================

