Component: ARM Compiler 5.06 update 7 (build 960) Tool: armlink [4d3601]

==============================================================================

Section Cross References

    startup_stm32f407xx.o(STACK) refers (Special) to heapauxi.o(.text) for __use_two_region_memory
    startup_stm32f407xx.o(HEAP) refers (Special) to heapauxi.o(.text) for __use_two_region_memory
    startup_stm32f407xx.o(RESET) refers (Special) to heapauxi.o(.text) for __use_two_region_memory
    startup_stm32f407xx.o(RESET) refers to startup_stm32f407xx.o(STACK) for __initial_sp
    startup_stm32f407xx.o(RESET) refers to startup_stm32f407xx.o(.text) for Reset_Handler
    startup_stm32f407xx.o(RESET) refers to stm32f4xx_it.o(i.NMI_Handler) for NMI_Handler
    startup_stm32f407xx.o(RESET) refers to stm32f4xx_it.o(i.HardFault_Handler) for HardFault_Handler
    startup_stm32f407xx.o(RESET) refers to stm32f4xx_it.o(i.MemManage_Handler) for MemManage_Handler
    startup_stm32f407xx.o(RESET) refers to stm32f4xx_it.o(i.BusFault_Handler) for BusFault_Handler
    startup_stm32f407xx.o(RESET) refers to stm32f4xx_it.o(i.UsageFault_Handler) for UsageFault_Handler
    startup_stm32f407xx.o(RESET) refers to stm32f4xx_it.o(i.SVC_Handler) for SVC_Handler
    startup_stm32f407xx.o(RESET) refers to stm32f4xx_it.o(i.DebugMon_Handler) for DebugMon_Handler
    startup_stm32f407xx.o(RESET) refers to stm32f4xx_it.o(i.PendSV_Handler) for PendSV_Handler
    startup_stm32f407xx.o(RESET) refers to stm32f4xx_it.o(i.SysTick_Handler) for SysTick_Handler
    startup_stm32f407xx.o(RESET) refers to stm32f4xx_it.o(i.EXTI2_IRQHandler) for EXTI2_IRQHandler
    startup_stm32f407xx.o(RESET) refers to stm32f4xx_it.o(i.EXTI4_IRQHandler) for EXTI4_IRQHandler
    startup_stm32f407xx.o(RESET) refers to stm32f4xx_it.o(i.CAN1_RX0_IRQHandler) for CAN1_RX0_IRQHandler
    startup_stm32f407xx.o(RESET) refers to stm32f4xx_it.o(i.EXTI9_5_IRQHandler) for EXTI9_5_IRQHandler
    startup_stm32f407xx.o(RESET) refers to stm32f4xx_it.o(i.TIM2_IRQHandler) for TIM2_IRQHandler
    startup_stm32f407xx.o(RESET) refers to stm32f4xx_it.o(i.SDIO_IRQHandler) for SDIO_IRQHandler
    startup_stm32f407xx.o(RESET) refers to stm32f4xx_it.o(i.DMA2_Stream0_IRQHandler) for DMA2_Stream0_IRQHandler
    startup_stm32f407xx.o(RESET) refers to stm32f4xx_it.o(i.DMA2_Stream3_IRQHandler) for DMA2_Stream3_IRQHandler
    startup_stm32f407xx.o(RESET) refers to stm32f4xx_it.o(i.DMA2_Stream6_IRQHandler) for DMA2_Stream6_IRQHandler
    startup_stm32f407xx.o(.text) refers (Special) to heapauxi.o(.text) for __use_two_region_memory
    startup_stm32f407xx.o(.text) refers to system_stm32f4xx.o(i.SystemInit) for SystemInit
    startup_stm32f407xx.o(.text) refers to __main.o(!!!main) for __main
    startup_stm32f407xx.o(.text) refers to startup_stm32f407xx.o(HEAP) for Heap_Mem
    startup_stm32f407xx.o(.text) refers to startup_stm32f407xx.o(STACK) for Stack_Mem
    main.o(i.CAN_Txsetup) refers to stm32f4xx_hal_can.o(i.HAL_CAN_Start) for HAL_CAN_Start
    main.o(i.CAN_Txsetup) refers to can.o(.bss) for hcan1
    main.o(i.CAN_Txsetup) refers to main.o(.bss) for .bss
    main.o(i.CAN_Txsetup) refers to main.o(.data) for .data
    main.o(i.CAN_filterConfig) refers to stm32f4xx_hal_can.o(i.HAL_CAN_ConfigFilter) for HAL_CAN_ConfigFilter
    main.o(i.CAN_filterConfig) refers to stm32f4xx_hal_can.o(i.HAL_CAN_ActivateNotification) for HAL_CAN_ActivateNotification
    main.o(i.CAN_filterConfig) refers to can.o(.bss) for hcan1
    main.o(i.HAL_CAN_RxFifo0MsgPendingCallback) refers to stm32f4xx_hal_can.o(i.HAL_CAN_GetRxMessage) for HAL_CAN_GetRxMessage
    main.o(i.HAL_CAN_RxFifo0MsgPendingCallback) refers to stm32f4xx_hal_gpio.o(i.HAL_GPIO_WritePin) for HAL_GPIO_WritePin
    main.o(i.HAL_CAN_RxFifo0MsgPendingCallback) refers to main.o(.data) for .data
    main.o(i.HAL_CAN_RxFifo0MsgPendingCallback) refers to main.o(.bss) for .bss
    main.o(i.HAL_TIM_PeriodElapsedCallback) refers to _printf_percent.o(.ARM.Collect$$_printf_percent$$00000000) for _printf_percent
    main.o(i.HAL_TIM_PeriodElapsedCallback) refers to _printf_d.o(.ARM.Collect$$_printf_percent$$00000009) for _printf_d
    main.o(i.HAL_TIM_PeriodElapsedCallback) refers to _printf_dec.o(.text) for _printf_int_dec
    main.o(i.HAL_TIM_PeriodElapsedCallback) refers to stm32f4xx_hal_can.o(i.HAL_CAN_AddTxMessage) for HAL_CAN_AddTxMessage
    main.o(i.HAL_TIM_PeriodElapsedCallback) refers to stm32f4xx_hal_gpio.o(i.HAL_GPIO_WritePin) for HAL_GPIO_WritePin
    main.o(i.HAL_TIM_PeriodElapsedCallback) refers to main.o(i.torque_to_can) for torque_to_can
    main.o(i.HAL_TIM_PeriodElapsedCallback) refers to stm32f4xx_hal_iwdg.o(i.HAL_IWDG_Refresh) for HAL_IWDG_Refresh
    main.o(i.HAL_TIM_PeriodElapsedCallback) refers to stm32f4xx_hal_gpio.o(i.HAL_GPIO_TogglePin) for HAL_GPIO_TogglePin
    main.o(i.HAL_TIM_PeriodElapsedCallback) refers to noretval__2sprintf.o(.text) for __2sprintf
[...]
    _atexit_init                              - Undefined Weak Reference
    _call_atexit_fns                          - Undefined Weak Reference
    _clock_init                               - Undefined Weak Reference
    _fp_trap_init                             - Undefined Weak Reference
    _fp_trap_shutdown                         - Undefined Weak Reference
    _get_lc_collate                           - Undefined Weak Reference
    _get_lc_ctype                             - Undefined Weak Reference
    _get_lc_monetary                          - Undefined Weak Reference
    _get_lc_numeric                           - Undefined Weak Reference
    _get_lc_time                              - Undefined Weak Reference
    _getenv_init                              - Undefined Weak Reference
    _handle_redirection                       - Undefined Weak Reference
    _init_alloc                               - Undefined Weak Reference
    _init_user_alloc                          - Undefined Weak Reference
    _initio                                   - Undefined Weak Reference
    _printf_post_padding                      - Undefined Weak Reference
    _printf_pre_padding                       - Undefined Weak Reference
    _printf_truncate_signed                   - Undefined Weak Reference
    _printf_truncate_unsigned                 - Undefined Weak Reference
    _rand_init                                - Undefined Weak Reference
    _signal_finish                            - Undefined Weak Reference
    _signal_init                              - Undefined Weak Reference
    _terminate_alloc                          - Undefined Weak Reference
    _terminate_user_alloc                     - Undefined Weak Reference
    _terminateio                              - Undefined Weak Reference
    __Vectors_Size                           0x00000188   Number         0  startup_stm32f407xx.o ABSOLUTE
    __Vectors                                0x08000000   Data           4  startup_stm32f407xx.o(RESET)
    __Vectors_End                            0x08000188   Data           0  startup_stm32f407xx.o(RESET)
    __main                                   0x08000189   Thumb Code     8  __main.o(!!!main)
    __scatterload                            0x08000191   Thumb Code     0  __scatter.o(!!!scatter)
    __scatterload_rt2                        0x08000191   Thumb Code    44  __scatter.o(!!!scatter)
    __scatterload_rt2_thumb_only             0x08000191   Thumb Code     0  __scatter.o(!!!scatter)
    __scatterload_null                       0x0800019f   Thumb Code     0  __scatter.o(!!!scatter)
    __scatterload_copy                       0x080001c5   Thumb Code    26  __scatter_copy.o(!!handler_copy)
    __scatterload_zeroinit                   0x080001e1   Thumb Code    28  __scatter_zi.o(!!handler_zi)
    _printf_d                                0x080001fd   Thumb Code     0  _printf_d.o(.ARM.Collect$$_printf_percent$$00000009)
    _printf_percent                          0x080001fd   Thumb Code     0  _printf_percent.o(.ARM.Collect$$_printf_percent$$00000000)
    _printf_percent_end                      0x08000203   Thumb Code     0  _printf_percent_end.o(.ARM.Collect$$_printf_percent$$00000017)
    __rt_lib_init                            0x08000207   Thumb Code     0  libinit.o(.ARM.Collect$$libinit$$00000000)
    __rt_lib_init_fp_1                       0x08000209   Thumb Code     0  libinit2.o(.ARM.Collect$$libinit$$00000001)
    __rt_lib_init_alloca_1                   0x0800020d   Thumb Code     0  libinit2.o(.ARM.Collect$$libinit$$0000002E)
    __rt_lib_init_argv_1                     0x0800020d   Thumb Code     0  libinit2.o(.ARM.Collect$$libinit$$0000002C)
    __rt_lib_init_atexit_1                   0x0800020d   Thumb Code     0  libinit2.o(.ARM.Collect$$libinit$$0000001B)
    __rt_lib_init_clock_1                    0x0800020d   Thumb Code     0  libinit2.o(.ARM.Collect$$libinit$$00000021)
    __rt_lib_init_cpp_1                      0x0800020d   Thumb Code     0  libinit2.o(.ARM.Collect$$libinit$$00000032)
    __rt_lib_init_exceptions_1               0x0800020d   Thumb Code     0  libinit2.o(.ARM.Collect$$libinit$$00000030)
    __rt_lib_init_fp_trap_1                  0x0800020d   Thumb Code     0  libinit2.o(.ARM.Collect$$libinit$$0000001F)
    __rt_lib_init_getenv_1                   0x0800020d   Thumb Code     0  libinit2.o(.ARM.Collect$$libinit$$00000023)
    __rt_lib_init_heap_1                     0x0800020d   Thumb Code     0  libinit2.o(.ARM.Collect$$libinit$$0000000A)
    __rt_lib_init_lc_collate_1               0x0800020d   Thumb Code     0  libinit2.o(.ARM.Collect$$libinit$$00000011)
    __rt_lib_init_lc_ctype_1                 0x0800020d   Thumb Code     0  libinit2.o(.ARM.Collect$$libinit$$00000013)
    __rt_lib_init_lc_monetary_1              0x0800020d   Thumb Code     0  libinit2.o(.ARM.Collect$$libinit$$00000015)
    __rt_lib_init_lc_numeric_1               0x0800020d   Thumb Code     0  libinit2.o(.ARM.Collect$$libinit$$00000017)
    __rt_lib_init_lc_time_1                  0x0800020d   Thumb Code     0  libinit2.o(.ARM.Collect$$libinit$$00000019)
    __rt_lib_init_preinit_1                  0x0800020d   Thumb Code     0  libinit2.o(.ARM.Collect$$libinit$$00000004)
    __rt_lib_init_rand_1                     0x0800020d   Thumb Code     0  libinit2.o(.ARM.Collect$$libinit$$0000000E)
    __rt_lib_init_return                     0x0800020d   Thumb Code     0  libinit2.o(.ARM.Collect$$libinit$$00000033)
    __rt_lib_init_signal_1                   0x0800020d   Thumb Code     0  libinit2.o(.ARM.Collect$$libinit$$0000001D)
    __rt_lib_init_stdio_1                    0x0800020d   Thumb Code     0  libinit2.o(.ARM.Collect$$libinit$$00000025)
    __rt_lib_init_user_alloc_1               0x0800020d   Thumb Code     0  libinit2.o(.ARM.Collect$$libinit$$0000000C)
    __rt_lib_shutdown                        0x0800020f   Thumb Code     0  libshutdown.o(.ARM.Collect$$libshutdown$$00000000)
    __rt_lib_shutdown_cpp_1                  0x08000211   Thumb Code     0  libshutdown2.o(.ARM.Collect$$libshutdown$$00000004)
    __rt_lib_shutdown_fini_1                 0x08000211   Thumb Code     0  libshutdown2.o(.ARM.Collect$$libshutdown$$00000002)
    __rt_lib_shutdown_fp_trap_1              0x08000211   Thumb Code     0  libshutdown2.o(.ARM.Collect$$libshutdown$$00000009)
    __rt_lib_shutdown_heap_1                 0x08000211   Thumb Code     0  libshutdown2.o(.ARM.Collect$$libshutdown$$00000011)
    __rt_lib_shutdown_return                 0x08000211   Thumb Code     0  libshutdown2.o(.ARM.Collect$$libshutdown$$00000012)
    __rt_lib_shutdown_signal_1               0x08000211   Thumb Code     0  libshutdown2.o(.ARM.Collect$$libshutdown$$0000000C)
    __rt_lib_shutdown_stdio_1                0x08000211   Thumb Code     0  libshutdown2.o(.ARM.Collect$$libshutdown$$00000006)
    __rt_lib_shutdown_user_alloc_1           0x08000211   Thumb Code     0  libshutdown2.o(.ARM.Collect$$libshutdown$$0000000E)
    __rt_entry                               0x08000213   Thumb Code     0  __rtentry.o(.ARM.Collect$$rtentry$$00000000)
    __rt_entry_presh_1                       0x08000213   Thumb Code     0  __rtentry2.o(.ARM.Collect$$rtentry$$00000002)
    __rt_entry_sh                            0x08000213   Thumb Code     0  __rtentry4.o(.ARM.Collect$$rtentry$$00000004)
    __rt_entry_li                            0x08000219   Thumb Code     0  __rtentry2.o(.ARM.Collect$$rtentry$$0000000A)
    __rt_entry_postsh_1                      0x08000219   Thumb Code     0  __rtentry2.o(.ARM.Collect$$rtentry$$00000009)
    __rt_entry_main                          0x0800021d   Thumb Code     0  __rtentry2.o(.ARM.Collect$$rtentry$$0000000D)
    __rt_entry_postli_1                      0x0800021d   Thumb Code     0  __rtentry2.o(.ARM.Collect$$rtentry$$0000000C)
    __rt_exit                                0x08000225   Thumb Code     0  rtexit.o(.ARM.Collect$$rtexit$$00000000)
    __rt_exit_ls                             0x08000227   Thumb Code     0  rtexit2.o(.ARM.Collect$$rtexit$$00000003)
    __rt_exit_prels_1                        0x08000227   Thumb Code     0  rtexit2.o(.ARM.Collect$$rtexit$$00000002)
    __rt_exit_exit                           0x0800022b   Thumb Code     0  rtexit2.o(.ARM.Collect$$rtexit$$00000004)
    Reset_Handler                            0x08000231   Thumb Code     8  startup_stm32f407xx.o(.text)
    ADC_IRQHandler                           0x0800024b   Thumb Code     0  startup_stm32f407xx.o(.text)
    CAN1_RX1_IRQHandler                      0x0800024b   Thumb Code     0  startup_stm32f407xx.o(.text)
    CAN1_SCE_IRQHandler                      0x0800024b   Thumb Code     0  startup_stm32f407xx.o(.text)
    CAN1_TX_IRQHandler                       0x0800024b   Thumb Code     0  startup_stm32f407xx.o(.text)
    CAN2_RX0_IRQHandler                      0x0800024b   Thumb Code     0  startup_stm32f407xx.o(.text)
    CAN2_RX1_IRQHandler                      0x0800024b   Thumb Code     0  startup_stm32f407xx.o(.text)
    CAN2_SCE_IRQHandler                      0x0800024b   Thumb Code     0  startup_stm32f407xx.o(.text)
    CAN2_TX_IRQHandler                       0x0800024b   Thumb Code     0  startup_stm32f407xx.o(.text)
    DCMI_IRQHandler                          0x0800024b   Thumb Code     0  startup_stm32f407xx.o(.text)
    DMA1_Stream0_IRQHandler                  0x0800024b   Thumb Code     0  startup_stm32f407xx.o(.text)
    DMA1_Stream1_IRQHandler                  0x0800024b   Thumb Code     0  startup_stm32f407xx.o(.text)
    DMA1_Stream2_IRQHandler                  0x0800024b   Thumb Code     0  startup_stm32f407xx.o(.text)
    DMA1_Stream3_IRQHandler                  0x0800024b   Thumb Code     0  startup_stm32f407xx.o(.text)
    DMA1_Stream4_IRQHandler                  0x0800024b   Thumb Code     0  startup_stm32f407xx.o(.text)
    DMA1_Stream5_IRQHandler                  0x0800024b   Thumb Code     0  startup_stm32f407xx.o(.text)
    DMA1_Stream6_IRQHandler                  0x0800024b   Thumb Code     0  startup_stm32f407xx.o(.text)
    DMA1_Stream7_IRQHandler                  0x0800024b   Thumb Code     0  startup_stm32f407xx.o(.text)
    DMA2_Stream1_IRQHandler                  0x0800024b   Thumb Code     0  startup_stm32f407xx.o(.text)
    DMA2_Stream2_IRQHandler                  0x0800024b   Thumb Code     0  startup_stm32f407xx.o(.text)
    DMA2_Stream4_IRQHandler                  0x0800024b   Thumb Code     0  startup_stm32f407xx.o(.text)
    DMA2_Stream5_IRQHandler                  0x0800024b   Thumb Code     0  startup_stm32f407xx.o(.text)
    DMA2_Stream7_IRQHandler                  0x0800024b   Thumb Code     0  startup_stm32f407xx.o(.text)
    ETH_IRQHandler                           0x0800024b   Thumb Code     0  startup_stm32f407xx.o(.text)
    ETH_WKUP_IRQHandler                      0x0800024b   Thumb Code     0  startup_stm32f407xx.o(.text)
    EXTI0_IRQHandler                         0x0800024b   Thumb Code     0  startup_stm32f407xx.o(.text)
    EXTI15_10_IRQHandler                     0x0800024b   Thumb Code     0  startup_stm32f407xx.o(.text)
    EXTI1_IRQHandler                         0x0800024b   Thumb Code     0  startup_stm32f407xx.o(.text)
    EXTI3_IRQHandler                         0x0800024b   Thumb Code     0  startup_stm32f407xx.o(.text)
    FLASH_IRQHandler                         0x0800024b   Thumb Code     0  startup_stm32f407xx.o(.text)
    FMC_IRQHandler                           0x0800024b   Thumb Code     0  startup_stm32f407xx.o(.text)
    FPU_IRQHandler                           0x0800024b   Thumb Code     0  startup_stm32f407xx.o(.text)
    HASH_RNG_IRQHandler                      0x0800024b   Thumb Code     0  startup_stm32f407xx.o(.text)
    I2C1_ER_IRQHandler                       0x0800024b   Thumb Code     0  startup_stm32f407xx.o(.text)
    I2C1_EV_IRQHandler                       0x0800024b   Thumb Code     0  startup_stm32f407xx.o(.text)
    I2C2_ER_IRQHandler                       0x0800024b   Thumb Code     0  startup_stm32f407xx.o(.text)
    I2C2_EV_IRQHandler                       0x0800024b   Thumb Code     0  startup_stm32f407xx.o(.text)
    I2C3_ER_IRQHandler                       0x0800024b   Thumb Code     0  startup_stm32f407xx.o(.text)
    I2C3_EV_IRQHandler                       0x0800024b   Thumb Code     0  startup_stm32f407xx.o(.text)
    OTG_FS_IRQHandler                        0x0800024b   Thumb Code     0  startup_stm32f407xx.o(.text)
    OTG_FS_WKUP_IRQHandler                   0x0800024b   Thumb Code     0  startup_stm32f407xx.o(.text)
    OTG_HS_EP1_IN_IRQHandler                 0x0800024b   Thumb Code     0  startup_stm32f407xx.o(.text)
    OTG_HS_EP1_OUT_IRQHandler                0x0800024b   Thumb Code     0  startup_stm32f407xx.o(.text)
    OTG_HS_IRQHandler                        0x0800024b   Thumb Code     0  startup_stm32f407xx.o(.text)
    OTG_HS_WKUP_IRQHandler                   0x0800024b   Thumb Code     0  startup_stm32f407xx.o(.text)
    PVD_IRQHandler                           0x0800024b   Thumb Code     0  startup_stm32f407xx.o(.text)
    RCC_IRQHandler                           0x0800024b   Thumb Code     0  startup_stm32f407xx.o(.text)
    RTC_Alarm_IRQHandler                     0x0800024b   Thumb Code     0  startup_stm32f407xx.o(.text)
    RTC_WKUP_IRQHandler                      0x0800024b   Thumb Code     0  startup_stm32f407xx.o(.text)
    SPI1_IRQHandler                          0x0800024b   Thumb Code     0  startup_stm32f407xx.o(.text)
    SPI2_IRQHandler                          0x0800024b   Thumb Code     0  startup_stm32f407xx.o(.text)
    SPI3_IRQHandler                          0x0800024b   Thumb Code     0  startup_stm32f407xx.o(.text)
    TAMP_STAMP_IRQHandler                    0x0800024b   Thumb Code     0  startup_stm32f407xx.o(.text)
    TIM1_BRK_TIM9_IRQHandler                 0x0800024b   Thumb Code     0  startup_stm32f407xx.o(.text)
    TIM1_CC_IRQHandler                       0x0800024b   Thumb Code     0  startup_stm32f407xx.o(.text)
    TIM1_TRG_COM_TIM11_IRQHandler            0x0800024b   Thumb Code     0  startup_stm32f407xx.o(.text)
    TIM1_UP_TIM10_IRQHandler                 0x0800024b   Thumb Code     0  startup_stm32f407xx.o(.text)
    TIM3_IRQHandler                          0x0800024b   Thumb Code     0  startup_stm32f407xx.o(.text)
    TIM4_IRQHandler                          0x0800024b   Thumb Code     0  startup_stm32f407xx.o(.text)
    TIM5_IRQHandler                          0x0800024b   Thumb Code     0  startup_stm32f407xx.o(.text)
    TIM6_DAC_IRQHandler                      0x0800024b   Thumb Code     0  startup_stm32f407xx.o(.text)
    TIM7_IRQHandler                          0x0800024b   Thumb Code     0  startup_stm32f407xx.o(.text)
    TIM8_BRK_TIM12_IRQHandler                0x0800024b   Thumb Code     0  startup_stm32f407xx.o(.text)
    TIM8_CC_IRQHandler                       0x0800024b   Thumb Code     0  startup_stm32f407xx.o(.text)
    TIM8_TRG_COM_TIM14_IRQHandler            0x0800024b   Thumb Code     0  startup_stm32f407xx.o(.text)
    TIM8_UP_TIM13_IRQHandler                 0x0800024b   Thumb Code     0  startup_stm32f407xx.o(.text)
    UART4_IRQHandler                         0x0800024b   Thumb Code     0  startup_stm32f407xx.o(.text)
    UART5_IRQHandler                         0x0800024b   Thumb Code     0  startup_stm32f407xx.o(.text)
    USART1_IRQHandler                        0x0800024b   Thumb Code     0  startup_stm32f407xx.o(.text)
    USART2_IRQHandler                        0x0800024b   Thumb Code     0  startup_stm32f407xx.o(.text)
    USART3_IRQHandler                        0x0800024b   Thumb Code     0  startup_stm32f407xx.o(.text)
    USART6_IRQHandler                        0x0800024b   Thumb Code     0  startup_stm32f407xx.o(.text)
    WWDG_IRQHandler                          0x0800024b   Thumb Code     0  startup_stm32f407xx.o(.text)
    __user_initial_stackheap                 0x0800024d   Thumb Code     0  startup_stm32f407xx.o(.text)
    __aeabi_uldivmod                         0x08000271   Thumb Code     0  lludivv7m.o(.text)
    _ll_udiv                                 0x08000271   Thumb Code   238  lludivv7m.o(.text)
    __2sprintf                               0x08000361   Thumb Code    34  noretval__2sprintf.o(.text)
    __printf                                 0x08000389   Thumb Code   104  __printf.o(.text)
    _printf_int_dec                          0x080003f1   Thumb Code   104  _printf_dec.o(.text)
    strlen                                   0x08000469   Thumb Code    62  strlen.o(.text)
    __aeabi_memclr4                          0x080004a7   Thumb Code     0  rt_memclr_w.o(.text)
    __aeabi_memclr8                          0x080004a7   Thumb Code     0  rt_memclr_w.o(.text)
    __rt_memclr_w                            0x080004a7   Thumb Code    78  rt_memclr_w.o(.text)
    _memset_w                                0x080004ab   Thumb Code     0  rt_memclr_w.o(.text)
    __use_two_region_memory                  0x080004f5   Thumb Code     2  heapauxi.o(.text)
    __rt_heap_escrow$2region                 0x080004f7   Thumb Code     2  heapauxi.o(.text)
    __rt_heap_expand$2region                 0x080004f9   Thumb Code     2  heapauxi.o(.text)
    _printf_int_common                       0x080004fb   Thumb Code   178  _printf_intcommon.o(.text)
    _printf_char_common                      0x080005b7   Thumb Code    32  _printf_char_common.o(.text)
    _sputc                                   0x080005dd   Thumb Code    10  _sputc.o(.text)
    __user_setup_stackheap                   0x080005e7   Thumb Code    74  sys_stackheap_outer.o(.text)
    exit                                     0x08000631   Thumb Code    18  exit.o(.text)
    __user_libspace                          0x08000645   Thumb Code     8  libspace.o(.text)
    __user_perproc_libspace                  0x08000645   Thumb Code     0  libspace.o(.text)
    __user_perthread_libspace                0x08000645   Thumb Code     0  libspace.o(.text)
    _sys_exit                                0x0800064d   Thumb Code     8  sys_exit.o(.text)
    __I$use$semihosting                      0x08000659   Thumb Code     0  use_no_semi.o(.text)
    __use_no_semihosting_swi                 0x08000659   Thumb Code     2  use_no_semi.o(.text)
    __semihosting_library_function           0x0800065b   Thumb Code     0  indicate_semi.o(.text)
    BSP_SD_AbortCallback                     0x08000811   Thumb Code     2  bsp_driver_sd.o(i.BSP_SD_AbortCallback)
    BSP_SD_GetCardInfo                       0x08000815   Thumb Code     8  bsp_driver_sd.o(i.BSP_SD_GetCardInfo)
    BSP_SD_GetCardState                      0x08000821   Thumb Code    20  bsp_driver_sd.o(i.BSP_SD_GetCardState)
    BSP_SD_Init                              0x08000839   Thumb Code    42  bsp_driver_sd.o(i.BSP_SD_Init)
    BSP_SD_IsDetected                        0x08000869   Thumb Code    14  bsp_driver_sd.o(i.BSP_SD_IsDetected)
    BSP_SD_ReadBlocks                        0x08000879   Thumb Code    26  bsp_driver_sd.o(i.BSP_SD_ReadBlocks)
    BSP_SD_ReadCpltCallback                  0x08000899   Thumb Code     2  bsp_driver_sd.o(i.BSP_SD_ReadCpltCallback)
    BSP_SD_WriteBlocks                       0x0800089d   Thumb Code    26  bsp_driver_sd.o(i.BSP_SD_WriteBlocks)
    BSP_SD_WriteCpltCallback                 0x080008bd   Thumb Code     2  bsp_driver_sd.o(i.BSP_SD_WriteCpltCallback)
    BusFault_Handler                         0x080008bf   Thumb Code     2  stm32f4xx_it.o(i.BusFault_Handler)
    CAN1_RX0_IRQHandler                      0x080008c1   Thumb Code     6  stm32f4xx_it.o(i.CAN1_RX0_IRQHandler)
    CAN_Txsetup                              0x080008cd   Thumb Code   156  main.o(i.CAN_Txsetup)
    CAN_filterConfig                         0x08000975   Thumb Code    64  main.o(i.CAN_filterConfig)
    DMA2_Stream0_IRQHandler                  0x080009b9   Thumb Code     6  stm32f4xx_it.o(i.DMA2_Stream0_IRQHandler)
    DMA2_Stream3_IRQHandler                  0x080009c5   Thumb Code     6  stm32f4xx_it.o(i.DMA2_Stream3_IRQHandler)
    DMA2_Stream6_IRQHandler                  0x080009d1   Thumb Code     6  stm32f4xx_it.o(i.DMA2_Stream6_IRQHandler)
    DebugMon_Handler                         0x08000a81   Thumb Code     2  stm32f4xx_it.o(i.DebugMon_Handler)
    EXTI2_IRQHandler                         0x08000a83   Thumb Code     6  stm32f4xx_it.o(i.EXTI2_IRQHandler)
    EXTI4_IRQHandler                         0x08000a89   Thumb Code     6  stm32f4xx_it.o(i.EXTI4_IRQHandler)
    EXTI9_5_IRQHandler                       0x08000a8f   Thumb Code     6  stm32f4xx_it.o(i.EXTI9_5_IRQHandler)
    Error_Handler                            0x08000a95   Thumb Code     4  main.o(i.Error_Handler)
    FATFS_LinkDriver                         0x08000a99   Thumb Code     6  ff_gen_drv.o(i.FATFS_LinkDriver)
    FATFS_LinkDriverEx                       0x08000aa1   Thumb Code    58  ff_gen_drv.o(i.FATFS_LinkDriverEx)
    HAL_ADC_ConfigChannel                    0x08000ae1   Thumb Code   316  stm32f4xx_hal_adc.o(i.HAL_ADC_ConfigChannel)
    HAL_ADC_ConvCpltCallback                 0x08000c2d   Thumb Code     2  stm32f4xx_hal_adc.o(i.HAL_ADC_ConvCpltCallback)
    HAL_ADC_ConvHalfCpltCallback             0x08000c2f   Thumb Code     2  stm32f4xx_hal_adc.o(i.HAL_ADC_ConvHalfCpltCallback)
    HAL_ADC_ErrorCallback                    0x08000c31   Thumb Code     2  stm32f4xx_hal_adc.o(i.HAL_ADC_ErrorCallback)
    HAL_ADC_Init                             0x08000c33   Thumb Code    84  stm32f4xx_hal_adc.o(i.HAL_ADC_Init)
    HAL_ADC_MspInit                          0x08000c89   Thumb Code   132  adc.o(i.HAL_ADC_MspInit)
    HAL_ADC_Start_DMA                        0x08000d21   Thumb Code   302  stm32f4xx_hal_adc.o(i.HAL_ADC_Start_DMA)
    HAL_CAN_ActivateNotification             0x08000e75   Thumb Code    36  stm32f4xx_hal_can.o(i.HAL_CAN_ActivateNotification)
    HAL_CAN_AddTxMessage                     0x08000e99   Thumb Code   220  stm32f4xx_hal_can.o(i.HAL_CAN_AddTxMessage)
    HAL_CAN_ConfigFilter                     0x08000f75   Thumb Code   262  stm32f4xx_hal_can.o(i.HAL_CAN_ConfigFilter)
    HAL_CAN_ErrorCallback                    0x08001081   Thumb Code     2  stm32f4xx_hal_can.o(i.HAL_CAN_ErrorCallback)
    HAL_CAN_GetRxMessage                     0x08001083   Thumb Code   232  stm32f4xx_hal_can.o(i.HAL_CAN_GetRxMessage)
    HAL_CAN_IRQHandler                       0x0800116b   Thumb Code   508  stm32f4xx_hal_can.o(i.HAL_CAN_IRQHandler)
    HAL_CAN_Init                             0x08001367   Thumb Code   282  stm32f4xx_hal_can.o(i.HAL_CAN_Init)
    HAL_CAN_MspInit                          0x08001481   Thumb Code    90  can.o(i.HAL_CAN_MspInit)
    HAL_CAN_RxFifo0FullCallback              0x080014e9   Thumb Code     2  stm32f4xx_hal_can.o(i.HAL_CAN_RxFifo0FullCallback)
    HAL_CAN_RxFifo0MsgPendingCallback        0x080014ed   Thumb Code   210  main.o(i.HAL_CAN_RxFifo0MsgPendingCallback)
    HAL_CAN_RxFifo1FullCallback              0x080015cd   Thumb Code     2  stm32f4xx_hal_can.o(i.HAL_CAN_RxFifo1FullCallback)
    HAL_CAN_RxFifo1MsgPendingCallback        0x080015cf   Thumb Code     2  stm32f4xx_hal_can.o(i.HAL_CAN_RxFifo1MsgPendingCallback)
    HAL_CAN_SleepCallback                    0x080015d1   Thumb Code     2  stm32f4xx_hal_can.o(i.HAL_CAN_SleepCallback)
    HAL_CAN_Start                            0x080015d5   Thumb Code    88  stm32f4xx_hal_can.o(i.HAL_CAN_Start)
    HAL_CAN_TxMailbox0AbortCallback          0x0800162d   Thumb Code     2  stm32f4xx_hal_can.o(i.HAL_CAN_TxMailbox0AbortCallback)
    HAL_CAN_TxMailbox0CompleteCallback       0x0800162f   Thumb Code     2  stm32f4xx_hal_can.o(i.HAL_CAN_TxMailbox0CompleteCallback)
    HAL_CAN_TxMailbox1AbortCallback          0x08001631   Thumb Code     2  stm32f4xx_hal_can.o(i.HAL_CAN_TxMailbox1AbortCallback)
    HAL_CAN_TxMailbox1CompleteCallback       0x08001633   Thumb Code     2  stm32f4xx_hal_can.o(i.HAL_CAN_TxMailbox1CompleteCallback)
    HAL_CAN_TxMailbox2AbortCallback          0x08001635   Thumb Code     2  stm32f4xx_hal_can.o(i.HAL_CAN_TxMailbox2AbortCallback)
    HAL_CAN_TxMailbox2CompleteCallback       0x08001637   Thumb Code     2  stm32f4xx_hal_can.o(i.HAL_CAN_TxMailbox2CompleteCallback)
    HAL_CAN_WakeUpFromRxMsgCallback          0x08001639   Thumb Code     2  stm32f4xx_hal_can.o(i.HAL_CAN_WakeUpFromRxMsgCallback)
    HAL_DMA_Abort_IT                         0x0800163b   Thumb Code    36  stm32f4xx_hal_dma.o(i.HAL_DMA_Abort_IT)
    HAL_DMA_IRQHandler                       0x08001661   Thumb Code   412  stm32f4xx_hal_dma.o(i.HAL_DMA_IRQHandler)
    HAL_DMA_Init                             0x08001801   Thumb Code   206  stm32f4xx_hal_dma.o(i.HAL_DMA_Init)
    HAL_DMA_Start_IT                         0x080018d5   Thumb Code   110  stm32f4xx_hal_dma.o(i.HAL_DMA_Start_IT)
    HAL_Delay                                0x08001945   Thumb Code    32  stm32f4xx_hal.o(i.HAL_Delay)
    HAL_GPIO_EXTI_Callback                   0x08001969   Thumb Code   160  gpio.o(i.HAL_GPIO_EXTI_Callback)
    HAL_GPIO_EXTI_IRQHandler                 0x08001a31   Thumb Code    18  stm32f4xx_hal_gpio.o(i.HAL_GPIO_EXTI_IRQHandler)
    HAL_GPIO_Init                            0x08001a49   Thumb Code   450  stm32f4xx_hal_gpio.o(i.HAL_GPIO_Init)
    HAL_GPIO_ReadPin                         0x08001c39   Thumb Code    10  stm32f4xx_hal_gpio.o(i.HAL_GPIO_ReadPin)
    HAL_GPIO_TogglePin                       0x08001c43   Thumb Code    16  stm32f4xx_hal_gpio.o(i.HAL_GPIO_TogglePin)
    HAL_GPIO_WritePin                        0x08001c53   Thumb Code    10  stm32f4xx_hal_gpio.o(i.HAL_GPIO_WritePin)
    HAL_GetTick                              0x08001c5d   Thumb Code     6  stm32f4xx_hal.o(i.HAL_GetTick)
    HAL_IWDG_Init                            0x08001c69   Thumb Code    90  stm32f4xx_hal_iwdg.o(i.HAL_IWDG_Init)
    HAL_IWDG_Refresh                         0x08001cc3   Thumb Code    12  stm32f4xx_hal_iwdg.o(i.HAL_IWDG_Refresh)
    HAL_IncTick                              0x08001cd1   Thumb Code    12  stm32f4xx_hal.o(i.HAL_IncTick)
    HAL_Init                                 0x08001ce1   Thumb Code    48  stm32f4xx_hal.o(i.HAL_Init)
    HAL_InitTick                             0x08001d15   Thumb Code    54  stm32f4xx_hal.o(i.HAL_InitTick)
    HAL_MspInit                              0x08001d55   Thumb Code    48  stm32f4xx_hal_msp.o(i.HAL_MspInit)
    HAL_NVIC_EnableIRQ                       0x08001d89   Thumb Code    26  stm32f4xx_hal_cortex.o(i.HAL_NVIC_EnableIRQ)
    HAL_NVIC_SetPriority                     0x08001da5   Thumb Code    60  stm32f4xx_hal_cortex.o(i.HAL_NVIC_SetPriority)
    HAL_NVIC_SetPriorityGrouping             0x08001de5   Thumb Code    26  stm32f4xx_hal_cortex.o(i.HAL_NVIC_SetPriorityGrouping)
    HAL_RCC_ClockConfig                      0x08001e09   Thumb Code   288  stm32f4xx_hal_rcc.o(i.HAL_RCC_ClockConfig)
    HAL_RCC_GetSysClockFreq                  0x08001f3d   Thumb Code    88  stm32f4xx_hal_rcc.o(i.HAL_RCC_GetSysClockFreq)
    HAL_RCC_OscConfig                        0x08001f9d   Thumb Code   856  stm32f4xx_hal_rcc.o(i.HAL_RCC_OscConfig)
    HAL_SD_AbortCallback                     0x08002309   Thumb Code     8  bsp_driver_sd.o(i.HAL_SD_AbortCallback)
    HAL_SD_ConfigWideBusOperation            0x08002311   Thumb Code   276  stm32f4xx_hal_sd.o(i.HAL_SD_ConfigWideBusOperation)
    HAL_SD_ErrorCallback                     0x08002429   Thumb Code     2  stm32f4xx_hal_sd.o(i.HAL_SD_ErrorCallback)
    HAL_SD_GetCardCSD                        0x0800242d   Thumb Code   402  stm32f4xx_hal_sd.o(i.HAL_SD_GetCardCSD)
    HAL_SD_GetCardInfo                       0x080025c5   Thumb Code    36  stm32f4xx_hal_sd.o(i.HAL_SD_GetCardInfo)
    HAL_SD_GetCardState                      0x080025e9   Thumb Code    44  stm32f4xx_hal_sd.o(i.HAL_SD_GetCardState)
    HAL_SD_IRQHandler                        0x08002615   Thumb Code   512  stm32f4xx_hal_sd.o(i.HAL_SD_IRQHandler)
    HAL_SD_Init                              0x0800281d   Thumb Code    54  stm32f4xx_hal_sd.o(i.HAL_SD_Init)
    HAL_SD_InitCard                          0x08002855   Thumb Code   108  stm32f4xx_hal_sd.o(i.HAL_SD_InitCard)
    HAL_SD_MspInit                           0x080028c9   Thumb Code   332  sdio.o(i.HAL_SD_MspInit)
    HAL_SD_ReadBlocks                        0x08002a2d   Thumb Code   468  stm32f4xx_hal_sd.o(i.HAL_SD_ReadBlocks)
    HAL_SD_RxCpltCallback                    0x08002c05   Thumb Code     8  bsp_driver_sd.o(i.HAL_SD_RxCpltCallback)
    HAL_SD_TxCpltCallback                    0x08002c0d   Thumb Code     8  bsp_driver_sd.o(i.HAL_SD_TxCpltCallback)
    HAL_SD_WriteBlocks                       0x08002c15   Thumb Code   422  stm32f4xx_hal_sd.o(i.HAL_SD_WriteBlocks)
    HAL_SYSTICK_Config                       0x08002dc1   Thumb Code    40  stm32f4xx_hal_cortex.o(i.HAL_SYSTICK_Config)
    HAL_TIMEx_BreakCallback                  0x08002de9   Thumb Code     2  stm32f4xx_hal_tim_ex.o(i.HAL_TIMEx_BreakCallback)
    HAL_TIMEx_CommutCallback                 0x08002deb   Thumb Code     2  stm32f4xx_hal_tim_ex.o(i.HAL_TIMEx_CommutCallback)
    HAL_TIMEx_ConfigBreakDeadTime            0x08002ded   Thumb Code    84  stm32f4xx_hal_tim_ex.o(i.HAL_TIMEx_ConfigBreakDeadTime)
    HAL_TIMEx_MasterConfigSynchronization    0x08002e41   Thumb Code   116  stm32f4xx_hal_tim_ex.o(i.HAL_TIMEx_MasterConfigSynchronization)
    HAL_TIM_Base_Init                        0x08002ed1   Thumb Code    90  stm32f4xx_hal_tim.o(i.HAL_TIM_Base_Init)
    HAL_TIM_Base_MspInit                     0x08002f2d   Thumb Code    42  tim.o(i.HAL_TIM_Base_MspInit)
    HAL_TIM_Base_Start_IT                    0x08002f61   Thumb Code   100  stm32f4xx_hal_tim.o(i.HAL_TIM_Base_Start_IT)
    HAL_TIM_ConfigClockSource                0x08002fe1   Thumb Code   220  stm32f4xx_hal_tim.o(i.HAL_TIM_ConfigClockSource)
    HAL_TIM_IC_CaptureCallback               0x080030bd   Thumb Code     2  stm32f4xx_hal_tim.o(i.HAL_TIM_IC_CaptureCallback)
    HAL_TIM_IRQHandler                       0x080030bf   Thumb Code   358  stm32f4xx_hal_tim.o(i.HAL_TIM_IRQHandler)
    HAL_TIM_MspPostInit                      0x08003225   Thumb Code    72  tim.o(i.HAL_TIM_MspPostInit)
    HAL_TIM_OC_DelayElapsedCallback          0x08003279   Thumb Code     2  stm32f4xx_hal_tim.o(i.HAL_TIM_OC_DelayElapsedCallback)
    HAL_TIM_PWM_ConfigChannel                0x0800327b   Thumb Code   204  stm32f4xx_hal_tim.o(i.HAL_TIM_PWM_ConfigChannel)
    HAL_TIM_PWM_Init                         0x08003347   Thumb Code    90  stm32f4xx_hal_tim.o(i.HAL_TIM_PWM_Init)
    HAL_TIM_PWM_MspInit                      0x080033a1   Thumb Code     2  stm32f4xx_hal_tim.o(i.HAL_TIM_PWM_MspInit)
    HAL_TIM_PWM_PulseFinishedCallback        0x080033a3   Thumb Code     2  stm32f4xx_hal_tim.o(i.HAL_TIM_PWM_PulseFinishedCallback)
    HAL_TIM_PWM_Start                        0x080033a5   Thumb Code   172  stm32f4xx_hal_tim.o(i.HAL_TIM_PWM_Start)
    HAL_TIM_PeriodElapsedCallback            0x0800346d   Thumb Code   332  main.o(i.HAL_TIM_PeriodElapsedCallback)
    HAL_TIM_TriggerCallback                  0x08003601   Thumb Code     2  stm32f4xx_hal_tim.o(i.HAL_TIM_TriggerCallback)
    HardFault_Handler                        0x08003603   Thumb Code     2  stm32f4xx_it.o(i.HardFault_Handler)
    MX_ADC1_Init                             0x08003605   Thumb Code   152  adc.o(i.MX_ADC1_Init)
    MX_CAN1_Init                             0x080036a9   Thumb Code    60  can.o(i.MX_CAN1_Init)
    MX_DMA_Init                              0x080036ed   Thumb Code    56  dma.o(i.MX_DMA_Init)
    MX_FATFS_Init                            0x08003729   Thumb Code    18  fatfs.o(i.MX_FATFS_Init)
    MX_GPIO_Init                             0x08003745   Thumb Code   274  gpio.o(i.MX_GPIO_Init)
    MX_IWDG_Init                             0x0800386d   Thumb Code    36  iwdg.o(i.MX_IWDG_Init)
    MX_SDIO_SD_Init                          0x08003901   Thumb Code    22  sdio.o(i.MX_SDIO_SD_Init)
    MX_TIM1_Init                             0x08003921   Thumb Code   192  tim.o(i.MX_TIM1_Init)
    MX_TIM2_Init                             0x080039e9   Thumb Code    98  tim.o(i.MX_TIM2_Init)
    MemManage_Handler                        0x08003a51   Thumb Code     2  stm32f4xx_it.o(i.MemManage_Handler)
    NMI_Handler                              0x08003a53   Thumb Code     2  stm32f4xx_it.o(i.NMI_Handler)
    PendSV_Handler                           0x08003a55   Thumb Code     2  stm32f4xx_it.o(i.PendSV_Handler)
    SDIO_ConfigData                          0x08003a57   Thumb Code    36  stm32f4xx_ll_sdmmc.o(i.SDIO_ConfigData)
    SDIO_GetPowerState                       0x08003a7b   Thumb Code     8  stm32f4xx_ll_sdmmc.o(i.SDIO_GetPowerState)
    SDIO_GetResponse                         0x08003a83   Thumb Code     6  stm32f4xx_ll_sdmmc.o(i.SDIO_GetResponse)
    SDIO_IRQHandler                          0x08003a89   Thumb Code     6  stm32f4xx_it.o(i.SDIO_IRQHandler)
    SDIO_Init                                0x08003a95   Thumb Code    36  stm32f4xx_ll_sdmmc.o(i.SDIO_Init)
    SDIO_PowerState_ON                       0x08003ab9   Thumb Code    16  stm32f4xx_ll_sdmmc.o(i.SDIO_PowerState_ON)
    SDIO_ReadFIFO                            0x08003ac9   Thumb Code     6  stm32f4xx_ll_sdmmc.o(i.SDIO_ReadFIFO)
    SDIO_SendCommand                         0x08003acf   Thumb Code    32  stm32f4xx_ll_sdmmc.o(i.SDIO_SendCommand)
    SDIO_WriteFIFO                           0x08003aef   Thumb Code    10  stm32f4xx_ll_sdmmc.o(i.SDIO_WriteFIFO)
    SDMMC_CmdAppCommand                      0x08003af9   Thumb Code    50  stm32f4xx_ll_sdmmc.o(i.SDMMC_CmdAppCommand)
    SDMMC_CmdAppOperCommand                  0x08003b2d   Thumb Code    48  stm32f4xx_ll_sdmmc.o(i.SDMMC_CmdAppOperCommand)
    SDMMC_CmdBlockLength                     0x08003b61   Thumb Code    50  stm32f4xx_ll_sdmmc.o(i.SDMMC_CmdBlockLength)
    SDMMC_CmdBusWidth                        0x08003b93   Thumb Code    50  stm32f4xx_ll_sdmmc.o(i.SDMMC_CmdBusWidth)
    SDMMC_CmdGoIdleState                     0x08003bc5   Thumb Code    74  stm32f4xx_ll_sdmmc.o(i.SDMMC_CmdGoIdleState)
    SDMMC_CmdOperCond                        0x08003c15   Thumb Code   112  stm32f4xx_ll_sdmmc.o(i.SDMMC_CmdOperCond)
    SDMMC_CmdReadMultiBlock                  0x08003c89   Thumb Code    50  stm32f4xx_ll_sdmmc.o(i.SDMMC_CmdReadMultiBlock)
    SDMMC_CmdReadSingleBlock                 0x08003cbb   Thumb Code    50  stm32f4xx_ll_sdmmc.o(i.SDMMC_CmdReadSingleBlock)
    SDMMC_CmdSelDesel                        0x08003ced   Thumb Code    50  stm32f4xx_ll_sdmmc.o(i.SDMMC_CmdSelDesel)
    SDMMC_CmdSendCID                         0x08003d1f   Thumb Code    44  stm32f4xx_ll_sdmmc.o(i.SDMMC_CmdSendCID)
    SDMMC_CmdSendCSD                         0x08003d4b   Thumb Code    44  stm32f4xx_ll_sdmmc.o(i.SDMMC_CmdSendCSD)
    SDMMC_CmdSendSCR                         0x08003d77   Thumb Code    48  stm32f4xx_ll_sdmmc.o(i.SDMMC_CmdSendSCR)
    SDMMC_CmdSendStatus                      0x08003da7   Thumb Code    50  stm32f4xx_ll_sdmmc.o(i.SDMMC_CmdSendStatus)
    SDMMC_CmdSetRelAdd                       0x08003dd9   Thumb Code    48  stm32f4xx_ll_sdmmc.o(i.SDMMC_CmdSetRelAdd)
    SDMMC_CmdStopTransfer                    0x08003e09   Thumb Code    46  stm32f4xx_ll_sdmmc.o(i.SDMMC_CmdStopTransfer)
    SDMMC_CmdWriteMultiBlock                 0x08003e3d   Thumb Code    50  stm32f4xx_ll_sdmmc.o(i.SDMMC_CmdWriteMultiBlock)
    SDMMC_CmdWriteSingleBlock                0x08003e6f   Thumb Code    50  stm32f4xx_ll_sdmmc.o(i.SDMMC_CmdWriteSingleBlock)
    SD_initialize                            0x08004401   Thumb Code    28  sd_diskio.o(i.SD_initialize)
    SD_ioctl                                 0x08004421   Thumb Code    76  sd_diskio.o(i.SD_ioctl)
    SD_read                                  0x08004471   Thumb Code    38  sd_diskio.o(i.SD_read)
    SD_status                                0x08004497   Thumb Code     4  sd_diskio.o(i.SD_status)
    SD_write                                 0x0800449d   Thumb Code    38  sd_diskio.o(i.SD_write)
    SVC_Handler                              0x080044c3   Thumb Code     2  stm32f4xx_it.o(i.SVC_Handler)
    SysTick_Handler                          0x080044c5   Thumb Code     4  stm32f4xx_it.o(i.SysTick_Handler)
    SystemClock_Config                       0x080044c9   Thumb Code   146  main.o(i.SystemClock_Config)
    SystemInit                               0x08004565   Thumb Code    12  system_stm32f4xx.o(i.SystemInit)
    TIM2_IRQHandler                          0x08004575   Thumb Code     6  stm32f4xx_it.o(i.TIM2_IRQHandler)
    TIM_Base_SetConfig                       0x08004581   Thumb Code   156  stm32f4xx_hal_tim.o(i.TIM_Base_SetConfig)
    TIM_CCxChannelCmd                        0x08004649   Thumb Code    26  stm32f4xx_hal_tim.o(i.TIM_CCxChannelCmd)
    TIM_ETR_SetConfig                        0x08004663   Thumb Code    20  stm32f4xx_hal_tim.o(i.TIM_ETR_SetConfig)
    TIM_OC2_SetConfig                        0x080046e9   Thumb Code    98  stm32f4xx_hal_tim.o(i.TIM_OC2_SetConfig)
    UsageFault_Handler                       0x08004853   Thumb Code     2  stm32f4xx_it.o(i.UsageFault_Handler)
    check_safety                             0x080048e5   Thumb Code   112  main.o(i.check_safety)
    disk_initialize                          0x08004e19   Thumb Code    36  diskio.o(i.disk_initialize)
    disk_ioctl                               0x08004e41   Thumb Code    24  diskio.o(i.disk_ioctl)
    disk_read                                0x08004e5d   Thumb Code    24  diskio.o(i.disk_read)
    disk_status                              0x08004e79   Thumb Code    18  diskio.o(i.disk_status)
    disk_write                               0x08004e91   Thumb Code    24  diskio.o(i.disk_write)
    driving_mode                             0x08004ead   Thumb Code   114  main.o(i.driving_mode)
    f_close                                  0x08004f29   Thumb Code    40  ff.o(i.f_close)
    f_mount                                  0x08004f51   Thumb Code    84  ff.o(i.f_mount)
    f_open                                   0x08004fa9   Thumb Code   534  ff.o(i.f_open)
    f_sync                                   0x080051c5   Thumb Code   142  ff.o(i.f_sync)
    f_write                                  0x08005253   Thumb Code   434  ff.o(i.f_write)
    get_fattime                              0x080057ef   Thumb Code     4  fatfs.o(i.get_fattime)
    main                                     0x080058f9   Thumb Code   314  main.o(i.main)
    map                                      0x08005a65   Thumb Code    36  main.o(i.map)
    torque_command                           0x08005d91   Thumb Code   102  main.o(i.torque_command)
    torque_to_can                            0x08005e0d   Thumb Code    52  main.o(i.torque_to_can)
    __fpl_dcmp_Inf                           0x08005e79   Thumb Code    24  dcmpi.o(x$fpl$dcmpinf)
    __aeabi_ddiv                             0x08005e91   Thumb Code     0  ddiv.o(x$fpl$ddiv)
    _ddiv                                    0x08005e91   Thumb Code   552  ddiv.o(x$fpl$ddiv)
    __aeabi_d2uiz                            0x08006141   Thumb Code     0  dfixu.o(x$fpl$dfixu)
    _dfixu                                   0x08006141   Thumb Code    90  dfixu.o(x$fpl$dfixu)
    __aeabi_ui2d                             0x0800619b   Thumb Code     0  dflt_clz.o(x$fpl$dfltu)
    _dfltu                                   0x0800619b   Thumb Code    38  dflt_clz.o(x$fpl$dfltu)
    __aeabi_cdcmple                          0x080061c1   Thumb Code     0  dleqf.o(x$fpl$dleqf)
    _dcmple                                  0x080061c1   Thumb Code   120  dleqf.o(x$fpl$dleqf)
    __fpl_dcmple_InfNaN                      0x08006223   Thumb Code     0  dleqf.o(x$fpl$dleqf)
    __aeabi_dmul                             0x08006239   Thumb Code     0  dmul.o(x$fpl$dmul)
    _dmul                                    0x08006239   Thumb Code   332  dmul.o(x$fpl$dmul)
    __fpl_dnaninf                            0x0800638d   Thumb Code   156  dnaninf.o(x$fpl$dnaninf)
    __fpl_dretinf                            0x08006429   Thumb Code    12  dretinf.o(x$fpl$dretinf)
    __aeabi_cdrcmple                         0x08006435   Thumb Code     0  drleqf.o(x$fpl$drleqf)
    _drcmple                                 0x08006435   Thumb Code   108  drleqf.o(x$fpl$drleqf)
    _fp_init                                 0x080064a1   Thumb Code    10  fpinit.o(x$fpl$fpinit)
    __fplib_config_fpu_vfp                   0x080064a9   Thumb Code     0  fpinit.o(x$fpl$fpinit)
    __fplib_config_pureend_doubles           0x080064a9   Thumb Code     0  fpinit.o(x$fpl$fpinit)
    __I$use$fp                               0x080064aa   Number         0  usenofp.o(x$fpl$usenofp)
    AHBPrescTable                            0x080064b2   Data          16  system_stm32f4xx.o(.constdata)
    SD_Driver                                0x080064c4   Data          20  sd_diskio.o(.constdata)
    Region$$Table$$Base                      0x08006574   Number         0  anon$$obj.o(Region$$Table)
    Region$$Table$$Limit                     0x08006594   Number         0  anon$$obj.o(Region$$Table)
    cycle                                    0x20000000   Data           1  main.o(.data)
    pedals                                   0x20000001   Data           1  main.o(.data)
    rtd_io                                   0x20000002   Data           1  main.o(.data)
    error                                    0x20000003   Data           1  main.o(.data)
    inverter_error_L                         0x20000004   Data           1  main.o(.data)
    inverter_error_R                         0x20000005   Data           1  main.o(.data)
    inverter_connect_L                       0x20000006   Data           1  main.o(.data)
    inverter_connect_R                       0x20000007   Data           1  main.o(.data)
    rtd_start                                0x20000008   Data           1  main.o(.data)
    record                                   0x20000009   Data           1  main.o(.data)
    precharge_io                             0x2000000a   Data           1  main.o(.data)
    clear_fault_io                           0x2000000b   Data           1  main.o(.data)
    direction                                0x2000000c   Data           1  main.o(.data)
    errorNumber                              0x2000000d   Data           1  main.o(.data)
    res                                      0x2000000e   Data           1  main.o(.data)
    APPS                                     0x20000010   Data           2  main.o(.data)
    rpm_right                                0x20000012   Data           2  main.o(.data)
    rpm_left                                 0x20000014   Data           2  main.o(.data)
    torque_ub                                0x20000016   Data           2  main.o(.data)
    commanded_torque                         0x20000018   Data           2  main.o(.data)
    torque_right                             0x2000001a   Data           2  main.o(.data)
    torque_left                              0x2000001c   Data           2  main.o(.data)
    inverter_alive_counter_R                 0x2000001e   Data           2  main.o(.data)
    inverter_alive_counter_L                 0x20000020   Data           2  main.o(.data)
    Received_ID                              0x20000022   Data           2  main.o(.data)
    DC_voltage                               0x20000024   Data           2  main.o(.data)
    DC_current                               0x20000026   Data           2  main.o(.data)
    duration                                 0x20000028   Data           4  main.o(.data)
    TxMailbox                                0x2000002c   Data           4  main.o(.data)
    startTime                                0x20000030   Data           4  main.o(.data)
    written                                  0x20000034   Data           4  main.o(.data)
    TxData_R                                 0x20000038   Data           8  main.o(.data)
    TxData_L                                 0x20000040   Data           8  main.o(.data)
    RxData_R                                 0x20000048   Data           8  main.o(.data)
    RxData_L                                 0x20000050   Data           8  main.o(.data)
    TxData_clear                             0x20000058   Data           8  main.o(.data)
    RxData                                   0x20000060   Data           8  main.o(.data)
    file_name                                0x20000068   Data          12  main.o(.data)
    uwTickFreq                               0x20000074   Data           1  stm32f4xx_hal.o(.data)
    uwTickPrio                               0x20000078   Data           4  stm32f4xx_hal.o(.data)
    uwTick                                   0x2000007c   Data           4  stm32f4xx_hal.o(.data)
    SystemCoreClock                          0x20000080   Data           4  system_stm32f4xx.o(.data)
    retSD                                    0x20000085   Data           1  fatfs.o(.data)
    SDPath                                   0x20000086   Data           4  fatfs.o(.data)
    adcArr                                   0x20000094   Data          10  main.o(.bss)
    record_data                              0x2000011c   Data         100  main.o(.bss)
    hadc1                                    0x20000180   Data          72  adc.o(.bss)
    hdma_adc1                                0x200001c8   Data          96  adc.o(.bss)
    hcan1                                    0x20000228   Data          40  can.o(.bss)
    hiwdg                                    0x20000250   Data          12  iwdg.o(.bss)
    hsd                                      0x2000025c   Data         132  sdio.o(.bss)
    hdma_sdio_rx                             0x200002e0   Data          96  sdio.o(.bss)
    hdma_sdio_tx                             0x20000340   Data          96  sdio.o(.bss)
    htim1                                    0x200003a0   Data          72  tim.o(.bss)
    htim2                                    0x200003e8   Data          72  tim.o(.bss)
    SDFatFS                                  0x20000430   Data        4148  fatfs.o(.bss)
    SDFile                                   0x20001464   Data        4144  fatfs.o(.bss)
    disk                                     0x200024b4   Data          12  ff_gen_drv.o(.bss)
    __libspace_start                         0x200024c0   Data          96  libspace.o(.bss)
    __temporary_stack_top$libspace           0x20002520   Data           0  libspace.o(.bss)



==============================================================================

Memory Map of the image

  Image Entry point : 0x08000189

  Load Region LR_IROM1 (Base: 0x08000000, Size: 0x00006628, Max: 0x00100000, ABSOLUTE)

    Execution Region ER_IROM1 (Exec base: 0x08000000, Load base: 0x08000000, Size: 0x00006594, Max: 0x00100000, ABSOLUTE)

    Exec Addr    Load Addr    Size         Type   Attr      Idx    E Section Name        Object

    0x08000000   0x08000000   0x00000188   Data   RO            3    RESET               startup_stm32f407xx.o
    0x08000188   0x08000188   0x00000008   Code   RO         4632  * !!!main             c_w.l(__main.o)
    0x08000190   0x08000190   0x00000034   Code   RO         4843    !!!scatter          c_w.l(__scatter.o)
    0x080001c4   0x080001c4   0x0000001a   Code   RO         4845    !!handler_copy      c_w.l(__scatter_copy.o)
    0x080001de   0x080001de   0x00000002   PAD
    0x080001e0   0x080001e0   0x0000001c   Code   RO         4847    !!handler_zi        c_w.l(__scatter_zi.o)
    0x080001fc   0x080001fc   0x00000000   Code   RO         4625    .ARM.Collect$$_printf_percent$$00000000  c_w.l(_printf_percent.o)
    0x080001fc   0x080001fc   0x00000006   Code   RO         4624    .ARM.Collect$$_printf_percent$$00000009  c_w.l(_printf_d.o)
    0x08000202   0x08000202   0x00000004   Code   RO         4669    .ARM.Collect$$_printf_percent$$00000017  c_w.l(_printf_percent_end.o)
    0x08000206   0x08000206   0x00000002   Code   RO         4711    .ARM.Collect$$libinit$$00000000  c_w.l(libinit.o)
    0x08000208   0x08000208   0x00000004   Code   RO         4723    .ARM.Collect$$libinit$$00000001  c_w.l(libinit2.o)
    0x0800020c   0x0800020c   0x00000000   Code   RO         4726    .ARM.Collect$$libinit$$00000004  c_w.l(libinit2.o)
    0x0800020c   0x0800020c   0x00000000   Code   RO         4729    .ARM.Collect$$libinit$$0000000A  c_w.l(libinit2.o)
    0x0800020c   0x0800020c   0x00000000   Code   RO         4731    .ARM.Collect$$libinit$$0000000C  c_w.l(libinit2.o)
    0x0800020c   0x0800020c   0x00000000   Code   RO         4733    .ARM.Collect$$libinit$$0000000E  c_w.l(libinit2.o)
    0x0800020c   0x0800020c   0x00000000   Code   RO         4736    .ARM.Collect$$libinit$$00000011  c_w.l(libinit2.o)
    0x0800020c   0x0800020c   0x00000000   Code   RO         4738    .ARM.Collect$$libinit$$00000013  c_w.l(libinit2.o)
    0x0800020c   0x0800020c   0x00000000   Code   RO         4740    .ARM.Collect$$libinit$$00000015  c_w.l(libinit2.o)
    0x0800020c   0x0800020c   0x00000000   Code   RO         4742    .ARM.Collect$$libinit$$00000017  c_w.l(libinit2.o)
    0x0800020c   0x0800020c   0x00000000   Code   RO         4744    .ARM.Collect$$libinit$$00000019  c_w.l(libinit2.o)
    0x0800020c   0x0800020c   0x00000000   Code   RO         4746    .ARM.Collect$$libinit$$0000001B  c_w.l(libinit2.o)
    0x0800020c   0x0800020c   0x00000000   Code   RO         4748    .ARM.Collect$$libinit$$0000001D  c_w.l(libinit2.o)
    0x0800020c   0x0800020c   0x00000000   Code   RO         4750    .ARM.Collect$$libinit$$0000001F  c_w.l(libinit2.o)
    0x0800020c   0x0800020c   0x00000000   Code   RO         4752    .ARM.Collect$$libinit$$00000021  c_w.l(libinit2.o)
    0x0800020c   0x0800020c   0x00000000   Code   RO         4754    .ARM.Collect$$libinit$$00000023  c_w.l(libinit2.o)
    0x0800020c   0x0800020c   0x00000000   Code   RO         4756    .ARM.Collect$$libinit$$00000025  c_w.l(libinit2.o)
    0x0800020c   0x0800020c   0x00000000   Code   RO         4760    .ARM.Collect$$libinit$$0000002C  c_w.l(libinit2.o)
    0x0800020c   0x0800020c   0x00000000   Code   RO         4762    .ARM.Collect$$libinit$$0000002E  c_w.l(libinit2.o)
    0x0800020c   0x0800020c   0x00000000   Code   RO         4764    .ARM.Collect$$libinit$$00000030  c_w.l(libinit2.o)
    0x0800020c   0x0800020c   0x00000000   Code   RO         4766    .ARM.Collect$$libinit$$00000032  c_w.l(libinit2.o)
    0x0800020c   0x0800020c   0x00000002   Code   RO         4767    .ARM.Collect$$libinit$$00000033  c_w.l(libinit2.o)
    0x0800020e   0x0800020e   0x00000002   Code   RO         4798    .ARM.Collect$$libshutdown$$00000000  c_w.l(libshutdown.o)
    0x08000210   0x08000210   0x00000000   Code   RO         4824    .ARM.Collect$$libshutdown$$00000002  c_w.l(libshutdown2.o)
    0x08000210   0x08000210   0x00000000   Code   RO         4826    .ARM.Collect$$libshutdown$$00000004  c_w.l(libshutdown2.o)
    0x08000210   0x08000210   0x00000000   Code   RO         4828    .ARM.Collect$$libshutdown$$00000006  c_w.l(libshutdown2.o)
    0x08000210   0x08000210   0x00000000   Code   RO         4831    .ARM.Collect$$libshutdown$$00000009  c_w.l(libshutdown2.o)
    0x08000210   0x08000210   0x00000000   Code   RO         4834    .ARM.Collect$$libshutdown$$0000000C  c_w.l(libshutdown2.o)
    0x08000210   0x08000210   0x00000000   Code   RO         4836    .ARM.Collect$$libshutdown$$0000000E  c_w.l(libshutdown2.o)
    0x08000210   0x08000210   0x00000000   Code   RO         4839    .ARM.Collect$$libshutdown$$00000011  c_w.l(libshutdown2.o)
    0x08000210   0x08000210   0x00000002   Code   RO         4840    .ARM.Collect$$libshutdown$$00000012  c_w.l(libshutdown2.o)
    0x08000212   0x08000212   0x00000000   Code   RO         4658    .ARM.Collect$$rtentry$$00000000  c_w.l(__rtentry.o)
    0x08000212   0x08000212   0x00000000   Code   RO         4678    .ARM.Collect$$rtentry$$00000002  c_w.l(__rtentry2.o)
    0x08000212   0x08000212   0x00000006   Code   RO         4690    .ARM.Collect$$rtentry$$00000004  c_w.l(__rtentry4.o)
    0x08000218   0x08000218   0x00000000   Code   RO         4680    .ARM.Collect$$rtentry$$00000009  c_w.l(__rtentry2.o)
    0x08000218   0x08000218   0x00000004   Code   RO         4681    .ARM.Collect$$rtentry$$0000000A  c_w.l(__rtentry2.o)
    0x0800021c   0x0800021c   0x00000000   Code   RO         4683    .ARM.Collect$$rtentry$$0000000C  c_w.l(__rtentry2.o)
    0x0800021c   0x0800021c   0x00000008   Code   RO         4684    .ARM.Collect$$rtentry$$0000000D  c_w.l(__rtentry2.o)
    0x08000224   0x08000224   0x00000002   Code   RO         4715    .ARM.Collect$$rtexit$$00000000  c_w.l(rtexit.o)
    0x08000226   0x08000226   0x00000000   Code   RO         4771    .ARM.Collect$$rtexit$$00000002  c_w.l(rtexit2.o)
    0x08000226   0x08000226   0x00000004   Code   RO         4772    .ARM.Collect$$rtexit$$00000003  c_w.l(rtexit2.o)
    0x0800022a   0x0800022a   0x00000006   Code   RO         4773    .ARM.Collect$$rtexit$$00000004  c_w.l(rtexit2.o)
    0x08000230   0x08000230   0x00000040   Code   RO            4    .text               startup_stm32f407xx.o
    0x08000270   0x08000270   0x000000ee   Code   RO         4594    .text               c_w.l(lludivv7m.o)
    0x0800035e   0x0800035e   0x00000002   PAD
    0x08000360   0x08000360   0x00000028   Code   RO         4598    .text               c_w.l(noretval__2sprintf.o)
    0x08000388   0x08000388   0x00000068   Code   RO         4600    .text               c_w.l(__printf.o)
    0x080003f0   0x080003f0   0x00000078   Code   RO         4602    .text               c_w.l(_printf_dec.o)
    0x08000468   0x08000468   0x0000003e   Code   RO         4626    .text               c_w.l(strlen.o)
    0x080004a6   0x080004a6   0x0000004e   Code   RO         4628    .text               c_w.l(rt_memclr_w.o)
    0x080004f4   0x080004f4   0x00000006   Code   RO         4630    .text               c_w.l(heapauxi.o)
    0x080004fa   0x080004fa   0x000000b2   Code   RO         4663    .text               c_w.l(_printf_intcommon.o)
    0x080005ac   0x080005ac   0x00000030   Code   RO         4665    .text               c_w.l(_printf_char_common.o)
    0x080005dc   0x080005dc   0x0000000a   Code   RO         4667    .text               c_w.l(_sputc.o)
    0x080005e6   0x080005e6   0x0000004a   Code   RO         4698    .text               c_w.l(sys_stackheap_outer.o)
    0x08000630   0x08000630   0x00000012   Code   RO         4700    .text               c_w.l(exit.o)
    0x08000642   0x08000642   0x00000002   PAD
    0x08000644   0x08000644   0x00000008   Code   RO         4712    .text               c_w.l(libspace.o)
    0x0800064c   0x0800064c   0x0000000c   Code   RO         4768    .text               c_w.l(sys_exit.o)
    0x08000658   0x08000658   0x00000002   Code   RO         4787    .text               c_w.l(use_no_semi.o)
    0x0800065a   0x0800065a   0x00000000   Code   RO         4789    .text               c_w.l(indicate_semi.o)
    0x0800065a   0x0800065a   0x0000006e   Code   RO          735    i.ADC_DMAConvCplt   stm32f4xx_hal_adc.o
    0x080006c8   0x080006c8   0x00000016   Code   RO          736    i.ADC_DMAError      stm32f4xx_hal_adc.o
    0x080006de   0x080006de   0x0000000a   Code   RO          737    i.ADC_DMAHalfConvCplt  stm32f4xx_hal_adc.o
    0x080006e8   0x080006e8   0x00000128   Code   RO          738    i.ADC_Init          stm32f4xx_hal_adc.o
    0x08000810   0x08000810   0x00000002   Code   RO         3915    i.BSP_SD_AbortCallback  bsp_driver_sd.o
    0x08000812   0x08000812   0x00000002   PAD
    0x08000814   0x08000814   0x0000000c   Code   RO         3918    i.BSP_SD_GetCardInfo  bsp_driver_sd.o
    0x08000820   0x08000820   0x00000018   Code   RO         3919    i.BSP_SD_GetCardState  bsp_driver_sd.o
    0x08000838   0x08000838   0x00000030   Code   RO         3921    i.BSP_SD_Init       bsp_driver_sd.o
    0x08000868   0x08000868   0x0000000e   Code   RO         3922    i.BSP_SD_IsDetected  bsp_driver_sd.o
    0x08000876   0x08000876   0x00000002   PAD
    0x08000878   0x08000878   0x00000020   Code   RO         3923    i.BSP_SD_ReadBlocks  bsp_driver_sd.o
    0x08000898   0x08000898   0x00000002   Code   RO         3925    i.BSP_SD_ReadCpltCallback  bsp_driver_sd.o
    0x0800089a   0x0800089a   0x00000002   PAD
    0x0800089c   0x0800089c   0x00000020   Code   RO         3926    i.BSP_SD_WriteBlocks  bsp_driver_sd.o
    0x080008bc   0x080008bc   0x00000002   Code   RO         3928    i.BSP_SD_WriteCpltCallback  bsp_driver_sd.o
    0x080008be   0x080008be   0x00000002   Code   RO          581    i.BusFault_Handler  stm32f4xx_it.o
    0x080008c0   0x080008c0   0x0000000c   Code   RO          582    i.CAN1_RX0_IRQHandler  stm32f4xx_it.o
    0x080008cc   0x080008cc   0x000000a8   Code   RO           13    i.CAN_Txsetup       main.o
    0x08000974   0x08000974   0x00000044   Code   RO           14    i.CAN_filterConfig  main.o
    0x080009b8   0x080009b8   0x0000000c   Code   RO          583    i.DMA2_Stream0_IRQHandler  stm32f4xx_it.o
    0x080009c4   0x080009c4   0x0000000c   Code   RO          584    i.DMA2_Stream3_IRQHandler  stm32f4xx_it.o
    0x080009d0   0x080009d0   0x0000000c   Code   RO          585    i.DMA2_Stream6_IRQHandler  stm32f4xx_it.o
    0x080009dc   0x080009dc   0x00000028   Code   RO         1472    i.DMA_CalcBaseAndBitshift  stm32f4xx_hal_dma.o
    0x08000a04   0x08000a04   0x00000054   Code   RO         1473    i.DMA_CheckFifoParam  stm32f4xx_hal_dma.o
    0x08000a58   0x08000a58   0x00000028   Code   RO         1474    i.DMA_SetConfig     stm32f4xx_hal_dma.o
    0x08000a80   0x08000a80   0x00000002   Code   RO          586    i.DebugMon_Handler  stm32f4xx_it.o
    0x08000a82   0x08000a82   0x00000006   Code   RO          587    i.EXTI2_IRQHandler  stm32f4xx_it.o
    0x08000a88   0x08000a88   0x00000006   Code   RO          588    i.EXTI4_IRQHandler  stm32f4xx_it.o
    0x08000a8e   0x08000a8e   0x00000006   Code   RO          589    i.EXTI9_5_IRQHandler  stm32f4xx_it.o
    0x08000a94   0x08000a94   0x00000004   Code   RO           15    i.Error_Handler     main.o
    0x08000a98   0x08000a98   0x00000006   Code   RO         4521    i.FATFS_LinkDriver  ff_gen_drv.o
    0x08000a9e   0x08000a9e   0x00000002   PAD
    0x08000aa0   0x08000aa0   0x00000040   Code   RO         4522    i.FATFS_LinkDriverEx  ff_gen_drv.o
    0x08000ae0   0x08000ae0   0x0000014c   Code   RO          740    i.HAL_ADC_ConfigChannel  stm32f4xx_hal_adc.o
    0x08000c2c   0x08000c2c   0x00000002   Code   RO          741    i.HAL_ADC_ConvCpltCallback  stm32f4xx_hal_adc.o
    0x08000c2e   0x08000c2e   0x00000002   Code   RO          742    i.HAL_ADC_ConvHalfCpltCallback  stm32f4xx_hal_adc.o
    0x08000c30   0x08000c30   0x00000002   Code   RO          744    i.HAL_ADC_ErrorCallback  stm32f4xx_hal_adc.o
    0x08000c32   0x08000c32   0x00000054   Code   RO          749    i.HAL_ADC_Init      stm32f4xx_hal_adc.o
    0x08000c86   0x08000c86   0x00000002   PAD
    0x08000c88   0x08000c88   0x00000098   Code   RO          348    i.HAL_ADC_MspInit   adc.o
    0x08000d20   0x08000d20   0x00000154   Code   RO          756    i.HAL_ADC_Start_DMA  stm32f4xx_hal_adc.o
    0x08000e74   0x08000e74   0x00000024   Code   RO         2146    i.HAL_CAN_ActivateNotification  stm32f4xx_hal_can.o
    0x08000e98   0x08000e98   0x000000dc   Code   RO         2147    i.HAL_CAN_AddTxMessage  stm32f4xx_hal_can.o
    0x08000f74   0x08000f74   0x0000010c   Code   RO         2148    i.HAL_CAN_ConfigFilter  stm32f4xx_hal_can.o
    0x08001080   0x08001080   0x00000002   Code   RO         2151    i.HAL_CAN_ErrorCallback  stm32f4xx_hal_can.o
    0x08001082   0x08001082   0x000000e8   Code   RO         2154    i.HAL_CAN_GetRxMessage  stm32f4xx_hal_can.o
    0x0800116a   0x0800116a   0x000001fc   Code   RO         2158    i.HAL_CAN_IRQHandler  stm32f4xx_hal_can.o
    0x08001366   0x08001366   0x0000011a   Code   RO         2159    i.HAL_CAN_Init      stm32f4xx_hal_can.o
    0x08001480   0x08001480   0x00000068   Code   RO          390    i.HAL_CAN_MspInit   can.o
    0x080014e8   0x080014e8   0x00000002   Code   RO         2166    i.HAL_CAN_RxFifo0FullCallback  stm32f4xx_hal_can.o
    0x080014ea   0x080014ea   0x00000002   PAD
    0x080014ec   0x080014ec   0x000000e0   Code   RO           16    i.HAL_CAN_RxFifo0MsgPendingCallback  main.o
    0x080015cc   0x080015cc   0x00000002   Code   RO         2168    i.HAL_CAN_RxFifo1FullCallback  stm32f4xx_hal_can.o
    0x080015ce   0x080015ce   0x00000002   Code   RO         2169    i.HAL_CAN_RxFifo1MsgPendingCallback  stm32f4xx_hal_can.o
    0x080015d0   0x080015d0   0x00000002   Code   RO         2170    i.HAL_CAN_SleepCallback  stm32f4xx_hal_can.o
    0x080015d2   0x080015d2   0x00000002   PAD
    0x080015d4   0x080015d4   0x00000058   Code   RO         2171    i.HAL_CAN_Start     stm32f4xx_hal_can.o
    0x0800162c   0x0800162c   0x00000002   Code   RO         2173    i.HAL_CAN_TxMailbox0AbortCallback  stm32f4xx_hal_can.o
    0x0800162e   0x0800162e   0x00000002   Code   RO         2174    i.HAL_CAN_TxMailbox0CompleteCallback  stm32f4xx_hal_can.o
    0x08001630   0x08001630   0x00000002   Code   RO         2175    i.HAL_CAN_TxMailbox1AbortCallback  stm32f4xx_hal_can.o
    0x08001632   0x08001632   0x00000002   Code   RO         2176    i.HAL_CAN_TxMailbox1CompleteCallback  stm32f4xx_hal_can.o
    0x08001634   0x08001634   0x00000002   Code   RO         2177    i.HAL_CAN_TxMailbox2AbortCallback  stm32f4xx_hal_can.o
    0x08001636   0x08001636   0x00000002   Code   RO         2178    i.HAL_CAN_TxMailbox2CompleteCallback  stm32f4xx_hal_can.o
    0x08001638   0x08001638   0x00000002   Code   RO         2180    i.HAL_CAN_WakeUpFromRxMsgCallback  stm32f4xx_hal_can.o
    0x0800163a   0x0800163a   0x00000024   Code   RO         1476    i.HAL_DMA_Abort_IT  stm32f4xx_hal_dma.o
    0x0800165e   0x0800165e   0x00000002   PAD
    0x08001660   0x08001660   0x000001a0   Code   RO         1480    i.HAL_DMA_IRQHandler  stm32f4xx_hal_dma.o
    0x08001800   0x08001800   0x000000d4   Code   RO         1481    i.HAL_DMA_Init      stm32f4xx_hal_dma.o
    0x080018d4   0x080018d4   0x0000006e   Code   RO         1485    i.HAL_DMA_Start_IT  stm32f4xx_hal_dma.o
    0x08001942   0x08001942   0x00000002   PAD
    0x08001944   0x08001944   0x00000024   Code   RO         1894    i.HAL_Delay         stm32f4xx_hal.o
    0x08001968   0x08001968   0x000000c8   Code   RO          316    i.HAL_GPIO_EXTI_Callback  gpio.o
    0x08001a30   0x08001a30   0x00000018   Code   RO         1367    i.HAL_GPIO_EXTI_IRQHandler  stm32f4xx_hal_gpio.o
    0x08001a48   0x08001a48   0x000001f0   Code   RO         1368    i.HAL_GPIO_Init     stm32f4xx_hal_gpio.o
    0x08001c38   0x08001c38   0x0000000a   Code   RO         1370    i.HAL_GPIO_ReadPin  stm32f4xx_hal_gpio.o
    0x08001c42   0x08001c42   0x00000010   Code   RO         1371    i.HAL_GPIO_TogglePin  stm32f4xx_hal_gpio.o
    0x08001c52   0x08001c52   0x0000000a   Code   RO         1372    i.HAL_GPIO_WritePin  stm32f4xx_hal_gpio.o
    0x08001c5c   0x08001c5c   0x0000000c   Code   RO         1900    i.HAL_GetTick       stm32f4xx_hal.o
    0x08001c68   0x08001c68   0x0000005a   Code   RO         2379    i.HAL_IWDG_Init     stm32f4xx_hal_iwdg.o
    0x08001cc2   0x08001cc2   0x0000000c   Code   RO         2380    i.HAL_IWDG_Refresh  stm32f4xx_hal_iwdg.o
    0x08001cce   0x08001cce   0x00000002   PAD
    0x08001cd0   0x08001cd0   0x00000010   Code   RO         1906    i.HAL_IncTick       stm32f4xx_hal.o
    0x08001ce0   0x08001ce0   0x00000034   Code   RO         1907    i.HAL_Init          stm32f4xx_hal.o
    0x08001d14   0x08001d14   0x00000040   Code   RO         1908    i.HAL_InitTick      stm32f4xx_hal.o
    0x08001d54   0x08001d54   0x00000034   Code   RO          711    i.HAL_MspInit       stm32f4xx_hal_msp.o
    0x08001d88   0x08001d88   0x0000001a   Code   RO         1757    i.HAL_NVIC_EnableIRQ  stm32f4xx_hal_cortex.o
    0x08001da2   0x08001da2   0x00000002   PAD
    0x08001da4   0x08001da4   0x00000040   Code   RO         1763    i.HAL_NVIC_SetPriority  stm32f4xx_hal_cortex.o
    0x08001de4   0x08001de4   0x00000024   Code   RO         1764    i.HAL_NVIC_SetPriorityGrouping  stm32f4xx_hal_cortex.o
    0x08001e08   0x08001e08   0x00000134   Code   RO         1014    i.HAL_RCC_ClockConfig  stm32f4xx_hal_rcc.o
    0x08001f3c   0x08001f3c   0x00000060   Code   RO         1023    i.HAL_RCC_GetSysClockFreq  stm32f4xx_hal_rcc.o
    0x08001f9c   0x08001f9c   0x0000036c   Code   RO         1026    i.HAL_RCC_OscConfig  stm32f4xx_hal_rcc.o
    0x08002308   0x08002308   0x00000008   Code   RO         3929    i.HAL_SD_AbortCallback  bsp_driver_sd.o
    0x08002310   0x08002310   0x00000118   Code   RO         2682    i.HAL_SD_ConfigWideBusOperation  stm32f4xx_hal_sd.o
    0x08002428   0x08002428   0x00000002   Code   RO         2685    i.HAL_SD_ErrorCallback  stm32f4xx_hal_sd.o
    0x0800242a   0x0800242a   0x00000002   PAD
    0x0800242c   0x0800242c   0x00000198   Code   RO         2687    i.HAL_SD_GetCardCSD  stm32f4xx_hal_sd.o
    0x080025c4   0x080025c4   0x00000024   Code   RO         2688    i.HAL_SD_GetCardInfo  stm32f4xx_hal_sd.o
    0x080025e8   0x080025e8   0x0000002c   Code   RO         2689    i.HAL_SD_GetCardState  stm32f4xx_hal_sd.o
    0x08002614   0x08002614   0x00000208   Code   RO         2693    i.HAL_SD_IRQHandler  stm32f4xx_hal_sd.o
    0x0800281c   0x0800281c   0x00000036   Code   RO         2694    i.HAL_SD_Init       stm32f4xx_hal_sd.o
    0x08002852   0x08002852   0x00000002   PAD
    0x08002854   0x08002854   0x00000074   Code   RO         2695    i.HAL_SD_InitCard   stm32f4xx_hal_sd.o
    0x080028c8   0x080028c8   0x00000164   Code   RO          486    i.HAL_SD_MspInit    sdio.o
    0x08002a2c   0x08002a2c   0x000001d8   Code   RO         2698    i.HAL_SD_ReadBlocks  stm32f4xx_hal_sd.o
    0x08002c04   0x08002c04   0x00000008   Code   RO         3930    i.HAL_SD_RxCpltCallback  bsp_driver_sd.o
    0x08002c0c   0x08002c0c   0x00000008   Code   RO         3931    i.HAL_SD_TxCpltCallback  bsp_driver_sd.o
    0x08002c14   0x08002c14   0x000001ac   Code   RO         2703    i.HAL_SD_WriteBlocks  stm32f4xx_hal_sd.o
    0x08002dc0   0x08002dc0   0x00000028   Code   RO         1768    i.HAL_SYSTICK_Config  stm32f4xx_hal_cortex.o
    0x08002de8   0x08002de8   0x00000002   Code   RO         3610    i.HAL_TIMEx_BreakCallback  stm32f4xx_hal_tim_ex.o
    0x08002dea   0x08002dea   0x00000002   Code   RO         3611    i.HAL_TIMEx_CommutCallback  stm32f4xx_hal_tim_ex.o
    0x08002dec   0x08002dec   0x00000054   Code   RO         3613    i.HAL_TIMEx_ConfigBreakDeadTime  stm32f4xx_hal_tim_ex.o
    0x08002e40   0x08002e40   0x00000090   Code   RO         3629    i.HAL_TIMEx_MasterConfigSynchronization  stm32f4xx_hal_tim_ex.o
    0x08002ed0   0x08002ed0   0x0000005a   Code   RO         2906    i.HAL_TIM_Base_Init  stm32f4xx_hal_tim.o
    0x08002f2a   0x08002f2a   0x00000002   PAD
    0x08002f2c   0x08002f2c   0x00000034   Code   RO          528    i.HAL_TIM_Base_MspInit  tim.o
    0x08002f60   0x08002f60   0x00000080   Code   RO         2911    i.HAL_TIM_Base_Start_IT  stm32f4xx_hal_tim.o
    0x08002fe0   0x08002fe0   0x000000dc   Code   RO         2915    i.HAL_TIM_ConfigClockSource  stm32f4xx_hal_tim.o
    0x080030bc   0x080030bc   0x00000002   Code   RO         2940    i.HAL_TIM_IC_CaptureCallback  stm32f4xx_hal_tim.o
    0x080030be   0x080030be   0x00000166   Code   RO         2954    i.HAL_TIM_IRQHandler  stm32f4xx_hal_tim.o
    0x08003224   0x08003224   0x00000054   Code   RO          529    i.HAL_TIM_MspPostInit  tim.o
    0x08003278   0x08003278   0x00000002   Code   RO         2957    i.HAL_TIM_OC_DelayElapsedCallback  stm32f4xx_hal_tim.o
    0x0800327a   0x0800327a   0x000000cc   Code   RO         2978    i.HAL_TIM_PWM_ConfigChannel  stm32f4xx_hal_tim.o
    0x08003346   0x08003346   0x0000005a   Code   RO         2981    i.HAL_TIM_PWM_Init  stm32f4xx_hal_tim.o
    0x080033a0   0x080033a0   0x00000002   Code   RO         2983    i.HAL_TIM_PWM_MspInit  stm32f4xx_hal_tim.o
    0x080033a2   0x080033a2   0x00000002   Code   RO         2984    i.HAL_TIM_PWM_PulseFinishedCallback  stm32f4xx_hal_tim.o
    0x080033a4   0x080033a4   0x000000c8   Code   RO         2986    i.HAL_TIM_PWM_Start  stm32f4xx_hal_tim.o
    0x0800346c   0x0800346c   0x00000194   Code   RO           17    i.HAL_TIM_PeriodElapsedCallback  main.o
    0x08003600   0x08003600   0x00000002   Code   RO         2997    i.HAL_TIM_TriggerCallback  stm32f4xx_hal_tim.o
    0x08003602   0x08003602   0x00000002   Code   RO          590    i.HardFault_Handler  stm32f4xx_it.o
    0x08003604   0x08003604   0x000000a4   Code   RO          349    i.MX_ADC1_Init      adc.o
    0x080036a8   0x080036a8   0x00000044   Code   RO          391    i.MX_CAN1_Init      can.o
    0x080036ec   0x080036ec   0x0000003c   Code   RO          431    i.MX_DMA_Init       dma.o
    0x08003728   0x08003728   0x0000001c   Code   RO         4096    i.MX_FATFS_Init     fatfs.o
    0x08003744   0x08003744   0x00000128   Code   RO          317    i.MX_GPIO_Init      gpio.o
    0x0800386c   0x0800386c   0x0000002c   Code   RO          455    i.MX_IWDG_Init      iwdg.o
    0x08003898   0x08003898   0x00000066   Code   RO           18    i.MX_NVIC_Init      main.o
    0x080038fe   0x080038fe   0x00000002   PAD
    0x08003900   0x08003900   0x00000020   Code   RO          487    i.MX_SDIO_SD_Init   sdio.o
    0x08003920   0x08003920   0x000000c8   Code   RO          530    i.MX_TIM1_Init      tim.o
    0x080039e8   0x080039e8   0x00000068   Code   RO          531    i.MX_TIM2_Init      tim.o
    0x08003a50   0x08003a50   0x00000002   Code   RO          591    i.MemManage_Handler  stm32f4xx_it.o
    0x08003a52   0x08003a52   0x00000002   Code   RO          592    i.NMI_Handler       stm32f4xx_it.o
    0x08003a54   0x08003a54   0x00000002   Code   RO          593    i.PendSV_Handler    stm32f4xx_it.o
    0x08003a56   0x08003a56   0x00000024   Code   RO         2409    i.SDIO_ConfigData   stm32f4xx_ll_sdmmc.o
    0x08003a7a   0x08003a7a   0x00000008   Code   RO         2413    i.SDIO_GetPowerState  stm32f4xx_ll_sdmmc.o
    0x08003a82   0x08003a82   0x00000006   Code   RO         2414    i.SDIO_GetResponse  stm32f4xx_ll_sdmmc.o
    0x08003a88   0x08003a88   0x0000000c   Code   RO          594    i.SDIO_IRQHandler   stm32f4xx_it.o
    0x08003a94   0x08003a94   0x00000024   Code   RO         2415    i.SDIO_Init         stm32f4xx_ll_sdmmc.o
    0x08003ab8   0x08003ab8   0x00000010   Code   RO         2417    i.SDIO_PowerState_ON  stm32f4xx_ll_sdmmc.o
    0x08003ac8   0x08003ac8   0x00000006   Code   RO         2418    i.SDIO_ReadFIFO     stm32f4xx_ll_sdmmc.o
    0x08003ace   0x08003ace   0x00000020   Code   RO         2419    i.SDIO_SendCommand  stm32f4xx_ll_sdmmc.o
    0x08003aee   0x08003aee   0x0000000a   Code   RO         2421    i.SDIO_WriteFIFO    stm32f4xx_ll_sdmmc.o
    0x08003af8   0x08003af8   0x00000032   Code   RO         2422    i.SDMMC_CmdAppCommand  stm32f4xx_ll_sdmmc.o
    0x08003b2a   0x08003b2a   0x00000002   PAD
    0x08003b2c   0x08003b2c   0x00000034   Code   RO         2423    i.SDMMC_CmdAppOperCommand  stm32f4xx_ll_sdmmc.o
    0x08003b60   0x08003b60   0x00000032   Code   RO         2424    i.SDMMC_CmdBlockLength  stm32f4xx_ll_sdmmc.o
    0x08003b92   0x08003b92   0x00000032   Code   RO         2425    i.SDMMC_CmdBusWidth  stm32f4xx_ll_sdmmc.o
    0x08003bc4   0x08003bc4   0x00000050   Code   RO         2429    i.SDMMC_CmdGoIdleState  stm32f4xx_ll_sdmmc.o
    0x08003c14   0x08003c14   0x00000074   Code   RO         2431    i.SDMMC_CmdOperCond  stm32f4xx_ll_sdmmc.o
    0x08003c88   0x08003c88   0x00000032   Code   RO         2432    i.SDMMC_CmdReadMultiBlock  stm32f4xx_ll_sdmmc.o
    0x08003cba   0x08003cba   0x00000032   Code   RO         2433    i.SDMMC_CmdReadSingleBlock  stm32f4xx_ll_sdmmc.o
    0x08003cec   0x08003cec   0x00000032   Code   RO         2436    i.SDMMC_CmdSelDesel  stm32f4xx_ll_sdmmc.o
    0x08003d1e   0x08003d1e   0x0000002c   Code   RO         2437    i.SDMMC_CmdSendCID  stm32f4xx_ll_sdmmc.o
    0x08003d4a   0x08003d4a   0x0000002c   Code   RO         2438    i.SDMMC_CmdSendCSD  stm32f4xx_ll_sdmmc.o
    0x08003d76   0x08003d76   0x00000030   Code   RO         2440    i.SDMMC_CmdSendSCR  stm32f4xx_ll_sdmmc.o
    0x08003da6   0x08003da6   0x00000032   Code   RO         2441    i.SDMMC_CmdSendStatus  stm32f4xx_ll_sdmmc.o
    0x08003dd8   0x08003dd8   0x00000030   Code   RO         2442    i.SDMMC_CmdSetRelAdd  stm32f4xx_ll_sdmmc.o
    0x08003e08   0x08003e08   0x00000034   Code   RO         2444    i.SDMMC_CmdStopTransfer  stm32f4xx_ll_sdmmc.o
    0x08003e3c   0x08003e3c   0x00000032   Code   RO         2446    i.SDMMC_CmdWriteMultiBlock  stm32f4xx_ll_sdmmc.o
    0x08003e6e   0x08003e6e   0x00000032   Code   RO         2447    i.SDMMC_CmdWriteSingleBlock  stm32f4xx_ll_sdmmc.o
    0x08003ea0   0x08003ea0   0x00000120   Code   RO         2448    i.SDMMC_GetCmdResp1  stm32f4xx_ll_sdmmc.o
    0x08003fc0   0x08003fc0   0x00000050   Code   RO         2449    i.SDMMC_GetCmdResp2  stm32f4xx_ll_sdmmc.o
    0x08004010   0x08004010   0x00000044   Code   RO         2450    i.SDMMC_GetCmdResp3  stm32f4xx_ll_sdmmc.o
    0x08004054   0x08004054   0x00000088   Code   RO         2451    i.SDMMC_GetCmdResp6  stm32f4xx_ll_sdmmc.o
    0x080040dc   0x080040dc   0x00000020   Code   RO         4036    i.SD_CheckStatus    sd_diskio.o
    0x080040fc   0x080040fc   0x00000044   Code   RO         2708    i.SD_DMARxAbort     stm32f4xx_hal_sd.o
    0x08004140   0x08004140   0x00000044   Code   RO         2710    i.SD_DMATxAbort     stm32f4xx_hal_sd.o
    0x08004184   0x08004184   0x000000da   Code   RO         2711    i.SD_FindSCR        stm32f4xx_hal_sd.o
    0x0800425e   0x0800425e   0x000000ee   Code   RO         2712    i.SD_InitCard       stm32f4xx_hal_sd.o
    0x0800434c   0x0800434c   0x000000b4   Code   RO         2713    i.SD_PowerON        stm32f4xx_hal_sd.o
    0x08004400   0x08004400   0x00000020   Code   RO         4037    i.SD_initialize     sd_diskio.o
    0x08004420   0x08004420   0x00000050   Code   RO         4038    i.SD_ioctl          sd_diskio.o
    0x08004470   0x08004470   0x00000026   Code   RO         4039    i.SD_read           sd_diskio.o
    0x08004496   0x08004496   0x00000004   Code   RO         4040    i.SD_status         sd_diskio.o
    0x0800449a   0x0800449a   0x00000002   PAD
    0x0800449c   0x0800449c   0x00000026   Code   RO         4041    i.SD_write          sd_diskio.o
    0x080044c2   0x080044c2   0x00000002   Code   RO          595    i.SVC_Handler       stm32f4xx_it.o
    0x080044c4   0x080044c4   0x00000004   Code   RO          596    i.SysTick_Handler   stm32f4xx_it.o
    0x080044c8   0x080044c8   0x0000009c   Code   RO           19    i.SystemClock_Config  main.o
    0x08004564   0x08004564   0x00000010   Code   RO         3878    i.SystemInit        system_stm32f4xx.o
    0x08004574   0x08004574   0x0000000c   Code   RO          597    i.TIM2_IRQHandler   stm32f4xx_it.o
    0x08004580   0x08004580   0x000000c8   Code   RO         2999    i.TIM_Base_SetConfig  stm32f4xx_hal_tim.o
    0x08004648   0x08004648   0x0000001a   Code   RO         3000    i.TIM_CCxChannelCmd  stm32f4xx_hal_tim.o
    0x08004662   0x08004662   0x00000014   Code   RO         3010    i.TIM_ETR_SetConfig  stm32f4xx_hal_tim.o
    0x08004676   0x08004676   0x00000010   Code   RO         3011    i.TIM_ITRx_SetConfig  stm32f4xx_hal_tim.o
    0x08004686   0x08004686   0x00000002   PAD
    0x08004688   0x08004688   0x00000060   Code   RO         3012    i.TIM_OC1_SetConfig  stm32f4xx_hal_tim.o
    0x080046e8   0x080046e8   0x0000006c   Code   RO         3013    i.TIM_OC2_SetConfig  stm32f4xx_hal_tim.o
    0x08004754   0x08004754   0x00000068   Code   RO         3014    i.TIM_OC3_SetConfig  stm32f4xx_hal_tim.o
    0x080047bc   0x080047bc   0x00000050   Code   RO         3015    i.TIM_OC4_SetConfig  stm32f4xx_hal_tim.o
    0x0800480c   0x0800480c   0x00000022   Code   RO         3017    i.TIM_TI1_ConfigInputStage  stm32f4xx_hal_tim.o
    0x0800482e   0x0800482e   0x00000024   Code   RO         3019    i.TIM_TI2_ConfigInputStage  stm32f4xx_hal_tim.o
    0x08004852   0x08004852   0x00000002   Code   RO          598    i.UsageFault_Handler  stm32f4xx_it.o
    0x08004854   0x08004854   0x00000020   Code   RO         1770    i.__NVIC_SetPriority  stm32f4xx_hal_cortex.o
    0x08004874   0x08004874   0x00000070   Code   RO         4189    i.check_fs          ff.o
    0x080048e4   0x080048e4   0x00000088   Code   RO           20    i.check_safety      main.o
    0x0800496c   0x0800496c   0x0000005c   Code   RO         4190    i.chk_lock          ff.o
    0x080049c8   0x080049c8   0x00000020   Code   RO         4191    i.clear_lock        ff.o
    0x080049e8   0x080049e8   0x00000026   Code   RO         4192    i.clmt_clust        ff.o
    0x08004a0e   0x08004a0e   0x00000018   Code   RO         4193    i.clust2sect        ff.o
    0x08004a26   0x08004a26   0x000000a4   Code   RO         4194    i.create_chain      ff.o
    0x08004aca   0x08004aca   0x00000002   PAD
    0x08004acc   0x08004acc   0x000000bc   Code   RO         4195    i.create_name       ff.o
    0x08004b88   0x08004b88   0x00000034   Code   RO         4196    i.dec_lock          ff.o
    0x08004bbc   0x08004bbc   0x00000064   Code   RO         4197    i.dir_find          ff.o
    0x08004c20   0x08004c20   0x00000102   Code   RO         4198    i.dir_next          ff.o
    0x08004d22   0x08004d22   0x00000066   Code   RO         4200    i.dir_register      ff.o
    0x08004d88   0x08004d88   0x0000008e   Code   RO         4202    i.dir_sdi           ff.o
    0x08004e16   0x08004e16   0x00000002   PAD
    0x08004e18   0x08004e18   0x00000028   Code   RO         4134    i.disk_initialize   diskio.o
    0x08004e40   0x08004e40   0x0000001c   Code   RO         4135    i.disk_ioctl        diskio.o
    0x08004e5c   0x08004e5c   0x0000001c   Code   RO         4136    i.disk_read         diskio.o
    0x08004e78   0x08004e78   0x00000018   Code   RO         4137    i.disk_status       diskio.o
    0x08004e90   0x08004e90   0x0000001c   Code   RO         4138    i.disk_write        diskio.o
    0x08004eac   0x08004eac   0x0000007c   Code   RO           21    i.driving_mode      main.o
    0x08004f28   0x08004f28   0x00000028   Code   RO         4203    i.f_close           ff.o
    0x08004f50   0x08004f50   0x00000058   Code   RO         4210    i.f_mount           ff.o
    0x08004fa8   0x08004fa8   0x0000021c   Code   RO         4211    i.f_open            ff.o
    0x080051c4   0x080051c4   0x0000008e   Code   RO         4220    i.f_sync            ff.o
    0x08005252   0x08005252   0x000001b2   Code   RO         4223    i.f_write           ff.o
    0x08005404   0x08005404   0x00000288   Code   RO         4224    i.find_volume       ff.o
    0x0800568c   0x0800568c   0x0000007a   Code   RO         4225    i.follow_path       ff.o
    0x08005706   0x08005706   0x000000e8   Code   RO         4226    i.get_fat           ff.o
    0x080057ee   0x080057ee   0x00000004   Code   RO         4097    i.get_fattime       fatfs.o
    0x080057f2   0x080057f2   0x0000003c   Code   RO         4228    i.get_ldnumber      ff.o
    0x0800582e   0x0800582e   0x00000002   PAD
    0x08005830   0x08005830   0x00000080   Code   RO         4229    i.inc_lock          ff.o
    0x080058b0   0x080058b0   0x00000026   Code   RO         4230    i.ld_clust          ff.o
    0x080058d6   0x080058d6   0x00000016   Code   RO         4231    i.ld_dword          ff.o
    0x080058ec   0x080058ec   0x0000000a   Code   RO         4232    i.ld_word           ff.o
    0x080058f6   0x080058f6   0x00000002   PAD
    0x080058f8   0x080058f8   0x0000016c   Code   RO           22    i.main              main.o
    0x08005a64   0x08005a64   0x00000024   Code   RO           23    i.map               main.o
    0x08005a88   0x08005a88   0x00000012   Code   RO         4233    i.mem_cpy           ff.o
    0x08005a9a   0x08005a9a   0x00000002   PAD
    0x08005a9c   0x08005a9c   0x0000000e   Code   RO         4234    i.mem_set           ff.o
    0x08005aaa   0x08005aaa   0x00000032   Code   RO         4235    i.move_window       ff.o
    0x08005adc   0x08005adc   0x00000124   Code   RO         4236    i.put_fat           ff.o
    0x08005c00   0x08005c00   0x00000074   Code   RO         4239    i.remove_chain      ff.o
    0x08005c74   0x08005c74   0x00000028   Code   RO         4240    i.st_clust          ff.o
    0x08005c9c   0x08005c9c   0x00000010   Code   RO         4241    i.st_dword          ff.o
    0x08005cac   0x08005cac   0x00000008   Code   RO         4242    i.st_word           ff.o
    0x08005cb4   0x08005cb4   0x00000088   Code   RO         4243    i.sync_fs           ff.o
    0x08005d3c   0x08005d3c   0x00000052   Code   RO         4244    i.sync_window       ff.o
    0x08005d8e   0x08005d8e   0x00000002   PAD
    0x08005d90   0x08005d90   0x0000007c   Code   RO           26    i.torque_command    main.o
    0x08005e0c   0x08005e0c   0x00000038   Code   RO           27    i.torque_to_can     main.o
    0x08005e44   0x08005e44   0x00000034   Code   RO         4245    i.validate          ff.o
    0x08005e78   0x08005e78   0x00000018   Code   RO         4696    x$fpl$dcmpinf       fz_wm.l(dcmpi.o)
    0x08005e90   0x08005e90   0x000002b0   Code   RO         4641    x$fpl$ddiv          fz_wm.l(ddiv.o)
    0x08006140   0x08006140   0x0000005a   Code   RO         4644    x$fpl$dfixu         fz_wm.l(dfixu.o)
    0x0800619a   0x0800619a   0x00000026   Code   RO         4648    x$fpl$dfltu         fz_wm.l(dflt_clz.o)
    0x080061c0   0x080061c0   0x00000078   Code   RO         4670    x$fpl$dleqf         fz_wm.l(dleqf.o)
    0x08006238   0x08006238   0x00000154   Code   RO         4654    x$fpl$dmul          fz_wm.l(dmul.o)
    0x0800638c   0x0800638c   0x0000009c   Code   RO         4672    x$fpl$dnaninf       fz_wm.l(dnaninf.o)
    0x08006428   0x08006428   0x0000000c   Code   RO         4674    x$fpl$dretinf       fz_wm.l(dretinf.o)
    0x08006434   0x08006434   0x0000006c   Code   RO         4656    x$fpl$drleqf        fz_wm.l(drleqf.o)
    0x080064a0   0x080064a0   0x0000000a   Code   RO         4783    x$fpl$fpinit        fz_wm.l(fpinit.o)
    0x080064aa   0x080064aa   0x00000000   Code   RO         4676    x$fpl$usenofp       fz_wm.l(usenofp.o)
    0x080064aa   0x080064aa   0x00000008   Data   RO         1487    .constdata          stm32f4xx_hal_dma.o
    0x080064b2   0x080064b2   0x00000010   Data   RO         3879    .constdata          system_stm32f4xx.o
    0x080064c2   0x080064c2   0x00000002   PAD
    0x080064c4   0x080064c4   0x00000014   Data   RO         4042    .constdata          sd_diskio.o
    0x080064d8   0x080064d8   0x0000009c   Data   RO         4247    .constdata          ff.o
    0x08006574   0x08006574   0x00000020   Data   RO         4841    Region$$Table       anon$$obj.o


    Execution Region RW_IRAM2 (Exec base: 0x10000000, Load base: 0x08006628, Size: 0x00000000, Max: 0x00010000, ABSOLUTE)

    **** No section assigned to this execution region ****


    Execution Region RW_IRAM1 (Exec base: 0x20000000, Load base: 0x08006594, Size: 0x00002b20, Max: 0x00020000, ABSOLUTE)

    Exec Addr    Load Addr    Size         Type   Attr      Idx    E Section Name        Object

    0x20000000   0x08006594   0x00000074   Data   RW           32    .data               main.o
    0x20000074   0x08006608   0x0000000c   Data   RW         1914    .data               stm32f4xx_hal.o
    0x20000080   0x08006614   0x00000004   Data   RW         3881    .data               system_stm32f4xx.o
    0x20000084   0x08006618   0x00000001   Data   RW         4043    .data               sd_diskio.o
    0x20000085   0x08006619   0x00000005   Data   RW         4100    .data               fatfs.o
    0x2000008a   0x0800661e   0x00000002   PAD
    0x2000008c   0x08006620   0x00000008   Data   RW         4248    .data               ff.o
    0x20000094        -       0x000000ec   Zero   RW           28    .bss                main.o
    0x20000180        -       0x000000a8   Zero   RW          350    .bss                adc.o
    0x20000228        -       0x00000028   Zero   RW          392    .bss                can.o
    0x20000250        -       0x0000000c   Zero   RW          456    .bss                iwdg.o
    0x2000025c        -       0x00000144   Zero   RW          488    .bss                sdio.o
    0x200003a0        -       0x00000090   Zero   RW          532    .bss                tim.o
    0x20000430        -       0x00001034   Zero   RW         4098    .bss                fatfs.o
    0x20001464        -       0x00001030   Zero   RW         4099    .bss                fatfs.o
    0x20002494        -       0x00000020   Zero   RW         4246    .bss                ff.o
    0x200024b4        -       0x0000000c   Zero   RW         4525    .bss                ff_gen_drv.o
    0x200024c0        -       0x00000060   Zero   RW         4713    .bss                c_w.l(libspace.o)
    0x20002520        -       0x00000200   Zero   RW            2    HEAP                startup_stm32f407xx.o
    0x20002720        -       0x00000400   Zero   RW            1    STACK               startup_stm32f407xx.o


==============================================================================

Image component sizes


      Code (inc. data)   RO Data    RW Data    ZI Data      Debug   Object Name

       316         32          0          0        168       1975   adc.o
       192         26          0          0          0       7523   bsp_driver_sd.o
       172         22          0          0         40       1817   can.o
       148         22          0          0          0       3929   diskio.o
        60          4          0          0          0        850   dma.o
        32         10          0          5       8292       1648   fatfs.o
      4632         80        156          8         32      39277   ff.o
        70          6          0          0         12       1731   ff_gen_drv.o
       496         62          0          0          0       2329   gpio.o
        44          8          0          0         12        791   iwdg.o
      1966        228          0        116        236     747491   main.o
       224         14         20          1          0       4792   sd_diskio.o
       388         34          0          0        324       2007   sdio.o
        64         26        392          0       1536        876   startup_stm32f407xx.o
       180         28          0         12          0       9677   stm32f4xx_hal.o
      1200         66          0          0          0       7809   stm32f4xx_hal_adc.o
      1658          6          0          0          0      14927   stm32f4xx_hal_can.o
       198         14          0          0          0      34143   stm32f4xx_hal_cortex.o
       938         16          8          0          0       6726   stm32f4xx_hal_dma.o
       556         52          0          0          0       4315   stm32f4xx_hal_gpio.o
       102          0          0          0          0       1983   stm32f4xx_hal_iwdg.o
        52          4          0          0          0        934   stm32f4xx_hal_msp.o
      1280         48          0          0          0       4178   stm32f4xx_hal_rcc.o
      3132         42          0          0          0      16335   stm32f4xx_hal_sd.o
      2020        136          0          0          0      17666   stm32f4xx_hal_tim.o
       232         28          0          0          0       3437   stm32f4xx_hal_tim_ex.o
       110         36          0          0          0       9009   stm32f4xx_it.o
      1656         46          0          0          0      24007   stm32f4xx_ll_sdmmc.o
        16          4         16          4          0       1223   system_stm32f4xx.o
       440         36          0          0        144       3353   tim.o

    ----------------------------------------------------------------------
     22622       1136        626        148      10796     976758   Object Totals
         0          0         32          0          0          0   (incl. Generated)
        48          0          2          2          0          0   (incl. Padding)

    ----------------------------------------------------------------------

      Code (inc. data)   RO Data    RW Data    ZI Data      Debug   Library Member Name

         8          0          0          0          0         68   __main.o
       104          0          0          0          0         84   __printf.o
         0          0          0          0          0          0   __rtentry.o
        12          0          0          0          0          0   __rtentry2.o
         6          0          0          0          0          0   __rtentry4.o
        52          8          0          0          0          0   __scatter.o
        26          0          0          0          0          0   __scatter_copy.o
        28          0          0          0          0          0   __scatter_zi.o
        48          6          0          0          0         96   _printf_char_common.o
         6          0          0          0          0          0   _printf_d.o
       120         16          0          0          0         92   _printf_dec.o
       178          0          0          0          0         88   _printf_intcommon.o
         0          0          0          0          0          0   _printf_percent.o
         4          0          0          0          0          0   _printf_percent_end.o
        10          0          0          0          0         68   _sputc.o
        18          0          0          0          0         80   exit.o
         6          0          0          0          0        152   heapauxi.o
         0          0          0          0          0          0   indicate_semi.o
         2          0          0          0          0          0   libinit.o
         6          0          0          0          0          0   libinit2.o
         2          0          0          0          0          0   libshutdown.o
         2          0          0          0          0          0   libshutdown2.o
         8          4          0          0         96         68   libspace.o
       238          0          0          0          0        100   lludivv7m.o
        40          6          0          0          0         84   noretval__2sprintf.o
        78          0          0          0          0         80   rt_memclr_w.o
         2          0          0          0          0          0   rtexit.o
        10          0          0          0          0          0   rtexit2.o
        62          0          0          0          0         76   strlen.o
        12          4          0          0          0         68   sys_exit.o
        74          0          0          0          0         80   sys_stackheap_outer.o
         2          0          0          0          0         68   use_no_semi.o
        24          0          0          0          0        116   dcmpi.o
       688        140          0          0          0        256   ddiv.o
        90          4          0          0          0        140   dfixu.o
        38          0          0          0          0        116   dflt_clz.o
       120          4          0          0          0        140   dleqf.o
       340         12          0          0          0        152   dmul.o
       156          4          0          0          0        140   dnaninf.o
        12          0          0          0          0        116   dretinf.o
       108          0          0          0          0        128   drleqf.o
        10          0          0          0          0        116   fpinit.o
         0          0          0          0          0          0   usenofp.o

    ----------------------------------------------------------------------
      2756        208          0          0         96       2772   Library Totals
         6          0          0          0          0          0   (incl. Padding)

    ----------------------------------------------------------------------

      Code (inc. data)   RO Data    RW Data    ZI Data      Debug   Library Name

      1164         44          0          0         96       1352   c_w.l
      1586        164          0          0          0       1420   fz_wm.l

    ----------------------------------------------------------------------
      2756        208          0          0         96       2772   Library Totals

    ----------------------------------------------------------------------

==============================================================================


      Code (inc. data)   RO Data    RW Data    ZI Data      Debug   

     25378       1344        626        148      10892     955206   Grand Totals
     25378       1344        626        148      10892     955206   ELF Image Totals
     25378       1344        626        148          0          0   ROM Totals

==============================================================================

    Total RO  Size (Code + RO Data)                26004 (  25.39kB)
    Total RW  Size (RW Data + ZI Data)             11040 (  10.78kB)
    Total ROM Size (Code + RO Data + RW Data)      26152 (  25.54kB)

==============================================================================

